Archive member included to satisfy reference by file (symbol)

/opt/st/stm32cubeide_1.14.0/plugins/com.st.stm32cube.ide.mcu.externaltools.gnu-tools-for-stm32.11.3.rel1.linux64_1.1.100.202309141235/tools/bin/../lib/gcc/arm-none-eabi/11.3.1/../../../../arm-none-eabi/lib/thumb/v7-m/nofp/libstdc++_nano.a(del_ops.o)
                              ./Core/Src/UML_FSM.o (operator delete(void*, unsigned int))
/opt/st/stm32cubeide_1.14.0/plugins/com.st.stm32cube.ide.mcu.externaltools.gnu-tools-for-stm32.11.3.rel1.linux64_1.1.100.202309141235/tools/bin/../lib/gcc/arm-none-eabi/11.3.1/../../../../arm-none-eabi/lib/thumb/v7-m/nofp/libstdc++_nano.a(new_op.o)
                              ./Core/Src/UML_FSM.o (operator new(unsigned int))
/opt/st/stm32cubeide_1.14.0/plugins/com.st.stm32cube.ide.mcu.externaltools.gnu-tools-for-stm32.11.3.rel1.linux64_1.1.100.202309141235/tools/bin/../lib/gcc/arm-none-eabi/11.3.1/../../../../arm-none-eabi/lib/thumb/v7-m/nofp/libstdc++_nano.a(functexcept.o)
                              ./Core/Src/UML_FSM.o (std::__throw_bad_alloc())
/opt/st/stm32cubeide_1.14.0/plugins/com.st.stm32cube.ide.mcu.externaltools.gnu-tools-for-stm32.11.3.rel1.linux64_1.1.100.202309141235/tools/bin/../lib/gcc/arm-none-eabi/11.3.1/../../../../arm-none-eabi/lib/thumb/v7-m/nofp/libstdc++_nano.a(hashtable_c++0x.o)
                              ./Core/Src/UML_FSM.o (std::__detail::_Prime_rehash_policy::_M_need_rehash(unsigned int, unsigned int, unsigned int) const)
/opt/st/stm32cubeide_1.14.0/plugins/com.st.stm32cube.ide.mcu.externaltools.gnu-tools-for-stm32.11.3.rel1.linux64_1.1.100.202309141235/tools/bin/../lib/gcc/arm-none-eabi/11.3.1/../../../../arm-none-eabi/lib/thumb/v7-m/nofp/libstdc++_nano.a(snprintf_lite.o)
                              /opt/st/stm32cubeide_1.14.0/plugins/com.st.stm32cube.ide.mcu.externaltools.gnu-tools-for-stm32.11.3.rel1.linux64_1.1.100.202309141235/tools/bin/../lib/gcc/arm-none-eabi/11.3.1/../../../../arm-none-eabi/lib/thumb/v7-m/nofp/libstdc++_nano.a(functexcept.o) (__gnu_cxx::__snprintf_lite(char*, unsigned int, char const*, std::__va_list))
/opt/st/stm32cubeide_1.14.0/plugins/com.st.stm32cube.ide.mcu.externaltools.gnu-tools-for-stm32.11.3.rel1.linux64_1.1.100.202309141235/tools/bin/../lib/gcc/arm-none-eabi/11.3.1/../../../../arm-none-eabi/lib/thumb/v7-m/nofp/libstdc++_nano.a(del_op.o)
                              /opt/st/stm32cubeide_1.14.0/plugins/com.st.stm32cube.ide.mcu.externaltools.gnu-tools-for-stm32.11.3.rel1.linux64_1.1.100.202309141235/tools/bin/../lib/gcc/arm-none-eabi/11.3.1/../../../../arm-none-eabi/lib/thumb/v7-m/nofp/libstdc++_nano.a(del_ops.o) (operator delete(void*))
/opt/st/stm32cubeide_1.14.0/plugins/com.st.stm32cube.ide.mcu.externaltools.gnu-tools-for-stm32.11.3.rel1.linux64_1.1.100.202309141235/tools/bin/../lib/gcc/arm-none-eabi/11.3.1/../../../../arm-none-eabi/lib/thumb/v7-m/nofp/libstdc++_nano.a(new_handler.o)
                              /opt/st/stm32cubeide_1.14.0/plugins/com.st.stm32cube.ide.mcu.externaltools.gnu-tools-for-stm32.11.3.rel1.linux64_1.1.100.202309141235/tools/bin/../lib/gcc/arm-none-eabi/11.3.1/../../../../arm-none-eabi/lib/thumb/v7-m/nofp/libstdc++_nano.a(new_op.o) (std::get_new_handler())
/opt/st/stm32cubeide_1.14.0/plugins/com.st.stm32cube.ide.mcu.externaltools.gnu-tools-for-stm32.11.3.rel1.linux64_1.1.100.202309141235/tools/bin/../lib/gcc/arm-none-eabi/11.3.1/../../../../arm-none-eabi/lib/thumb/v7-m/nofp/libm.a(libm_a-s_floor.o)
                              /opt/st/stm32cubeide_1.14.0/plugins/com.st.stm32cube.ide.mcu.externaltools.gnu-tools-for-stm32.11.3.rel1.linux64_1.1.100.202309141235/tools/bin/../lib/gcc/arm-none-eabi/11.3.1/../../../../arm-none-eabi/lib/thumb/v7-m/nofp/libstdc++_nano.a(hashtable_c++0x.o) (floor)
/opt/st/stm32cubeide_1.14.0/plugins/com.st.stm32cube.ide.mcu.externaltools.gnu-tools-for-stm32.11.3.rel1.linux64_1.1.100.202309141235/tools/bin/../lib/gcc/arm-none-eabi/11.3.1/../../../../arm-none-eabi/lib/thumb/v7-m/nofp/libc_nano.a(libc_a-abort.o)
                              /opt/st/stm32cubeide_1.14.0/plugins/com.st.stm32cube.ide.mcu.externaltools.gnu-tools-for-stm32.11.3.rel1.linux64_1.1.100.202309141235/tools/bin/../lib/gcc/arm-none-eabi/11.3.1/../../../../arm-none-eabi/lib/thumb/v7-m/nofp/libstdc++_nano.a(new_op.o) (abort)
/opt/st/stm32cubeide_1.14.0/plugins/com.st.stm32cube.ide.mcu.externaltools.gnu-tools-for-stm32.11.3.rel1.linux64_1.1.100.202309141235/tools/bin/../lib/gcc/arm-none-eabi/11.3.1/../../../../arm-none-eabi/lib/thumb/v7-m/nofp/libc_nano.a(libc_a-exit.o)
                              /opt/st/stm32cubeide_1.14.0/plugins/com.st.stm32cube.ide.mcu.externaltools.gnu-tools-for-stm32.11.3.rel1.linux64_1.1.100.202309141235/tools/bin/../lib/gcc/arm-none-eabi/11.3.1/../../../../arm-none-eabi/lib/thumb/v7-m/nofp/crt0.o (exit)
[...]
Memory Configuration

Name             Origin             Length             Attributes
RAM              0x0000000020000000 0x0000000000005000 xrw
FLASH            0x0000000008000000 0x0000000000010000 xr
*default*        0x0000000000000000 0xffffffffffffffff

Linker script and memory map

LOAD /opt/st/stm32cubeide_1.14.0/plugins/com.st.stm32cube.ide.mcu.externaltools.gnu-tools-for-stm32.11.3.rel1.linux64_1.1.100.202309141235/tools/bin/../lib/gcc/arm-none-eabi/11.3.1/thumb/v7-m/nofp/crti.o
LOAD /opt/st/stm32cubeide_1.14.0/plugins/com.st.stm32cube.ide.mcu.externaltools.gnu-tools-for-stm32.11.3.rel1.linux64_1.1.100.202309141235/tools/bin/../lib/gcc/arm-none-eabi/11.3.1/thumb/v7-m/nofp/crtbegin.o
LOAD /opt/st/stm32cubeide_1.14.0/plugins/com.st.stm32cube.ide.mcu.externaltools.gnu-tools-for-stm32.11.3.rel1.linux64_1.1.100.202309141235/tools/bin/../lib/gcc/arm-none-eabi/11.3.1/../../../../arm-none-eabi/lib/thumb/v7-m/nofp/crt0.o
LOAD ./Core/Src/Queue_my.o
LOAD ./Core/Src/UML_FSM.o
LOAD ./Core/Src/freertos.o
LOAD ./Core/Src/main.o
LOAD ./Core/Src/stm32f1xx_hal_msp.o
LOAD ./Core/Src/stm32f1xx_hal_timebase_tim.o
LOAD ./Core/Src/stm32f1xx_it.o
LOAD ./Core/Src/syscalls.o
LOAD ./Core/Src/sysmem.o
LOAD ./Core/Src/system_stm32f1xx.o
LOAD ./Core/Startup/startup_stm32f103c8tx.o
LOAD ./Drivers/STM32F1xx_HAL_Driver/Src/stm32f1xx_hal.o
LOAD ./Drivers/STM32F1xx_HAL_Driver/Src/stm32f1xx_hal_cortex.o
LOAD ./Drivers/STM32F1xx_HAL_Driver/Src/stm32f1xx_hal_dma.o
LOAD ./Drivers/STM32F1xx_HAL_Driver/Src/stm32f1xx_hal_exti.o
LOAD ./Drivers/STM32F1xx_HAL_Driver/Src/stm32f1xx_hal_flash.o
LOAD ./Drivers/STM32F1xx_HAL_Driver/Src/stm32f1xx_hal_flash_ex.o
LOAD ./Drivers/STM32F1xx_HAL_Driver/Src/stm32f1xx_hal_gpio.o
LOAD ./Drivers/STM32F1xx_HAL_Driver/Src/stm32f1xx_hal_gpio_ex.o
LOAD ./Drivers/STM32F1xx_HAL_Driver/Src/stm32f1xx_hal_pwr.o
LOAD ./Drivers/STM32F1xx_HAL_Driver/Src/stm32f1xx_hal_rcc.o
LOAD ./Drivers/STM32F1xx_HAL_Driver/Src/stm32f1xx_hal_rcc_ex.o
LOAD ./Drivers/STM32F1xx_HAL_Driver/Src/stm32f1xx_hal_tim.o
LOAD ./Drivers/STM32F1xx_HAL_Driver/Src/stm32f1xx_hal_tim_ex.o
LOAD ./Middlewares/Third_Party/FreeRTOS/Source/CMSIS_RTOS_V2/cmsis_os2.o
LOAD ./Middlewares/Third_Party/FreeRTOS/Source/croutine.o
LOAD ./Middlewares/Third_Party/FreeRTOS/Source/event_groups.o
LOAD ./Middlewares/Third_Party/FreeRTOS/Source/list.o
LOAD ./Middlewares/Third_Party/FreeRTOS/Source/queue.o
LOAD ./Middlewares/Third_Party/FreeRTOS/Source/stream_buffer.o
LOAD ./Middlewares/Third_Party/FreeRTOS/Source/tasks.o
LOAD ./Middlewares/Third_Party/FreeRTOS/Source/timers.o
LOAD ./Middlewares/Third_Party/FreeRTOS/Source/portable/GCC/ARM_CM3/port.o
LOAD ./Middlewares/Third_Party/FreeRTOS/Source/portable/MemMang/heap_4.o
START GROUP
LOAD /opt/st/stm32cubeide_1.14.0/plugins/com.st.stm32cube.ide.mcu.externaltools.gnu-tools-for-stm32.11.3.rel1.linux64_1.1.100.202309141235/tools/bin/../lib/gcc/arm-none-eabi/11.3.1/../../../../arm-none-eabi/lib/thumb/v7-m/nofp/libstdc++_nano.a
LOAD /opt/st/stm32cubeide_1.14.0/plugins/com.st.stm32cube.ide.mcu.externaltools.gnu-tools-for-stm32.11.3.rel1.linux64_1.1.100.202309141235/tools/bin/../lib/gcc/arm-none-eabi/11.3.1/../../../../arm-none-eabi/lib/thumb/v7-m/nofp/libsupc++_nano.a
END GROUP
LOAD /opt/st/stm32cubeide_1.14.0/plugins/com.st.stm32cube.ide.mcu.externaltools.gnu-tools-for-stm32.11.3.rel1.linux64_1.1.100.202309141235/tools/bin/../lib/gcc/arm-none-eabi/11.3.1/../../../../arm-none-eabi/lib/thumb/v7-m/nofp/libstdc++_nano.a
LOAD /opt/st/stm32cubeide_1.14.0/plugins/com.st.stm32cube.ide.mcu.externaltools.gnu-tools-for-stm32.11.3.rel1.linux64_1.1.100.202309141235/tools/bin/../lib/gcc/arm-none-eabi/11.3.1/../../../../arm-none-eabi/lib/thumb/v7-m/nofp/libm.a
LOAD /opt/st/stm32cubeide_1.14.0/plugins/com.st.stm32cube.ide.mcu.externaltools.gnu-tools-for-stm32.11.3.rel1.linux64_1.1.100.202309141235/tools/bin/../lib/gcc/arm-none-eabi/11.3.1/../../../../arm-none-eabi/lib/thumb/v7-m/nofp/libc_nano.a
START GROUP
LOAD /opt/st/stm32cubeide_1.14.0/plugins/com.st.stm32cube.ide.mcu.externaltools.gnu-tools-for-stm32.11.3.rel1.linux64_1.1.100.202309141235/tools/bin/../lib/gcc/arm-none-eabi/11.3.1/thumb/v7-m/nofp/libgcc.a
LOAD /opt/st/stm32cubeide_1.14.0/plugins/com.st.stm32cube.ide.mcu.externaltools.gnu-tools-for-stm32.11.3.rel1.linux64_1.1.100.202309141235/tools/bin/../lib/gcc/arm-none-eabi/11.3.1/../../../../arm-none-eabi/lib/thumb/v7-m/nofp/libc_nano.a
END GROUP
START GROUP
LOAD /opt/st/stm32cubeide_1.14.0/plugins/com.st.stm32cube.ide.mcu.externaltools.gnu-tools-for-stm32.11.3.rel1.linux64_1.1.100.202309141235/tools/bin/../lib/gcc/arm-none-eabi/11.3.1/thumb/v7-m/nofp/libgcc.a
LOAD /opt/st/stm32cubeide_1.14.0/plugins/com.st.stm32cube.ide.mcu.externaltools.gnu-tools-for-stm32.11.3.rel1.linux64_1.1.100.202309141235/tools/bin/../lib/gcc/arm-none-eabi/11.3.1/../../../../arm-none-eabi/lib/thumb/v7-m/nofp/libc_nano.a
LOAD /opt/st/stm32cubeide_1.14.0/plugins/com.st.stm32cube.ide.mcu.externaltools.gnu-tools-for-stm32.11.3.rel1.linux64_1.1.100.202309141235/tools/bin/../lib/gcc/arm-none-eabi/11.3.1/../../../../arm-none-eabi/lib/thumb/v7-m/nofp/libnosys.a
END GROUP
START GROUP
LOAD /opt/st/stm32cubeide_1.14.0/plugins/com.st.stm32cube.ide.mcu.externaltools.gnu-tools-for-stm32.11.3.rel1.linux64_1.1.100.202309141235/tools/bin/../lib/gcc/arm-none-eabi/11.3.1/thumb/v7-m/nofp/libgcc.a
LOAD /opt/st/stm32cubeide_1.14.0/plugins/com.st.stm32cube.ide.mcu.externaltools.gnu-tools-for-stm32.11.3.rel1.linux64_1.1.100.202309141235/tools/bin/../lib/gcc/arm-none-eabi/11.3.1/../../../../arm-none-eabi/lib/thumb/v7-m/nofp/libc_nano.a
LOAD /opt/st/stm32cubeide_1.14.0/plugins/com.st.stm32cube.ide.mcu.externaltools.gnu-tools-for-stm32.11.3.rel1.linux64_1.1.100.202309141235/tools/bin/../lib/gcc/arm-none-eabi/11.3.1/../../../../arm-none-eabi/lib/thumb/v7-m/nofp/libnosys.a
END GROUP
LOAD /opt/st/stm32cubeide_1.14.0/plugins/com.st.stm32cube.ide.mcu.externaltools.gnu-tools-for-stm32.11.3.rel1.linux64_1.1.100.202309141235/tools/bin/../lib/gcc/arm-none-eabi/11.3.1/thumb/v7-m/nofp/crtend.o
LOAD /opt/st/stm32cubeide_1.14.0/plugins/com.st.stm32cube.ide.mcu.externaltools.gnu-tools-for-stm32.11.3.rel1.linux64_1.1.100.202309141235/tools/bin/../lib/gcc/arm-none-eabi/11.3.1/thumb/v7-m/nofp/crtn.o
                0x0000000020005000                _estack = (ORIGIN (RAM) + LENGTH (RAM))
                0x0000000000000200                _Min_Heap_Size = 0x200
                0x0000000000000400                _Min_Stack_Size = 0x400

.isr_vector     0x0000000008000000      0x10c
                0x0000000008000000                . = ALIGN (0x4)
 *(.isr_vector)
 .isr_vector    0x0000000008000000      0x10c ./Core/Startup/startup_stm32f103c8tx.o
                0x0000000008000000                g_pfnVectors
                0x000000000800010c                . = ALIGN (0x4)

.text           0x0000000008000110     0x7974
                0x0000000008000110                . = ALIGN (0x4)
 *(.text)
 .text          0x0000000008000110       0x40 /opt/st/stm32cubeide_1.14.0/plugins/com.st.stm32cube.ide.mcu.externaltools.gnu-tools-for-stm32.11.3.rel1.linux64_1.1.100.202309141235/tools/bin/../lib/gcc/arm-none-eabi/11.3.1/thumb/v7-m/nofp/crtbegin.o
 .text          0x0000000008000150       0x10 /opt/st/stm32cubeide_1.14.0/plugins/com.st.stm32cube.ide.mcu.externaltools.gnu-tools-for-stm32.11.3.rel1.linux64_1.1.100.202309141235/tools/bin/../lib/gcc/arm-none-eabi/11.3.1/../../../../arm-none-eabi/lib/thumb/v7-m/nofp/libc_nano.a(libc_a-strlen.o)
                0x0000000008000150                strlen
 .text          0x0000000008000160      0x378 /opt/st/stm32cubeide_1.14.0/plugins/com.st.stm32cube.ide.mcu.externaltools.gnu-tools-for-stm32.11.3.rel1.linux64_1.1.100.202309141235/tools/bin/../lib/gcc/arm-none-eabi/11.3.1/thumb/v7-m/nofp/libgcc.a(_arm_addsubdf3.o)
                0x0000000008000160                __aeabi_drsub
                0x0000000008000168                __aeabi_dsub
                0x0000000008000168                __subdf3
                0x000000000800016c                __adddf3
                0x000000000800016c                __aeabi_dadd
                0x00000000080003e4                __aeabi_ui2d
                0x00000000080003e4                __floatunsidf
                0x0000000008000404                __floatsidf
                0x0000000008000404                __aeabi_i2d
                0x0000000008000428                __extendsfdf2
                0x0000000008000428                __aeabi_f2d
                0x000000000800046c                __aeabi_ul2d
                0x000000000800046c                __floatundidf
                0x000000000800047c                __floatdidf
                0x000000000800047c                __aeabi_l2d
 .text          0x00000000080004d8      0x424 /opt/st/stm32cubeide_1.14.0/plugins/com.st.stm32cube.ide.mcu.externaltools.gnu-tools-for-stm32.11.3.rel1.linux64_1.1.100.202309141235/tools/bin/../lib/gcc/arm-none-eabi/11.3.1/thumb/v7-m/nofp/libgcc.a(_arm_muldivdf3.o)
                0x00000000080004d8                __aeabi_dmul
                0x00000000080004d8                __muldf3
                0x000000000800072c                __aeabi_ddiv
                0x000000000800072c                __divdf3
 .text          0x00000000080008fc      0x110 /opt/st/stm32cubeide_1.14.0/plugins/com.st.stm32cube.ide.mcu.externaltools.gnu-tools-for-stm32.11.3.rel1.linux64_1.1.100.202309141235/tools/bin/../lib/gcc/arm-none-eabi/11.3.1/thumb/v7-m/nofp/libgcc.a(_arm_cmpdf2.o)
                0x00000000080008fc                __gtdf2
                0x00000000080008fc                __gedf2
                0x0000000008000904                __ltdf2
                0x0000000008000904                __ledf2
                0x000000000800090c                __cmpdf2
                0x000000000800090c                __eqdf2
                0x000000000800090c                __nedf2
                0x0000000008000988                __aeabi_cdrcmple
                0x0000000008000998                __aeabi_cdcmple
                0x0000000008000998                __aeabi_cdcmpeq
                0x00000000080009a8                __aeabi_dcmpeq
                0x00000000080009bc                __aeabi_dcmplt
                0x00000000080009d0                __aeabi_dcmple
                0x00000000080009e4                __aeabi_dcmpge
                0x00000000080009f8                __aeabi_dcmpgt
 .text          0x0000000008000a0c       0x40 /opt/st/stm32cubeide_1.14.0/plugins/com.st.stm32cube.ide.mcu.externaltools.gnu-tools-for-stm32.11.3.rel1.linux64_1.1.100.202309141235/tools/bin/../lib/gcc/arm-none-eabi/11.3.1/thumb/v7-m/nofp/libgcc.a(_arm_fixunsdfsi.o)
                0x0000000008000a0c                __fixunsdfsi
                0x0000000008000a0c                __aeabi_d2uiz
 *(.text*)
 .text._ZSt17__size_to_integerj
                0x0000000008000a4c       0x14 ./Core/Src/UML_FSM.o
                0x0000000008000a4c                std::__size_to_integer(unsigned int)
 .text._ZnwjPv  0x0000000008000a60       0x16 ./Core/Src/UML_FSM.o
                0x0000000008000a60                operator new(unsigned int, void*)
 .text._ZSt16__deque_buf_sizej
                0x0000000008000a76       0x28 ./Core/Src/UML_FSM.o
                0x0000000008000a76                std::__deque_buf_size(unsigned int)
 .text._ZNKSt4hashIaEclEa
                0x0000000008000a9e       0x1a ./Core/Src/UML_FSM.o
                0x0000000008000a9e                std::hash<signed char>::operator()(signed char) const
 .text._ZNSt8__detail15_Hash_node_baseC2Ev
                0x0000000008000ab8       0x1a ./Core/Src/UML_FSM.o
                0x0000000008000ab8                std::__detail::_Hash_node_base::_Hash_node_base()
                0x0000000008000ab8                std::__detail::_Hash_node_base::_Hash_node_base()
 .text._ZNKSt8__detail18_Mod_range_hashingclEjj
                0x0000000008000ad2       0x26 ./Core/Src/UML_FSM.o
                0x0000000008000ad2                std::__detail::_Mod_range_hashing::operator()(unsigned int, unsigned int) const
 .text._ZNSt8__detail20_Prime_rehash_policyC2Ef
                0x0000000008000af8       0x22 ./Core/Src/UML_FSM.o
                0x0000000008000af8                std::__detail::_Prime_rehash_policy::_Prime_rehash_policy(float)
                0x0000000008000af8                std::__detail::_Prime_rehash_policy::_Prime_rehash_policy(float)
 .text._ZNKSt8__detail20_Prime_rehash_policy8_M_stateEv
                0x0000000008000b1a       0x16 ./Core/Src/UML_FSM.o
                0x0000000008000b1a                std::__detail::_Prime_rehash_policy::_M_state() const
 .text._ZNSt5queueIaSt5dequeIaSaIaEEED2Ev
                0x0000000008000b30       0x1a ./Core/Src/UML_FSM.o
                0x0000000008000b30                std::queue<signed char, std::deque<signed char, std::allocator<signed char> > >::~queue()
                0x0000000008000b30                std::queue<signed char, std::deque<signed char, std::allocator<signed char> > >::~queue()
 .text._ZN15TransitionTableC2Ev
                0x0000000008000b4a       0x3e ./Core/Src/UML_FSM.o
                0x0000000008000b4a                TransitionTable::TransitionTable()
                0x0000000008000b4a                TransitionTable::TransitionTable()
 .text._ZNSt8__detail15_Hash_code_baseIaSt4pairIKaP9BaseStateENS_10_Select1stESt4hashIaENS_18_Mod_range_hashingENS_20_Default_ranged_hashELb0EEC2Ev
                0x0000000008000b88       0x18 ./Core/Src/UML_FSM.o
                0x0000000008000b88                std::__detail::_Hash_code_base<signed char, std::pair<signed char const, BaseState*>, std::__detail::_Select1st, std::hash<signed char>, std::__detail::_Mod_range_hashing, std::__detail::_Default_ranged_hash, false>::_Hash_code_base()
                0x0000000008000b88                std::__detail::_Hash_code_base<signed char, std::pair<signed char const, BaseState*>, std::__detail::_Select1st, std::hash<signed char>, std::__detail::_Mod_range_hashing, std::__detail::_Default_ranged_hash, false>::_Hash_code_base()
 .text._ZNSt8__detail15_Hashtable_baseIaSt4pairIKaP9BaseStateENS_10_Select1stESt8equal_toIaESt4hashIaENS_18_Mod_range_hashingENS_20_Default_ranged_hashENS_17_Hashtable_traitsILb0ELb0ELb1EEEEC2Ev
                0x0000000008000ba0       0x1e ./Core/Src/UML_FSM.o
                0x0000000008000ba0                std::__detail::_Hashtable_base<signed char, std::pair<signed char const, BaseState*>, std::__detail::_Select1st, std::equal_to<signed char>, std::hash<signed char>, std::__detail::_Mod_range_hashing, std::__detail::_Default_ranged_hash, std::__detail::_Hashtable_traits<false, false, true> >::_Hashtable_base()
                0x0000000008000ba0                std::__detail::_Hashtable_base<signed char, std::pair<signed char const, BaseState*>, std::__detail::_Select1st, std::equal_to<signed char>, std::hash<signed char>, std::__detail::_Mod_range_hashing, std::__detail::_Default_ranged_hash, std::__detail::_Hashtable_traits<false, false, true> >::_Hashtable_base()
 .text._ZNSt8__detail21_Hashtable_ebo_helperILi0ESaINS_10_Hash_nodeISt4pairIKaP9BaseStateELb0EEEELb1EED2Ev
                0x0000000008000bbe       0x18 ./Core/Src/UML_FSM.o
                0x0000000008000bbe                std::__detail::_Hashtable_ebo_helper<0, std::allocator<std::__detail::_Hash_node<std::pair<signed char const, BaseState*>, false> >, true>::~_Hashtable_ebo_helper()
                0x0000000008000bbe                std::__detail::_Hashtable_ebo_helper<0, std::allocator<std::__detail::_Hash_node<std::pair<signed char const, BaseState*>, false> >, true>::~_Hashtable_ebo_helper()
 .text._ZNSt8__detail16_Hashtable_allocISaINS_10_Hash_nodeISt4pairIKaP9BaseStateELb0EEEEEC2Ev
                0x0000000008000bd6       0x18 ./Core/Src/UML_FSM.o
                0x0000000008000bd6                std::__detail::_Hashtable_alloc<std::allocator<std::__detail::_Hash_node<std::pair<signed char const, BaseState*>, false> > >::_Hashtable_alloc()
                0x0000000008000bd6                std::__detail::_Hashtable_alloc<std::allocator<std::__detail::_Hash_node<std::pair<signed char const, BaseState*>, false> > >::_Hashtable_alloc()
 .text._ZNSt8__detail16_Hashtable_allocISaINS_10_Hash_nodeISt4pairIKaP9BaseStateELb0EEEEED2Ev
                0x0000000008000bee       0x18 ./Core/Src/UML_FSM.o
                0x0000000008000bee                std::__detail::_Hashtable_alloc<std::allocator<std::__detail::_Hash_node<std::pair<signed char const, BaseState*>, false> > >::~_Hashtable_alloc()
                0x0000000008000bee                std::__detail::_Hashtable_alloc<std::allocator<std::__detail::_Hash_node<std::pair<signed char const, BaseState*>, false> > >::~_Hashtable_alloc()
 .text._ZNSt10_HashtableIaSt4pairIKaP9BaseStateESaIS4_ENSt8__detail10_Select1stESt8equal_toIaESt4hashIaENS6_18_Mod_range_hashingENS6_20_Default_ranged_hashENS6_20_Prime_rehash_policyENS6_17_Hashtable_traitsILb0ELb0ELb1EEEEC2Ev
                0x0000000008000c06       0x52 ./Core/Src/UML_FSM.o
                0x0000000008000c06                std::_Hashtable<signed char, std::pair<signed char const, BaseState*>, std::allocator<std::pair<signed char const, BaseState*> >, std::__detail::_Select1st, std::equal_to<signed char>, std::hash<signed char>, std::__detail::_Mod_range_hashing, std::__detail::_Default_ranged_hash, std::__detail::_Prime_rehash_policy, std::__detail::_Hashtable_traits<false, false, true> >::_Hashtable()
                0x0000000008000c06                std::_Hashtable<signed char, std::pair<signed char const, BaseState*>, std::allocator<std::pair<signed char const, BaseState*> >, std::__detail::_Select1st, std::equal_to<signed char>, std::hash<signed char>, std::__detail::_Mod_range_hashing, std::__detail::_Default_ranged_hash, std::__detail::_Prime_rehash_policy, std::__detail::_Hashtable_traits<false, false, true> >::_Hashtable()
 .text._ZNSt13unordered_mapIaP9BaseStateSt4hashIaESt8equal_toIaESaISt4pairIKaS1_EEEC2Ev
                0x0000000008000c58       0x1a ./Core/Src/UML_FSM.o
                0x0000000008000c58                std::unordered_map<signed char, BaseState*, std::hash<signed char>, std::equal_to<signed char>, std::allocator<std::pair<signed char const, BaseState*> > >::unordered_map()
                0x0000000008000c58                std::unordered_map<signed char, BaseState*, std::hash<signed char>, std::equal_to<signed char>, std::allocator<std::pair<signed char const, BaseState*> > >::unordered_map()
 .text._ZNSt13unordered_mapIaP9BaseStateSt4hashIaESt8equal_toIaESaISt4pairIKaS1_EEED2Ev
                0x0000000008000c72       0x1a ./Core/Src/UML_FSM.o
                0x0000000008000c72                std::unordered_map<signed char, BaseState*, std::hash<signed char>, std::equal_to<signed char>, std::allocator<std::pair<signed char const, BaseState*> > >::~unordered_map()
                0x0000000008000c72                std::unordered_map<signed char, BaseState*, std::hash<signed char>, std::equal_to<signed char>, std::allocator<std::pair<signed char const, BaseState*> > >::~unordered_map()
 .text._ZN15TransitionTableD2Ev
                0x0000000008000c8c       0x1c ./Core/Src/UML_FSM.o
                0x0000000008000c8c                TransitionTable::~TransitionTable()
                0x0000000008000c8c                TransitionTable::~TransitionTable()
 .text._ZNSt5queueIaSt5dequeIaSaIaEEEaSEOS3_
                0x0000000008000ca8       0x20 ./Core/Src/UML_FSM.o
                0x0000000008000ca8                std::queue<signed char, std::deque<signed char, std::allocator<signed char> > >::operator=(std::queue<signed char, std::deque<signed char, std::allocator<signed char> > >&&)
 .text._ZN15TransitionTableaSEOS_
                0x0000000008000cc8       0x72 ./Core/Src/UML_FSM.o
                0x0000000008000cc8                TransitionTable::operator=(TransitionTable&&)
 .text._ZN18FiniteStateMachineC2Ev
                0x0000000008000d3a       0x5c ./Core/Src/UML_FSM.o
                0x0000000008000d3a                FiniteStateMachine::FiniteStateMachine()
                0x0000000008000d3a                FiniteStateMachine::FiniteStateMachine()
 .text._ZN18FiniteStateMachineD2Ev
                0x0000000008000d96       0x26 ./Core/Src/UML_FSM.o
                0x0000000008000d96                FiniteStateMachine::~FiniteStateMachine()
                0x0000000008000d96                FiniteStateMachine::~FiniteStateMachine()
 .text._ZN9BaseStateC2EaaP18FiniteStateMachinePFvvE
                0x0000000008000dbc       0x5c ./Core/Src/UML_FSM.o
                0x0000000008000dbc                BaseState::BaseState(signed char, signed char, FiniteStateMachine*, void (*)())
                0x0000000008000dbc                BaseState::BaseState(signed char, signed char, FiniteStateMachine*, void (*)())
 .text._ZN9BaseState4nextEv
                0x0000000008000e18       0x12 ./Core/Src/UML_FSM.o
                0x0000000008000e18                BaseState::next()
 *fill*         0x0000000008000e2a        0x2 
 .text._ZN14StandardStatesC2EaaP18FiniteStateMachinePFvvE
                0x0000000008000e2c       0x50 ./Core/Src/UML_FSM.o
                0x0000000008000e2c                StandardStates::StandardStates(signed char, signed char, FiniteStateMachine*, void (*)())
                0x0000000008000e2c                StandardStates::StandardStates(signed char, signed char, FiniteStateMachine*, void (*)())
 .text._ZN14StandardStates3endEv
                0x0000000008000e7c       0x20 ./Core/Src/UML_FSM.o
                0x0000000008000e7c                StandardStates::end()
 .text._ZN14StandardStates4nextEv
                0x0000000008000e9c       0x16 ./Core/Src/UML_FSM.o
                0x0000000008000e9c                StandardStates::next()
 .text._ZN18FiniteStateMachine19createStateStandartEaaPFvvE
                0x0000000008000eb2       0x32 ./Core/Src/UML_FSM.o
                0x0000000008000eb2                FiniteStateMachine::createStateStandart(signed char, signed char, void (*)())
 .text._ZN18FiniteStateMachine13setStartStateEa
                0x0000000008000ee4       0x1e ./Core/Src/UML_FSM.o
                0x0000000008000ee4                FiniteStateMachine::setStartState(signed char)
 .text._ZN18FiniteStateMachine12stateMachineEv
                0x0000000008000f02       0x48 ./Core/Src/UML_FSM.o
                0x0000000008000f02                FiniteStateMachine::stateMachine()
 .text._ZN18FiniteStateMachine4nextEv
                0x0000000008000f4a       0x20 ./Core/Src/UML_FSM.o
                0x0000000008000f4a                FiniteStateMachine::next()
 .text._ZSt3maxIjERKT_S2_S2_
                0x0000000008000f6a       0x26 ./Core/Src/UML_FSM.o
                0x0000000008000f6a                unsigned int const& std::max<unsigned int>(unsigned int const&, unsigned int const&)
 .text._ZNSt5dequeIaSaIaEEC2Ev
                0x0000000008000f90       0x1a ./Core/Src/UML_FSM.o
                0x0000000008000f90                std::deque<signed char, std::allocator<signed char> >::deque()
                0x0000000008000f90                std::deque<signed char, std::allocator<signed char> >::deque()
 .text._ZNSt5queueIaSt5dequeIaSaIaEEEC2IS2_vEEv
                0x0000000008000faa       0x28 ./Core/Src/UML_FSM.o
                0x0000000008000faa                std::queue<signed char, std::deque<signed char, std::allocator<signed char> > >::queue<std::deque<signed char, std::allocator<signed char> >, void>()
                0x0000000008000faa                std::queue<signed char, std::deque<signed char, std::allocator<signed char> > >::queue<std::deque<signed char, std::allocator<signed char> >, void>()
 .text._ZNSt5dequeIaSaIaEED2Ev
                0x0000000008000fd2       0x4a ./Core/Src/UML_FSM.o
                0x0000000008000fd2                std::deque<signed char, std::allocator<signed char> >::~deque()
                0x0000000008000fd2                std::deque<signed char, std::allocator<signed char> >::~deque()
 .text._ZNSt5arrayIPFvvELj10EE4fillERKS1_
                0x000000000800101c       0x2c ./Core/Src/UML_FSM.o
                0x000000000800101c                std::array<void (*)(), 10u>::fill(void (* const&)())
 .text._ZNSt8__detail21_Hashtable_ebo_helperILi1ESt4hashIaELb1EEC2Ev
                0x0000000008001048       0x14 ./Core/Src/UML_FSM.o
                0x0000000008001048                std::__detail::_Hashtable_ebo_helper<1, std::hash<signed char>, true>::_Hashtable_ebo_helper()
                0x0000000008001048                std::__detail::_Hashtable_ebo_helper<1, std::hash<signed char>, true>::_Hashtable_ebo_helper()
 .text._ZNSt8__detail21_Hashtable_ebo_helperILi0ESt8equal_toIaELb1EEC2Ev
                0x000000000800105c       0x14 ./Core/Src/UML_FSM.o
                0x000000000800105c                std::__detail::_Hashtable_ebo_helper<0, std::equal_to<signed char>, true>::_Hashtable_ebo_helper()
                0x000000000800105c                std::__detail::_Hashtable_ebo_helper<0, std::equal_to<signed char>, true>::_Hashtable_ebo_helper()
 .text._ZNSt8__detail21_Hashtable_ebo_helperILi0ESaINS_10_Hash_nodeISt4pairIKaP9BaseStateELb0EEEELb1EEC2Ev
                0x0000000008001070       0x18 ./Core/Src/UML_FSM.o
                0x0000000008001070                std::__detail::_Hashtable_ebo_helper<0, std::allocator<std::__detail::_Hash_node<std::pair<signed char const, BaseState*>, false> >, true>::_Hashtable_ebo_helper()
                0x0000000008001070                std::__detail::_Hashtable_ebo_helper<0, std::allocator<std::__detail::_Hash_node<std::pair<signed char const, BaseState*>, false> >, true>::_Hashtable_ebo_helper()
 .text._ZNSaINSt8__detail10_Hash_nodeISt4pairIKaP9BaseStateELb0EEEED2Ev
                0x0000000008001088       0x18 ./Core/Src/UML_FSM.o
                0x0000000008001088                std::allocator<std::__detail::_Hash_node<std::pair<signed char const, BaseState*>, false> >::~allocator()
                0x0000000008001088                std::allocator<std::__detail::_Hash_node<std::pair<signed char const, BaseState*>, false> >::~allocator()
 .text._ZNSt10_HashtableIaSt4pairIKaP9BaseStateESaIS4_ENSt8__detail10_Select1stESt8equal_toIaESt4hashIaENS6_18_Mod_range_hashingENS6_20_Default_ranged_hashENS6_20_Prime_rehash_policyENS6_17_Hashtable_traitsILb0ELb0ELb1EEEED2Ev
                0x00000000080010a0       0x24 ./Core/Src/UML_FSM.o
                0x00000000080010a0                std::_Hashtable<signed char, std::pair<signed char const, BaseState*>, std::allocator<std::pair<signed char const, BaseState*> >, std::__detail::_Select1st, std::equal_to<signed char>, std::hash<signed char>, std::__detail::_Mod_range_hashing, std::__detail::_Default_ranged_hash, std::__detail::_Prime_rehash_policy, std::__detail::_Hashtable_traits<false, false, true> >::~_Hashtable()
                0x00000000080010a0                std::_Hashtable<signed char, std::pair<signed char const, BaseState*>, std::allocator<std::pair<signed char const, BaseState*> >, std::__detail::_Select1st, std::equal_to<signed char>, std::hash<signed char>, std::__detail::_Mod_range_hashing, std::__detail::_Default_ranged_hash, std::__detail::_Prime_rehash_policy, std::__detail::_Hashtable_traits<false, false, true> >::~_Hashtable()
 .text._ZNSt5dequeIaSaIaEEaSEOS1_
                0x00000000080010c4       0x26 ./Core/Src/UML_FSM.o
                0x00000000080010c4                std::deque<signed char, std::allocator<signed char> >::operator=(std::deque<signed char, std::allocator<signed char> >&&)
 .text._ZNSt13unordered_mapIaP9BaseStateSt4hashIaESt8equal_toIaESaISt4pairIKaS1_EEE7emplaceIJRaS1_EEES6_INSt8__detail14_Node_iteratorIS8_Lb0ELb0EEEbEDpOT_
                0x00000000080010ea       0x34 ./Core/Src/UML_FSM.o
                0x00000000080010ea                std::pair<std::__detail::_Node_iterator<std::pair<signed char const, BaseState*>, false, false>, bool> std::unordered_map<signed char, BaseState*, std::hash<signed char>, std::equal_to<signed char>, std::allocator<std::pair<signed char const, BaseState*> > >::emplace<signed char&, BaseState*>(signed char&, BaseState*&&)
 *fill*         0x000000000800111e        0x2 
 .text._ZNSt5arrayIPFvvELj10EE2atEj
                0x0000000008001120       0x34 ./Core/Src/UML_FSM.o
                0x0000000008001120                std::array<void (*)(), 10u>::at(unsigned int)
 .text._ZNSt13unordered_mapIaP9BaseStateSt4hashIaESt8equal_toIaESaISt4pairIKaS1_EEEixERS7_
                0x0000000008001154       0x1e ./Core/Src/UML_FSM.o
                0x0000000008001154                std::unordered_map<signed char, BaseState*, std::hash<signed char>, std::equal_to<signed char>, std::allocator<std::pair<signed char const, BaseState*> > >::operator[](signed char const&)
 .text._ZNSt5arrayIPFvvELj10EEixEj
                0x0000000008001172       0x1e ./Core/Src/UML_FSM.o
                0x0000000008001172                std::array<void (*)(), 10u>::operator[](unsigned int)
 .text._ZSt7forwardIbEOT_RNSt16remove_referenceIS0_E4typeE
                0x0000000008001190       0x14 ./Core/Src/UML_FSM.o
                0x0000000008001190                bool&& std::forward<bool>(std::remove_reference<bool>::type&)
 .text._ZNSt11_Deque_baseIaSaIaEE11_Deque_implD2Ev
                0x00000000080011a4       0x18 ./Core/Src/UML_FSM.o
                0x00000000080011a4                std::_Deque_base<signed char, std::allocator<signed char> >::_Deque_impl::~_Deque_impl()
                0x00000000080011a4                std::_Deque_base<signed char, std::allocator<signed char> >::_Deque_impl::~_Deque_impl()
 .text._ZNSt11_Deque_baseIaSaIaEEC2Ev
                0x00000000080011bc       0x22 ./Core/Src/UML_FSM.o
                0x00000000080011bc                std::_Deque_base<signed char, std::allocator<signed char> >::_Deque_base()
                0x00000000080011bc                std::_Deque_base<signed char, std::allocator<signed char> >::_Deque_base()
 .text._ZNSt11_Deque_baseIaSaIaEED2Ev
                0x00000000080011de       0x44 ./Core/Src/UML_FSM.o
                0x00000000080011de                std::_Deque_base<signed char, std::allocator<signed char> >::~_Deque_base()
                0x00000000080011de                std::_Deque_base<signed char, std::allocator<signed char> >::~_Deque_base()
 .text._ZNSt5dequeIaSaIaEE5beginEv
                0x0000000008001222       0x1e ./Core/Src/UML_FSM.o
                0x0000000008001222                std::deque<signed char, std::allocator<signed char> >::begin()
 .text._ZNSt5dequeIaSaIaEE3endEv
                0x0000000008001240       0x1e ./Core/Src/UML_FSM.o
                0x0000000008001240                std::deque<signed char, std::allocator<signed char> >::end()
 .text._ZNSt11_Deque_baseIaSaIaEE19_M_get_Tp_allocatorEv
                0x000000000800125e       0x14 ./Core/Src/UML_FSM.o
                0x000000000800125e                std::_Deque_base<signed char, std::allocator<signed char> >::_M_get_Tp_allocator()
 .text._ZNSt15_Deque_iteratorIaRaPaEC2ERKS2_
                0x0000000008001272       0x36 ./Core/Src/UML_FSM.o
                0x0000000008001272                std::_Deque_iterator<signed char, signed char&, signed char*>::_Deque_iterator(std::_Deque_iterator<signed char, signed char&, signed char*> const&)
                0x0000000008001272                std::_Deque_iterator<signed char, signed char&, signed char*>::_Deque_iterator(std::_Deque_iterator<signed char, signed char&, signed char*> const&)
 .text._ZNSt5dequeIaSaIaEE15_M_destroy_dataESt15_Deque_iteratorIaRaPaES5_RKS0_
                0x00000000080012a8       0x18 ./Core/Src/UML_FSM.o
                0x00000000080012a8                std::deque<signed char, std::allocator<signed char> >::_M_destroy_data(std::_Deque_iterator<signed char, signed char&, signed char*>, std::_Deque_iterator<signed char, signed char&, signed char*>, std::allocator<signed char> const&)
 .text._ZNSt5arrayIPFvvELj10EE5beginEv
                0x00000000080012c0       0x18 ./Core/Src/UML_FSM.o
                0x00000000080012c0                std::array<void (*)(), 10u>::begin()
 .text._ZNKSt5arrayIPFvvELj10EE4sizeEv
                0x00000000080012d8       0x14 ./Core/Src/UML_FSM.o
                0x00000000080012d8                std::array<void (*)(), 10u>::size() const
 .text._ZSt6fill_nIPPFvvEjS1_ET_S3_T0_RKT1_
                0x00000000080012ec       0x36 ./Core/Src/UML_FSM.o
                0x00000000080012ec                void (**std::fill_n<void (**)(), unsigned int, void (*)()>(void (**)(), unsigned int, void (* const&)()))()
 .text._ZNSaINSt8__detail10_Hash_nodeISt4pairIKaP9BaseStateELb0EEEEC2Ev
                0x0000000008001322       0x18 ./Core/Src/UML_FSM.o
                0x0000000008001322                std::allocator<std::__detail::_Hash_node<std::pair<signed char const, BaseState*>, false> >::allocator()
                0x0000000008001322                std::allocator<std::__detail::_Hash_node<std::pair<signed char const, BaseState*>, false> >::allocator()
 .text._ZN9__gnu_cxx13new_allocatorINSt8__detail10_Hash_nodeISt4pairIKaP9BaseStateELb0EEEED2Ev
                0x000000000800133a       0x14 ./Core/Src/UML_FSM.o
                0x000000000800133a                __gnu_cxx::new_allocator<std::__detail::_Hash_node<std::pair<signed char const, BaseState*>, false> >::~new_allocator()
                0x000000000800133a                __gnu_cxx::new_allocator<std::__detail::_Hash_node<std::pair<signed char const, BaseState*>, false> >::~new_allocator()
 .text._ZNSt10_HashtableIaSt4pairIKaP9BaseStateESaIS4_ENSt8__detail10_Select1stESt8equal_toIaESt4hashIaENS6_18_Mod_range_hashingENS6_20_Default_ranged_hashENS6_20_Prime_rehash_policyENS6_17_Hashtable_traitsILb0ELb0ELb1EEEE5clearEv
                0x000000000800134e       0x40 ./Core/Src/UML_FSM.o
                0x000000000800134e                std::_Hashtable<signed char, std::pair<signed char const, BaseState*>, std::allocator<std::pair<signed char const, BaseState*> >, std::__detail::_Select1st, std::equal_to<signed char>, std::hash<signed char>, std::__detail::_Mod_range_hashing, std::__detail::_Default_ranged_hash, std::__detail::_Prime_rehash_policy, std::__detail::_Hashtable_traits<false, false, true> >::clear()
 .text._ZNSt10_HashtableIaSt4pairIKaP9BaseStateESaIS4_ENSt8__detail10_Select1stESt8equal_toIaESt4hashIaENS6_18_Mod_range_hashingENS6_20_Default_ranged_hashENS6_20_Prime_rehash_policyENS6_17_Hashtable_traitsILb0ELb0ELb1EEEE21_M_deallocate_bucketsEv
                0x000000000800138e       0x20 ./Core/Src/UML_FSM.o
                0x000000000800138e                std::_Hashtable<signed char, std::pair<signed char const, BaseState*>, std::allocator<std::pair<signed char const, BaseState*> >, std::__detail::_Select1st, std::equal_to<signed char>, std::hash<signed char>, std::__detail::_Mod_range_hashing, std::__detail::_Default_ranged_hash, std::__detail::_Prime_rehash_policy, std::__detail::_Hashtable_traits<false, false, true> >::_M_deallocate_buckets()
 .text._ZSt4moveIRSt5dequeIaSaIaEEEONSt16remove_referenceIT_E4typeEOS5_
                0x00000000080013ae       0x14 ./Core/Src/UML_FSM.o
                0x00000000080013ae                std::remove_reference<std::deque<signed char, std::allocator<signed char> >&>::type&& std::move<std::deque<signed char, std::allocator<signed char> >&>(std::deque<signed char, std::allocator<signed char> >&)
 .text._ZNSt5dequeIaSaIaEE15_M_move_assign1EOS1_St17integral_constantIbLb1EE
                0x00000000080013c2       0x42 ./Core/Src/UML_FSM.o
                0x00000000080013c2                std::deque<signed char, std::allocator<signed char> >::_M_move_assign1(std::deque<signed char, std::allocator<signed char> >&&, std::integral_constant<bool, true>)
 .text._ZSt7forwardIRaEOT_RNSt16remove_referenceIS1_E4typeE
                0x0000000008001404       0x14 ./Core/Src/UML_FSM.o
                0x0000000008001404                signed char& std::forward<signed char&>(std::remove_reference<signed char&>::type&)
 .text._ZSt7forwardIP9BaseStateEOT_RNSt16remove_referenceIS2_E4typeE
                0x0000000008001418       0x14 ./Core/Src/UML_FSM.o
                0x0000000008001418                BaseState*&& std::forward<BaseState*>(std::remove_reference<BaseState*>::type&)
 .text._ZNSt10_HashtableIaSt4pairIKaP9BaseStateESaIS4_ENSt8__detail10_Select1stESt8equal_toIaESt4hashIaENS6_18_Mod_range_hashingENS6_20_Default_ranged_hashENS6_20_Prime_rehash_policyENS6_17_Hashtable_traitsILb0ELb0ELb1EEEE7emplaceIJRaS3_EEES0_INS6_14_Node_iteratorIS4_Lb0ELb0EEEbEDpOT_
                0x000000000800142c       0x36 ./Core/Src/UML_FSM.o
                0x000000000800142c                std::pair<std::__detail::_Node_iterator<std::pair<signed char const, BaseState*>, false, false>, bool> std::_Hashtable<signed char, std::pair<signed char const, BaseState*>, std::allocator<std::pair<signed char const, BaseState*> >, std::__detail::_Select1st, std::equal_to<signed char>, std::hash<signed char>, std::__detail::_Mod_range_hashing, std::__detail::_Default_ranged_hash, std::__detail::_Prime_rehash_policy, std::__detail::_Hashtable_traits<false, false, true> >::emplace<signed char&, BaseState*>(signed char&, BaseState*&&)
 .text._ZNSt14__array_traitsIPFvvELj10EE6_S_refERA10_KS1_j
                0x0000000008001462       0x1c ./Core/Src/UML_FSM.o
                0x0000000008001462                std::__array_traits<void (*)(), 10u>::_S_ref(void (* const (&) [10])(), unsigned int)
 *fill*         0x000000000800147e        0x2 
 .text._ZNSt8__detail9_Map_baseIaSt4pairIKaP9BaseStateESaIS5_ENS_10_Select1stESt8equal_toIaESt4hashIaENS_18_Mod_range_hashingENS_20_Default_ranged_hashENS_20_Prime_rehash_policyENS_17_Hashtable_traitsILb0ELb0ELb1EEELb1EEixERS2_
                0x0000000008001480       0xac ./Core/Src/UML_FSM.o
                0x0000000008001480                std::__detail::_Map_base<signed char, std::pair<signed char const, BaseState*>, std::allocator<std::pair<signed char const, BaseState*> >, std::__detail::_Select1st, std::equal_to<signed char>, std::hash<signed char>, std::__detail::_Mod_range_hashing, std::__detail::_Default_ranged_hash, std::__detail::_Prime_rehash_policy, std::__detail::_Hashtable_traits<false, false, true>, true>::operator[](signed char const&)
 .text._ZNSt11_Deque_baseIaSaIaEE11_Deque_implC2Ev
                0x000000000800152c       0x20 ./Core/Src/UML_FSM.o
                0x000000000800152c                std::_Deque_base<signed char, std::allocator<signed char> >::_Deque_impl::_Deque_impl()
                0x000000000800152c                std::_Deque_base<signed char, std::allocator<signed char> >::_Deque_impl::_Deque_impl()
 .text._ZNSaIaED2Ev
                0x000000000800154c       0x18 ./Core/Src/UML_FSM.o
                0x000000000800154c                std::allocator<signed char>::~allocator()
                0x000000000800154c                std::allocator<signed char>::~allocator()
 .text._ZNSt11_Deque_baseIaSaIaEE17_M_initialize_mapEj
                0x0000000008001564       0xc4 ./Core/Src/UML_FSM.o
                0x0000000008001564                std::_Deque_base<signed char, std::allocator<signed char> >::_M_initialize_map(unsigned int)
 .text._ZNSt11_Deque_baseIaSaIaEE16_M_destroy_nodesEPPaS3_
                0x0000000008001628       0x36 ./Core/Src/UML_FSM.o
                0x0000000008001628                std::_Deque_base<signed char, std::allocator<signed char> >::_M_destroy_nodes(signed char**, signed char**)
 .text._ZNSt11_Deque_baseIaSaIaEE17_M_deallocate_mapEPPaj
                0x000000000800165e       0x36 ./Core/Src/UML_FSM.o
                0x000000000800165e                std::_Deque_base<signed char, std::allocator<signed char> >::_M_deallocate_map(signed char**, unsigned int)
 .text._ZNSt5arrayIPFvvELj10EE4dataEv
                0x0000000008001694       0x1a ./Core/Src/UML_FSM.o
                0x0000000008001694                std::array<void (*)(), 10u>::data()
 .text._ZSt19__iterator_categoryIPPFvvEENSt15iterator_traitsIT_E17iterator_categoryERKS4_
                0x00000000080016ae       0x14 ./Core/Src/UML_FSM.o
                0x00000000080016ae                std::iterator_traits<void (**)()>::iterator_category std::__iterator_category<void (**)()>(void (** const&)())
 .text._ZSt10__fill_n_aIPPFvvEjS1_ET_S3_T0_RKT1_St26random_access_iterator_tag
                0x00000000080016c2       0x3a ./Core/Src/UML_FSM.o
                0x00000000080016c2                void (**std::__fill_n_a<void (**)(), unsigned int, void (*)()>(void (**)(), unsigned int, void (* const&)(), std::random_access_iterator_tag))()
 .text._ZN9__gnu_cxx13new_allocatorINSt8__detail10_Hash_nodeISt4pairIKaP9BaseStateELb0EEEEC2Ev
                0x00000000080016fc       0x14 ./Core/Src/UML_FSM.o
                0x00000000080016fc                __gnu_cxx::new_allocator<std::__detail::_Hash_node<std::pair<signed char const, BaseState*>, false> >::new_allocator()
                0x00000000080016fc                __gnu_cxx::new_allocator<std::__detail::_Hash_node<std::pair<signed char const, BaseState*>, false> >::new_allocator()
 .text._ZNKSt10_HashtableIaSt4pairIKaP9BaseStateESaIS4_ENSt8__detail10_Select1stESt8equal_toIaESt4hashIaENS6_18_Mod_range_hashingENS6_20_Default_ranged_hashENS6_20_Prime_rehash_policyENS6_17_Hashtable_traitsILb0ELb0ELb1EEEE8_M_beginEv
                0x0000000008001710       0x16 ./Core/Src/UML_FSM.o
                0x0000000008001710                std::_Hashtable<signed char, std::pair<signed char const, BaseState*>, std::allocator<std::pair<signed char const, BaseState*> >, std::__detail::_Select1st, std::equal_to<signed char>, std::hash<signed char>, std::__detail::_Mod_range_hashing, std::__detail::_Default_ranged_hash, std::__detail::_Prime_rehash_policy, std::__detail::_Hashtable_traits<false, false, true> >::_M_begin() const
 .text._ZNSt8__detail16_Hashtable_allocISaINS_10_Hash_nodeISt4pairIKaP9BaseStateELb0EEEEE19_M_deallocate_nodesEPS7_
                0x0000000008001726       0x30 ./Core/Src/UML_FSM.o
                0x0000000008001726                std::__detail::_Hashtable_alloc<std::allocator<std::__detail::_Hash_node<std::pair<signed char const, BaseState*>, false> > >::_M_deallocate_nodes(std::__detail::_Hash_node<std::pair<signed char const, BaseState*>, false>*)
 .text._ZNSt10_HashtableIaSt4pairIKaP9BaseStateESaIS4_ENSt8__detail10_Select1stESt8equal_toIaESt4hashIaENS6_18_Mod_range_hashingENS6_20_Default_ranged_hashENS6_20_Prime_rehash_policyENS6_17_Hashtable_traitsILb0ELb0ELb1EEEE21_M_deallocate_bucketsEPPNS6_15_Hash_node_baseEj
                0x0000000008001756       0x2e ./Core/Src/UML_FSM.o
                0x0000000008001756                std::_Hashtable<signed char, std::pair<signed char const, BaseState*>, std::allocator<std::pair<signed char const, BaseState*> >, std::__detail::_Select1st, std::equal_to<signed char>, std::hash<signed char>, std::__detail::_Mod_range_hashing, std::__detail::_Default_ranged_hash, std::__detail::_Prime_rehash_policy, std::__detail::_Hashtable_traits<false, false, true> >::_M_deallocate_buckets(std::__detail::_Hash_node_base**, unsigned int)
 .text._ZNSt11_Deque_baseIaSaIaEE16_Deque_impl_data12_M_swap_dataERS2_
                0x0000000008001784       0x1a ./Core/Src/UML_FSM.o
                0x0000000008001784                std::_Deque_base<signed char, std::allocator<signed char> >::_Deque_impl_data::_M_swap_data(std::_Deque_base<signed char, std::allocator<signed char> >::_Deque_impl_data&)
 .text._ZNSt5dequeIaSaIaEE5clearEv
                0x000000000800179e       0x28 ./Core/Src/UML_FSM.o
                0x000000000800179e                std::deque<signed char, std::allocator<signed char> >::clear()
 .text._ZSt15__alloc_on_moveISaIaEEvRT_S2_
                0x00000000080017c6       0x1c ./Core/Src/UML_FSM.o
                0x00000000080017c6                void std::__alloc_on_move<std::allocator<signed char> >(std::allocator<signed char>&, std::allocator<signed char>&)
 .text._ZNSt10_HashtableIaSt4pairIKaP9BaseStateESaIS4_ENSt8__detail10_Select1stESt8equal_toIaESt4hashIaENS6_18_Mod_range_hashingENS6_20_Default_ranged_hashENS6_20_Prime_rehash_policyENS6_17_Hashtable_traitsILb0ELb0ELb1EEEE10_M_emplaceIJRaS3_EEES0_INS6_14_Node_iteratorIS4_Lb0ELb0EEEbESt17integral_constantIbLb1EEDpOT_
                0x00000000080017e2       0xd0 ./Core/Src/UML_FSM.o
                0x00000000080017e2                std::pair<std::__detail::_Node_iterator<std::pair<signed char const, BaseState*>, false, false>, bool> std::_Hashtable<signed char, std::pair<signed char const, BaseState*>, std::allocator<std::pair<signed char const, BaseState*> >, std::__detail::_Select1st, std::equal_to<signed char>, std::hash<signed char>, std::__detail::_Mod_range_hashing, std::__detail::_Default_ranged_hash, std::__detail::_Prime_rehash_policy, std::__detail::_Hashtable_traits<false, false, true> >::_M_emplace<signed char&, BaseState*>(std::integral_constant<bool, true>, signed char&, BaseState*&&)
 .text._ZNKSt8__detail15_Hash_code_baseIaSt4pairIKaP9BaseStateENS_10_Select1stESt4hashIaENS_18_Mod_range_hashingENS_20_Default_ranged_hashELb0EE12_M_hash_codeERS2_
                0x00000000080018b2       0x2a ./Core/Src/UML_FSM.o
                0x00000000080018b2                std::__detail::_Hash_code_base<signed char, std::pair<signed char const, BaseState*>, std::__detail::_Select1st, std::hash<signed char>, std::__detail::_Mod_range_hashing, std::__detail::_Default_ranged_hash, false>::_M_hash_code(signed char const&) const
 .text._ZNKSt10_HashtableIaSt4pairIKaP9BaseStateESaIS4_ENSt8__detail10_Select1stESt8equal_toIaESt4hashIaENS6_18_Mod_range_hashingENS6_20_Default_ranged_hashENS6_20_Prime_rehash_policyENS6_17_Hashtable_traitsILb0ELb0ELb1EEEE15_M_bucket_indexEj
                0x00000000080018dc       0x22 ./Core/Src/UML_FSM.o
                0x00000000080018dc                std::_Hashtable<signed char, std::pair<signed char const, BaseState*>, std::allocator<std::pair<signed char const, BaseState*> >, std::__detail::_Select1st, std::equal_to<signed char>, std::hash<signed char>, std::__detail::_Mod_range_hashing, std::__detail::_Default_ranged_hash, std::__detail::_Prime_rehash_policy, std::__detail::_Hashtable_traits<false, false, true> >::_M_bucket_index(unsigned int) const
 .text._ZNKSt10_HashtableIaSt4pairIKaP9BaseStateESaIS4_ENSt8__detail10_Select1stESt8equal_toIaESt4hashIaENS6_18_Mod_range_hashingENS6_20_Default_ranged_hashENS6_20_Prime_rehash_policyENS6_17_Hashtable_traitsILb0ELb0ELb1EEEE12_M_find_nodeEjRS1_j
                0x00000000080018fe       0x32 ./Core/Src/UML_FSM.o
                0x00000000080018fe                std::_Hashtable<signed char, std::pair<signed char const, BaseState*>, std::allocator<std::pair<signed char const, BaseState*> >, std::__detail::_Select1st, std::equal_to<signed char>, std::hash<signed char>, std::__detail::_Mod_range_hashing, std::__detail::_Default_ranged_hash, std::__detail::_Prime_rehash_policy, std::__detail::_Hashtable_traits<false, false, true> >::_M_find_node(unsigned int, signed char const&, unsigned int) const
 .text._ZNSt8__detail21_Hash_node_value_baseISt4pairIKaP9BaseStateEE4_M_vEv
                0x0000000008001930       0x18 ./Core/Src/UML_FSM.o
                0x0000000008001930                std::__detail::_Hash_node_value_base<std::pair<signed char const, BaseState*> >::_M_v()
 .text._ZNSt5tupleIJRKaEEC2ILb1ELb1EEES1_
                0x0000000008001948       0x1e ./Core/Src/UML_FSM.o
                0x0000000008001948                std::tuple<signed char const&>::tuple<true, true>(signed char const&)
                0x0000000008001948                std::tuple<signed char const&>::tuple<true, true>(signed char const&)
 .text._ZNSt10_HashtableIaSt4pairIKaP9BaseStateESaIS4_ENSt8__detail10_Select1stESt8equal_toIaESt4hashIaENS6_18_Mod_range_hashingENS6_20_Default_ranged_hashENS6_20_Prime_rehash_policyENS6_17_Hashtable_traitsILb0ELb0ELb1EEEE12_Scoped_nodeC2IJRKSt21piecewise_construct_tSt5tupleIJRS1_EESN_IJEEEEEPNS6_16_Hashtable_allocISaINS6_10_Hash_nodeIS4_Lb0EEEEEEDpOT_
                0x0000000008001966       0x48 ./Core/Src/UML_FSM.o
                0x0000000008001966                std::_Hashtable<signed char, std::pair<signed char const, BaseState*>, std::allocator<std::pair<signed char const, BaseState*> >, std::__detail::_Select1st, std::equal_to<signed char>, std::hash<signed char>, std::__detail::_Mod_range_hashing, std::__detail::_Default_ranged_hash, std::__detail::_Prime_rehash_policy, std::__detail::_Hashtable_traits<false, false, true> >::_Scoped_node::_Scoped_node<std::piecewise_construct_t const&, std::tuple<signed char const&>, std::tuple<> >(std::__detail::_Hashtable_alloc<std::allocator<std::__detail::_Hash_node<std::pair<signed char const, BaseState*>, false> > >*, std::piecewise_construct_t const&, std::tuple<signed char const&>&&, std::tuple<>&&)
                0x0000000008001966                std::_Hashtable<signed char, std::pair<signed char const, BaseState*>, std::allocator<std::pair<signed char const, BaseState*> >, std::__detail::_Select1st, std::equal_to<signed char>, std::hash<signed char>, std::__detail::_Mod_range_hashing, std::__detail::_Default_ranged_hash, std::__detail::_Prime_rehash_policy, std::__detail::_Hashtable_traits<false, false, true> >::_Scoped_node::_Scoped_node<std::piecewise_construct_t const&, std::tuple<signed char const&>, std::tuple<> >(std::__detail::_Hashtable_alloc<std::allocator<std::__detail::_Hash_node<std::pair<signed char const, BaseState*>, false> > >*, std::piecewise_construct_t const&, std::tuple<signed char const&>&&, std::tuple<>&&)
 .text._ZNSt10_HashtableIaSt4pairIKaP9BaseStateESaIS4_ENSt8__detail10_Select1stESt8equal_toIaESt4hashIaENS6_18_Mod_range_hashingENS6_20_Default_ranged_hashENS6_20_Prime_rehash_policyENS6_17_Hashtable_traitsILb0ELb0ELb1EEEE12_Scoped_nodeD2Ev
                0x00000000080019ae       0x2a ./Core/Src/UML_FSM.o
                0x00000000080019ae                std::_Hashtable<signed char, std::pair<signed char const, BaseState*>, std::allocator<std::pair<signed char const, BaseState*> >, std::__detail::_Select1st, std::equal_to<signed char>, std::hash<signed char>, std::__detail::_Mod_range_hashing, std::__detail::_Default_ranged_hash, std::__detail::_Prime_rehash_policy, std::__detail::_Hashtable_traits<false, false, true> >::_Scoped_node::~_Scoped_node()
                0x00000000080019ae                std::_Hashtable<signed char, std::pair<signed char const, BaseState*>, std::allocator<std::pair<signed char const, BaseState*> >, std::__detail::_Select1st, std::equal_to<signed char>, std::hash<signed char>, std::__detail::_Mod_range_hashing, std::__detail::_Default_ranged_hash, std::__detail::_Prime_rehash_policy, std::__detail::_Hashtable_traits<false, false, true> >::_Scoped_node::~_Scoped_node()
 .text._ZNSt10_HashtableIaSt4pairIKaP9BaseStateESaIS4_ENSt8__detail10_Select1stESt8equal_toIaESt4hashIaENS6_18_Mod_range_hashingENS6_20_Default_ranged_hashENS6_20_Prime_rehash_policyENS6_17_Hashtable_traitsILb0ELb0ELb1EEEE21_M_insert_unique_nodeEjjPNS6_10_Hash_nodeIS4_Lb0EEEj
                0x00000000080019d8       0x92 ./Core/Src/UML_FSM.o
                0x00000000080019d8                std::_Hashtable<signed char, std::pair<signed char const, BaseState*>, std::allocator<std::pair<signed char const, BaseState*> >, std::__detail::_Select1st, std::equal_to<signed char>, std::hash<signed char>, std::__detail::_Mod_range_hashing, std::__detail::_Default_ranged_hash, std::__detail::_Prime_rehash_policy, std::__detail::_Hashtable_traits<false, false, true> >::_M_insert_unique_node(unsigned int, unsigned int, std::__detail::_Hash_node<std::pair<signed char const, BaseState*>, false>*, unsigned int)
 .text._ZNKSt8__detail14_Node_iteratorISt4pairIKaP9BaseStateELb0ELb0EEptEv
                0x0000000008001a6a       0x1e ./Core/Src/UML_FSM.o
                0x0000000008001a6a                std::__detail::_Node_iterator<std::pair<signed char const, BaseState*>, false, false>::operator->() const
 .text._ZNSaIaEC2Ev
                0x0000000008001a88       0x18 ./Core/Src/UML_FSM.o
                0x0000000008001a88                std::allocator<signed char>::allocator()
                0x0000000008001a88                std::allocator<signed char>::allocator()
 .text._ZNSt11_Deque_baseIaSaIaEE16_Deque_impl_dataC2Ev
                0x0000000008001aa0       0x32 ./Core/Src/UML_FSM.o
                0x0000000008001aa0                std::_Deque_base<signed char, std::allocator<signed char> >::_Deque_impl_data::_Deque_impl_data()
                0x0000000008001aa0                std::_Deque_base<signed char, std::allocator<signed char> >::_Deque_impl_data::_Deque_impl_data()
 .text._ZN9__gnu_cxx13new_allocatorIaED2Ev
                0x0000000008001ad2       0x14 ./Core/Src/UML_FSM.o
                0x0000000008001ad2                __gnu_cxx::new_allocator<signed char>::~new_allocator()
                0x0000000008001ad2                __gnu_cxx::new_allocator<signed char>::~new_allocator()
 .text._ZNSt11_Deque_baseIaSaIaEE15_M_allocate_mapEj
                0x0000000008001ae6       0x3a ./Core/Src/UML_FSM.o
                0x0000000008001ae6                std::_Deque_base<signed char, std::allocator<signed char> >::_M_allocate_map(unsigned int)
 .text._ZNSt11_Deque_baseIaSaIaEE15_M_create_nodesEPPaS3_
                0x0000000008001b20       0x36 ./Core/Src/UML_FSM.o
                0x0000000008001b20                std::_Deque_base<signed char, std::allocator<signed char> >::_M_create_nodes(signed char**, signed char**)
 .text._ZNSt15_Deque_iteratorIaRaPaE11_M_set_nodeEPS1_
                0x0000000008001b56       0x30 ./Core/Src/UML_FSM.o
                0x0000000008001b56                std::_Deque_iterator<signed char, signed char&, signed char*>::_M_set_node(signed char**)
 .text._ZNSt11_Deque_baseIaSaIaEE18_M_deallocate_nodeEPa
                0x0000000008001b86       0x26 ./Core/Src/UML_FSM.o
                0x0000000008001b86                std::_Deque_base<signed char, std::allocator<signed char> >::_M_deallocate_node(signed char*)
 .text._ZNKSt11_Deque_baseIaSaIaEE20_M_get_map_allocatorEv
                0x0000000008001bac       0x22 ./Core/Src/UML_FSM.o
                0x0000000008001bac                std::_Deque_base<signed char, std::allocator<signed char> >::_M_get_map_allocator() const
 .text._ZNSaIPaED2Ev
                0x0000000008001bce       0x18 ./Core/Src/UML_FSM.o
                0x0000000008001bce                std::allocator<signed char*>::~allocator()
                0x0000000008001bce                std::allocator<signed char*>::~allocator()
 .text._ZNSt16allocator_traitsISaIPaEE10deallocateERS1_PS0_j
                0x0000000008001be6       0x1e ./Core/Src/UML_FSM.o
                0x0000000008001be6                std::allocator_traits<std::allocator<signed char*> >::deallocate(std::allocator<signed char*>&, signed char**, unsigned int)
 .text._ZNSt14__array_traitsIPFvvELj10EE6_S_ptrERA10_KS1_
                0x0000000008001c04       0x14 ./Core/Src/UML_FSM.o
                0x0000000008001c04                std::__array_traits<void (*)(), 10u>::_S_ptr(void (* const (&) [10])())
 .text._ZSt8__fill_aIPPFvvES1_EvT_S3_RKT0_
                0x0000000008001c18       0x1e ./Core/Src/UML_FSM.o
                0x0000000008001c18                void std::__fill_a<void (**)(), void (*)()>(void (**)(), void (**)(), void (* const&)())
 .text._ZNKSt8__detail10_Hash_nodeISt4pairIKaP9BaseStateELb0EE7_M_nextEv
                0x0000000008001c36       0x16 ./Core/Src/UML_FSM.o
                0x0000000008001c36                std::__detail::_Hash_node<std::pair<signed char const, BaseState*>, false>::_M_next() const
 .text._ZNSt8__detail16_Hashtable_allocISaINS_10_Hash_nodeISt4pairIKaP9BaseStateELb0EEEEE18_M_deallocate_nodeEPS7_
                0x0000000008001c4c       0x36 ./Core/Src/UML_FSM.o
                0x0000000008001c4c                std::__detail::_Hashtable_alloc<std::allocator<std::__detail::_Hash_node<std::pair<signed char const, BaseState*>, false> > >::_M_deallocate_node(std::__detail::_Hash_node<std::pair<signed char const, BaseState*>, false>*)
 .text._ZNKSt10_HashtableIaSt4pairIKaP9BaseStateESaIS4_ENSt8__detail10_Select1stESt8equal_toIaESt4hashIaENS6_18_Mod_range_hashingENS6_20_Default_ranged_hashENS6_20_Prime_rehash_policyENS6_17_Hashtable_traitsILb0ELb0ELb1EEEE21_M_uses_single_bucketEPPNS6_15_Hash_node_baseE
                0x0000000008001c82       0x2e ./Core/Src/UML_FSM.o
                0x0000000008001c82                std::_Hashtable<signed char, std::pair<signed char const, BaseState*>, std::allocator<std::pair<signed char const, BaseState*> >, std::__detail::_Select1st, std::equal_to<signed char>, std::hash<signed char>, std::__detail::_Mod_range_hashing, std::__detail::_Default_ranged_hash, std::__detail::_Prime_rehash_policy, std::__detail::_Hashtable_traits<false, false, true> >::_M_uses_single_bucket(std::__detail::_Hash_node_base**) const
 .text._ZNSt8__detail16_Hashtable_allocISaINS_10_Hash_nodeISt4pairIKaP9BaseStateELb0EEEEE21_M_deallocate_bucketsEPPNS_15_Hash_node_baseEj
                0x0000000008001cb0       0x46 ./Core/Src/UML_FSM.o
                0x0000000008001cb0                std::__detail::_Hashtable_alloc<std::allocator<std::__detail::_Hash_node<std::pair<signed char const, BaseState*>, false> > >::_M_deallocate_buckets(std::__detail::_Hash_node_base**, unsigned int)
 .text._ZSt4swapINSt11_Deque_baseIaSaIaEE16_Deque_impl_dataEENSt9enable_ifIXsrSt6__and_IJSt6__not_ISt15__is_tuple_likeIT_EESt21is_move_constructibleIS8_ESt18is_move_assignableIS8_EEE5valueEvE4typeERS8_SI_
                0x0000000008001cf6       0x66 ./Core/Src/UML_FSM.o
                0x0000000008001cf6                std::enable_if<std::__and_<std::__not_<std::__is_tuple_like<std::_Deque_base<signed char, std::allocator<signed char> >::_Deque_impl_data> >, std::is_move_constructible<std::_Deque_base<signed char, std::allocator<signed char> >::_Deque_impl_data>, std::is_move_assignable<std::_Deque_base<signed char, std::allocator<signed char> >::_Deque_impl_data> >::value, void>::type std::swap<std::_Deque_base<signed char, std::allocator<signed char> >::_Deque_impl_data>(std::_Deque_base<signed char, std::allocator<signed char> >::_Deque_impl_data&, std::_Deque_base<signed char, std::allocator<signed char> >::_Deque_impl_data&)
 .text._ZNSt5dequeIaSaIaEE15_M_erase_at_endESt15_Deque_iteratorIaRaPaE
                0x0000000008001d5c       0x66 ./Core/Src/UML_FSM.o
                0x0000000008001d5c                std::deque<signed char, std::allocator<signed char> >::_M_erase_at_end(std::_Deque_iterator<signed char, signed char&, signed char*>)
 .text._ZSt18__do_alloc_on_moveISaIaEEvRT_S2_St17integral_constantIbLb1EE
                0x0000000008001dc2       0x1a ./Core/Src/UML_FSM.o
                0x0000000008001dc2                void std::__do_alloc_on_move<std::allocator<signed char> >(std::allocator<signed char>&, std::allocator<signed char>&, std::integral_constant<bool, true>)
 .text._ZNSt10_HashtableIaSt4pairIKaP9BaseStateESaIS4_ENSt8__detail10_Select1stESt8equal_toIaESt4hashIaENS6_18_Mod_range_hashingENS6_20_Default_ranged_hashENS6_20_Prime_rehash_policyENS6_17_Hashtable_traitsILb0ELb0ELb1EEEE12_Scoped_nodeC2IJRaS3_EEEPNS6_16_Hashtable_allocISaINS6_10_Hash_nodeIS4_Lb0EEEEEEDpOT_
                0x0000000008001ddc       0x40 ./Core/Src/UML_FSM.o
                0x0000000008001ddc                std::_Hashtable<signed char, std::pair<signed char const, BaseState*>, std::allocator<std::pair<signed char const, BaseState*> >, std::__detail::_Select1st, std::equal_to<signed char>, std::hash<signed char>, std::__detail::_Mod_range_hashing, std::__detail::_Default_ranged_hash, std::__detail::_Prime_rehash_policy, std::__detail::_Hashtable_traits<false, false, true> >::_Scoped_node::_Scoped_node<signed char&, BaseState*>(std::__detail::_Hashtable_alloc<std::allocator<std::__detail::_Hash_node<std::pair<signed char const, BaseState*>, false> > >*, signed char&, BaseState*&&)
                0x0000000008001ddc                std::_Hashtable<signed char, std::pair<signed char const, BaseState*>, std::allocator<std::pair<signed char const, BaseState*> >, std::__detail::_Select1st, std::equal_to<signed char>, std::hash<signed char>, std::__detail::_Mod_range_hashing, std::__detail::_Default_ranged_hash, std::__detail::_Prime_rehash_policy, std::__detail::_Hashtable_traits<false, false, true> >::_Scoped_node::_Scoped_node<signed char&, BaseState*>(std::__detail::_Hashtable_alloc<std::allocator<std::__detail::_Hash_node<std::pair<signed char const, BaseState*>, false> > >*, signed char&, BaseState*&&)
 .text._ZNKSt8__detail10_Select1stclIRSt4pairIKaP9BaseStateEEEDTcl3getILi0EEcl7forwardIT_Efp_EEEOS8_
                0x0000000008001e1c       0x22 ./Core/Src/UML_FSM.o
                0x0000000008001e1c                decltype ((get<0>)((forward<std::pair<signed char const, BaseState*>&>)({parm#1}))) std::__detail::_Select1st::operator()<std::pair<signed char const, BaseState*>&>(std::pair<signed char const, BaseState*>&) const
 .text._ZNSt8__detail14_Node_iteratorISt4pairIKaP9BaseStateELb0ELb0EEC2EPNS_10_Hash_nodeIS5_Lb0EEE
                0x0000000008001e3e       0x1e ./Core/Src/UML_FSM.o
                0x0000000008001e3e                std::__detail::_Node_iterator<std::pair<signed char const, BaseState*>, false, false>::_Node_iterator(std::__detail::_Hash_node<std::pair<signed char const, BaseState*>, false>*)
                0x0000000008001e3e                std::__detail::_Node_iterator<std::pair<signed char const, BaseState*>, false, false>::_Node_iterator(std::__detail::_Hash_node<std::pair<signed char const, BaseState*>, false>*)
 .text._ZSt9make_pairINSt8__detail14_Node_iteratorISt4pairIKaP9BaseStateELb0ELb0EEEbES2_INSt25__strip_reference_wrapperINSt5decayIT_E4typeEE6__typeENS8_INS9_IT0_E4typeEE6__typeEEOSA_OSF_
                0x0000000008001e5c       0x2e ./Core/Src/UML_FSM.o
                0x0000000008001e5c                std::pair<std::__strip_reference_wrapper<std::decay<std::__detail::_Node_iterator<std::pair<signed char const, BaseState*>, false, false> >::type>::__type, std::__strip_reference_wrapper<std::decay<bool>::type>::__type> std::make_pair<std::__detail::_Node_iterator<std::pair<signed char const, BaseState*>, false, false>, bool>(std::__detail::_Node_iterator<std::pair<signed char const, BaseState*>, false, false>&&, bool&&)
 .text._ZNSt4pairINSt8__detail14_Node_iteratorIS_IKaP9BaseStateELb0ELb0EEEbEC2IRS6_bLb1EEEOT_OT0_
                0x0000000008001e8a       0x32 ./Core/Src/UML_FSM.o
                0x0000000008001e8a                std::pair<std::__detail::_Node_iterator<std::pair<signed char const, BaseState*>, false, false>, bool>::pair<std::__detail::_Node_iterator<std::pair<signed char const, BaseState*>, false, false>&, bool, true>(std::__detail::_Node_iterator<std::pair<signed char const, BaseState*>, false, false>&, bool&&)
                0x0000000008001e8a                std::pair<std::__detail::_Node_iterator<std::pair<signed char const, BaseState*>, false, false>, bool>::pair<std::__detail::_Node_iterator<std::pair<signed char const, BaseState*>, false, false>&, bool, true>(std::__detail::_Node_iterator<std::pair<signed char const, BaseState*>, false, false>&, bool&&)
 .text._ZSt7forwardIRKaEOT_RNSt16remove_referenceIS2_E4typeE
                0x0000000008001ebc       0x14 ./Core/Src/UML_FSM.o
                0x0000000008001ebc                signed char const& std::forward<signed char const&>(std::remove_reference<signed char const&>::type&)
 .text._ZNSt11_Deque_baseIaSaIaEE16_M_allocate_nodeEv
                0x0000000008001ed0       0x24 ./Core/Src/UML_FSM.o
                0x0000000008001ed0                std::_Deque_base<signed char, std::allocator<signed char> >::_M_allocate_node()
 .text._ZNKSt8__detail15_Hash_code_baseIaSt4pairIKaP9BaseStateENS_10_Select1stESt4hashIaENS_18_Mod_range_hashingENS_20_Default_ranged_hashELb0EE7_M_hashEv
                0x0000000008001ef4       0x18 ./Core/Src/UML_FSM.o
                0x0000000008001ef4                std::__detail::_Hash_code_base<signed char, std::pair<signed char const, BaseState*>, std::__detail::_Select1st, std::hash<signed char>, std::__detail::_Mod_range_hashing, std::__detail::_Default_ranged_hash, false>::_M_hash() const
 .text._ZNKSt8__detail15_Hash_code_baseIaSt4pairIKaP9BaseStateENS_10_Select1stESt4hashIaENS_18_Mod_range_hashingENS_20_Default_ranged_hashELb0EE15_M_bucket_indexEjj
                0x0000000008001f0c       0x24 ./Core/Src/UML_FSM.o
                0x0000000008001f0c                std::__detail::_Hash_code_base<signed char, std::pair<signed char const, BaseState*>, std::__detail::_Select1st, std::hash<signed char>, std::__detail::_Mod_range_hashing, std::__detail::_Default_ranged_hash, false>::_M_bucket_index(unsigned int, unsigned int) const
 .text._ZNKSt10_HashtableIaSt4pairIKaP9BaseStateESaIS4_ENSt8__detail10_Select1stESt8equal_toIaESt4hashIaENS6_18_Mod_range_hashingENS6_20_Default_ranged_hashENS6_20_Prime_rehash_policyENS6_17_Hashtable_traitsILb0ELb0ELb1EEEE19_M_find_before_nodeEjRS1_j
                0x0000000008001f30       0x8a ./Core/Src/UML_FSM.o
                0x0000000008001f30                std::_Hashtable<signed char, std::pair<signed char const, BaseState*>, std::allocator<std::pair<signed char const, BaseState*> >, std::__detail::_Select1st, std::equal_to<signed char>, std::hash<signed char>, std::__detail::_Mod_range_hashing, std::__detail::_Default_ranged_hash, std::__detail::_Prime_rehash_policy, std::__detail::_Hashtable_traits<false, false, true> >::_M_find_before_node(unsigned int, signed char const&, unsigned int) const
 .text._ZNSt8__detail21_Hash_node_value_baseISt4pairIKaP9BaseStateEE9_M_valptrEv
                0x0000000008001fba       0x1a ./Core/Src/UML_FSM.o
                0x0000000008001fba                std::__detail::_Hash_node_value_base<std::pair<signed char const, BaseState*> >::_M_valptr()
 .text._ZNSt11_Tuple_implILj0EJRKaEEC2ES1_
                0x0000000008001fd4       0x1e ./Core/Src/UML_FSM.o
                0x0000000008001fd4                std::_Tuple_impl<0u, signed char const&>::_Tuple_impl(signed char const&)
                0x0000000008001fd4                std::_Tuple_impl<0u, signed char const&>::_Tuple_impl(signed char const&)
 .text._ZSt7forwardIRKSt21piecewise_construct_tEOT_RNSt16remove_referenceIS3_E4typeE
                0x0000000008001ff2       0x14 ./Core/Src/UML_FSM.o
                0x0000000008001ff2                std::piecewise_construct_t const& std::forward<std::piecewise_construct_t const&>(std::remove_reference<std::piecewise_construct_t const&>::type&)
 .text._ZSt7forwardISt5tupleIJRKaEEEOT_RNSt16remove_referenceIS4_E4typeE
                0x0000000008002006       0x14 ./Core/Src/UML_FSM.o
                0x0000000008002006                std::tuple<signed char const&>&& std::forward<std::tuple<signed char const&> >(std::remove_reference<std::tuple<signed char const&> >::type&)
 .text._ZSt7forwardISt5tupleIJEEEOT_RNSt16remove_referenceIS2_E4typeE
                0x000000000800201a       0x14 ./Core/Src/UML_FSM.o
                0x000000000800201a                std::tuple<>&& std::forward<std::tuple<> >(std::remove_reference<std::tuple<> >::type&)
 .text._ZNSt8__detail10_Hash_nodeISt4pairIKaP9BaseStateELb0EEC2Ev
                0x000000000800202e       0x1a ./Core/Src/UML_FSM.o
                0x000000000800202e                std::__detail::_Hash_node<std::pair<signed char const, BaseState*>, false>::_Hash_node()
                0x000000000800202e                std::__detail::_Hash_node<std::pair<signed char const, BaseState*>, false>::_Hash_node()
 .text._ZNSt8__detail16_Hashtable_allocISaINS_10_Hash_nodeISt4pairIKaP9BaseStateELb0EEEEE16_M_allocate_nodeIJRKSt21piecewise_construct_tSt5tupleIJRS3_EESE_IJEEEEEPS7_DpOT_
                0x0000000008002048       0x82 ./Core/Src/UML_FSM.o
                0x0000000008002048                std::__detail::_Hash_node<std::pair<signed char const, BaseState*>, false>* std::__detail::_Hashtable_alloc<std::allocator<std::__detail::_Hash_node<std::pair<signed char const, BaseState*>, false> > >::_M_allocate_node<std::piecewise_construct_t const&, std::tuple<signed char const&>, std::tuple<> >(std::piecewise_construct_t const&, std::tuple<signed char const&>&&, std::tuple<>&&)
 .text._ZNSt10_HashtableIaSt4pairIKaP9BaseStateESaIS4_ENSt8__detail10_Select1stESt8equal_toIaESt4hashIaENS6_18_Mod_range_hashingENS6_20_Default_ranged_hashENS6_20_Prime_rehash_policyENS6_17_Hashtable_traitsILb0ELb0ELb1EEEE9_M_rehashEjRKj
                0x00000000080020ca       0x1e ./Core/Src/UML_FSM.o
                0x00000000080020ca                std::_Hashtable<signed char, std::pair<signed char const, BaseState*>, std::allocator<std::pair<signed char const, BaseState*> >, std::__detail::_Select1st, std::equal_to<signed char>, std::hash<signed char>, std::__detail::_Mod_range_hashing, std::__detail::_Default_ranged_hash, std::__detail::_Prime_rehash_policy, std::__detail::_Hashtable_traits<false, false, true> >::_M_rehash(unsigned int, unsigned int const&)
 .text._ZNKSt8__detail15_Hash_code_baseIaSt4pairIKaP9BaseStateENS_10_Select1stESt4hashIaENS_18_Mod_range_hashingENS_20_Default_ranged_hashELb0EE13_M_store_codeERNS_21_Hash_node_code_cacheILb0EEEj
                0x00000000080020e8       0x16 ./Core/Src/UML_FSM.o
                0x00000000080020e8                std::__detail::_Hash_code_base<signed char, std::pair<signed char const, BaseState*>, std::__detail::_Select1st, std::hash<signed char>, std::__detail::_Mod_range_hashing, std::__detail::_Default_ranged_hash, false>::_M_store_code(std::__detail::_Hash_node_code_cache<false>&, unsigned int) const
 .text._ZNSt10_HashtableIaSt4pairIKaP9BaseStateESaIS4_ENSt8__detail10_Select1stESt8equal_toIaESt4hashIaENS6_18_Mod_range_hashingENS6_20_Default_ranged_hashENS6_20_Prime_rehash_policyENS6_17_Hashtable_traitsILb0ELb0ELb1EEEE22_M_insert_bucket_beginEjPNS6_10_Hash_nodeIS4_Lb0EEE
                0x00000000080020fe       0x8e ./Core/Src/UML_FSM.o
                0x00000000080020fe                std::_Hashtable<signed char, std::pair<signed char const, BaseState*>, std::allocator<std::pair<signed char const, BaseState*> >, std::__detail::_Select1st, std::equal_to<signed char>, std::hash<signed char>, std::__detail::_Mod_range_hashing, std::__detail::_Default_ranged_hash, std::__detail::_Prime_rehash_policy, std::__detail::_Hashtable_traits<false, false, true> >::_M_insert_bucket_begin(unsigned int, std::__detail::_Hash_node<std::pair<signed char const, BaseState*>, false>*)
 .text._ZN9__gnu_cxx13new_allocatorIaEC2Ev
                0x000000000800218c       0x14 ./Core/Src/UML_FSM.o
                0x000000000800218c                __gnu_cxx::new_allocator<signed char>::new_allocator()
                0x000000000800218c                __gnu_cxx::new_allocator<signed char>::new_allocator()
 .text._ZNSt15_Deque_iteratorIaRaPaEC2Ev
                0x00000000080021a0       0x2c ./Core/Src/UML_FSM.o
                0x00000000080021a0                std::_Deque_iterator<signed char, signed char&, signed char*>::_Deque_iterator()
                0x00000000080021a0                std::_Deque_iterator<signed char, signed char&, signed char*>::_Deque_iterator()
 .text._ZNSt16allocator_traitsISaIPaEE8allocateERS1_j
                0x00000000080021cc       0x1e ./Core/Src/UML_FSM.o
                0x00000000080021cc                std::allocator_traits<std::allocator<signed char*> >::allocate(std::allocator<signed char*>&, unsigned int)
 .text._ZNSt15_Deque_iteratorIaRaPaE14_S_buffer_sizeEv
                0x00000000080021ea       0x10 ./Core/Src/UML_FSM.o
                0x00000000080021ea                std::_Deque_iterator<signed char, signed char&, signed char*>::_S_buffer_size()
 .text._ZNSt16allocator_traitsISaIaEE10deallocateERS0_Paj
                0x00000000080021fa       0x1e ./Core/Src/UML_FSM.o
                0x00000000080021fa                std::allocator_traits<std::allocator<signed char> >::deallocate(std::allocator<signed char>&, signed char*, unsigned int)
 .text._ZNKSt11_Deque_baseIaSaIaEE19_M_get_Tp_allocatorEv
                0x0000000008002218       0x14 ./Core/Src/UML_FSM.o
                0x0000000008002218                std::_Deque_base<signed char, std::allocator<signed char> >::_M_get_Tp_allocator() const
 .text._ZNSaIPaEC2IaEERKSaIT_E
                0x000000000800222c       0x1a ./Core/Src/UML_FSM.o
                0x000000000800222c                std::allocator<signed char*>::allocator<signed char>(std::allocator<signed char> const&)
                0x000000000800222c                std::allocator<signed char*>::allocator<signed char>(std::allocator<signed char> const&)
 .text._ZN9__gnu_cxx13new_allocatorIPaED2Ev
                0x0000000008002246       0x14 ./Core/Src/UML_FSM.o
                0x0000000008002246                __gnu_cxx::new_allocator<signed char*>::~new_allocator()
                0x0000000008002246                __gnu_cxx::new_allocator<signed char*>::~new_allocator()
 .text._ZN9__gnu_cxx13new_allocatorIPaE10deallocateEPS1_j
                0x000000000800225a       0x20 ./Core/Src/UML_FSM.o
                0x000000000800225a                __gnu_cxx::new_allocator<signed char*>::deallocate(signed char**, unsigned int)
 .text._ZSt9__fill_a1IPPFvvES1_EN9__gnu_cxx11__enable_ifIXsrSt11__is_scalarIT0_E7__valueEvE6__typeET_SA_RKS6_
                0x000000000800227a       0x34 ./Core/Src/UML_FSM.o
                0x000000000800227a                __gnu_cxx::__enable_if<std::__is_scalar<void (*)()>::__value, void>::__type std::__fill_a1<void (**)(), void (*)()>(void (**)(), void (**)(), void (* const&)())
 .text._ZNSt8__detail16_Hashtable_allocISaINS_10_Hash_nodeISt4pairIKaP9BaseStateELb0EEEEE17_M_node_allocatorEv
                0x00000000080022ae       0x18 ./Core/Src/UML_FSM.o
                0x00000000080022ae                std::__detail::_Hashtable_alloc<std::allocator<std::__detail::_Hash_node<std::pair<signed char const, BaseState*>, false> > >::_M_node_allocator()
 .text._ZNSt16allocator_traitsISaINSt8__detail10_Hash_nodeISt4pairIKaP9BaseStateELb0EEEEE7destroyIS6_EEvRS8_PT_
                0x00000000080022c6       0x1a ./Core/Src/UML_FSM.o
                0x00000000080022c6                void std::allocator_traits<std::allocator<std::__detail::_Hash_node<std::pair<signed char const, BaseState*>, false> > >::destroy<std::pair<signed char const, BaseState*> >(std::allocator<std::__detail::_Hash_node<std::pair<signed char const, BaseState*>, false> >&, std::pair<signed char const, BaseState*>*)
 .text._ZNSt8__detail16_Hashtable_allocISaINS_10_Hash_nodeISt4pairIKaP9BaseStateELb0EEEEE22_M_deallocate_node_ptrEPS7_
                0x00000000080022e0       0x2c ./Core/Src/UML_FSM.o
                0x00000000080022e0                std::__detail::_Hashtable_alloc<std::allocator<std::__detail::_Hash_node<std::pair<signed char const, BaseState*>, false> > >::_M_deallocate_node_ptr(std::__detail::_Hash_node<std::pair<signed char const, BaseState*>, false>*)
 .text._ZNSt14pointer_traitsIPPNSt8__detail15_Hash_node_baseEE10pointer_toERS2_
                0x000000000800230c       0x18 ./Core/Src/UML_FSM.o
                0x000000000800230c                std::pointer_traits<std::__detail::_Hash_node_base**>::pointer_to(std::__detail::_Hash_node_base*&)
 .text._ZNSaIPNSt8__detail15_Hash_node_baseEEC2INS_10_Hash_nodeISt4pairIKaP9BaseStateELb0EEEEERKSaIT_E
                0x0000000008002324       0x1a ./Core/Src/UML_FSM.o
                0x0000000008002324                std::allocator<std::__detail::_Hash_node_base*>::allocator<std::__detail::_Hash_node<std::pair<signed char const, BaseState*>, false> >(std::allocator<std::__detail::_Hash_node<std::pair<signed char const, BaseState*>, false> > const&)
                0x0000000008002324                std::allocator<std::__detail::_Hash_node_base*>::allocator<std::__detail::_Hash_node<std::pair<signed char const, BaseState*>, false> >(std::allocator<std::__detail::_Hash_node<std::pair<signed char const, BaseState*>, false> > const&)
 .text._ZNSaIPNSt8__detail15_Hash_node_baseEED2Ev
                0x000000000800233e       0x18 ./Core/Src/UML_FSM.o
                0x000000000800233e                std::allocator<std::__detail::_Hash_node_base*>::~allocator()
                0x000000000800233e                std::allocator<std::__detail::_Hash_node_base*>::~allocator()
 .text._ZNSt16allocator_traitsISaIPNSt8__detail15_Hash_node_baseEEE10deallocateERS3_PS2_j
                0x0000000008002356       0x1e ./Core/Src/UML_FSM.o
                0x0000000008002356                std::allocator_traits<std::allocator<std::__detail::_Hash_node_base*> >::deallocate(std::allocator<std::__detail::_Hash_node_base*>&, std::__detail::_Hash_node_base**, unsigned int)
 .text._ZSt4moveIRNSt11_Deque_baseIaSaIaEE16_Deque_impl_dataEEONSt16remove_referenceIT_E4typeEOS6_
                0x0000000008002374       0x14 ./Core/Src/UML_FSM.o
                0x0000000008002374                std::remove_reference<std::_Deque_base<signed char, std::allocator<signed char> >::_Deque_impl_data&>::type&& std::move<std::_Deque_base<signed char, std::allocator<signed char> >::_Deque_impl_data&>(std::_Deque_base<signed char, std::allocator<signed char> >::_Deque_impl_data&)
 .text._ZNSt11_Deque_baseIaSaIaEE16_Deque_impl_dataC2ERKS2_
                0x0000000008002388       0x48 ./Core/Src/UML_FSM.o
                0x0000000008002388                std::_Deque_base<signed char, std::allocator<signed char> >::_Deque_impl_data::_Deque_impl_data(std::_Deque_base<signed char, std::allocator<signed char> >::_Deque_impl_data const&)
                0x0000000008002388                std::_Deque_base<signed char, std::allocator<signed char> >::_Deque_impl_data::_Deque_impl_data(std::_Deque_base<signed char, std::allocator<signed char> >::_Deque_impl_data const&)
 .text._ZNSt11_Deque_baseIaSaIaEE16_Deque_impl_dataC2EOS2_
                0x00000000080023d0       0x3e ./Core/Src/UML_FSM.o
                0x00000000080023d0                std::_Deque_base<signed char, std::allocator<signed char> >::_Deque_impl_data::_Deque_impl_data(std::_Deque_base<signed char, std::allocator<signed char> >::_Deque_impl_data&&)
                0x00000000080023d0                std::_Deque_base<signed char, std::allocator<signed char> >::_Deque_impl_data::_Deque_impl_data(std::_Deque_base<signed char, std::allocator<signed char> >::_Deque_impl_data&&)
 .text._ZSt4moveIRSaIaEEONSt16remove_referenceIT_E4typeEOS3_
                0x000000000800240e       0x14 ./Core/Src/UML_FSM.o
                0x000000000800240e                std::remove_reference<std::allocator<signed char>&>::type&& std::move<std::allocator<signed char>&>(std::allocator<signed char>&)
 .text._ZNSt8__detail16_Hashtable_allocISaINS_10_Hash_nodeISt4pairIKaP9BaseStateELb0EEEEE16_M_allocate_nodeIJRaS5_EEEPS7_DpOT_
                0x0000000008002422       0x70 ./Core/Src/UML_FSM.o
                0x0000000008002422                std::__detail::_Hash_node<std::pair<signed char const, BaseState*>, false>* std::__detail::_Hashtable_alloc<std::allocator<std::__detail::_Hash_node<std::pair<signed char const, BaseState*>, false> > >::_M_allocate_node<signed char&, BaseState*>(signed char&, BaseState*&&)
 .text._ZSt7forwardIRSt4pairIKaP9BaseStateEEOT_RNSt16remove_referenceIS6_E4typeE
                0x0000000008002492       0x14 ./Core/Src/UML_FSM.o
                0x0000000008002492                std::pair<signed char const, BaseState*>& std::forward<std::pair<signed char const, BaseState*>&>(std::remove_reference<std::pair<signed char const, BaseState*>&>::type&)
 .text._ZSt3getILj0EKaP9BaseStateERNSt13tuple_elementIXT_ESt4pairIT0_T1_EE4typeERS7_
                0x00000000080024a6       0x18 ./Core/Src/UML_FSM.o
                0x00000000080024a6                std::tuple_element<0u, std::pair<signed char const, BaseState*> >::type& std::get<0u, signed char const, BaseState*>(std::pair<signed char const, BaseState*>&)
 .text._ZNSt8__detail19_Node_iterator_baseISt4pairIKaP9BaseStateELb0EEC2EPNS_10_Hash_nodeIS5_Lb0EEE
                0x00000000080024be       0x1c ./Core/Src/UML_FSM.o
                0x00000000080024be                std::__detail::_Node_iterator_base<std::pair<signed char const, BaseState*>, false>::_Node_iterator_base(std::__detail::_Hash_node<std::pair<signed char const, BaseState*>, false>*)
                0x00000000080024be                std::__detail::_Node_iterator_base<std::pair<signed char const, BaseState*>, false>::_Node_iterator_base(std::__detail::_Hash_node<std::pair<signed char const, BaseState*>, false>*)
 .text._ZSt7forwardINSt8__detail14_Node_iteratorISt4pairIKaP9BaseStateELb0ELb0EEEEOT_RNSt16remove_referenceIS8_E4typeE
                0x00000000080024da       0x14 ./Core/Src/UML_FSM.o
                0x00000000080024da                std::__detail::_Node_iterator<std::pair<signed char const, BaseState*>, false, false>&& std::forward<std::__detail::_Node_iterator<std::pair<signed char const, BaseState*>, false, false> >(std::remove_reference<std::__detail::_Node_iterator<std::pair<signed char const, BaseState*>, false, false> >::type&)
 .text._ZNSt4pairINSt8__detail14_Node_iteratorIS_IKaP9BaseStateELb0ELb0EEEbEC2IS6_bLb1EEEOT_OT0_
                0x00000000080024ee       0x32 ./Core/Src/UML_FSM.o
                0x00000000080024ee                std::pair<std::__detail::_Node_iterator<std::pair<signed char const, BaseState*>, false, false>, bool>::pair<std::__detail::_Node_iterator<std::pair<signed char const, BaseState*>, false, false>, bool, true>(std::__detail::_Node_iterator<std::pair<signed char const, BaseState*>, false, false>&&, bool&&)
                0x00000000080024ee                std::pair<std::__detail::_Node_iterator<std::pair<signed char const, BaseState*>, false, false>, bool>::pair<std::__detail::_Node_iterator<std::pair<signed char const, BaseState*>, false, false>, bool, true>(std::__detail::_Node_iterator<std::pair<signed char const, BaseState*>, false, false>&&, bool&&)
 .text._ZSt7forwardIRNSt8__detail14_Node_iteratorISt4pairIKaP9BaseStateELb0ELb0EEEEOT_RNSt16remove_referenceIS9_E4typeE
                0x0000000008002520       0x14 ./Core/Src/UML_FSM.o
                0x0000000008002520                std::__detail::_Node_iterator<std::pair<signed char const, BaseState*>, false, false>& std::forward<std::__detail::_Node_iterator<std::pair<signed char const, BaseState*>, false, false>&>(std::remove_reference<std::__detail::_Node_iterator<std::pair<signed char const, BaseState*>, false, false>&>::type&)
 .text._ZNSt16allocator_traitsISaIaEE8allocateERS0_j
                0x0000000008002534       0x1e ./Core/Src/UML_FSM.o
                0x0000000008002534                std::allocator_traits<std::allocator<signed char> >::allocate(std::allocator<signed char>&, unsigned int)
 .text._ZNKSt8__detail21_Hashtable_ebo_helperILi1ESt4hashIaELb1EE7_M_cgetEv
                0x0000000008002552       0x14 ./Core/Src/UML_FSM.o
                0x0000000008002552                std::__detail::_Hashtable_ebo_helper<1, std::hash<signed char>, true>::_M_cget() const
 .text._ZNKSt8__detail15_Hashtable_baseIaSt4pairIKaP9BaseStateENS_10_Select1stESt8equal_toIaESt4hashIaENS_18_Mod_range_hashingENS_20_Default_ranged_hashENS_17_Hashtable_traitsILb0ELb0ELb1EEEE9_M_equalsERS2_jRKNS_16_Hash_node_valueIS5_Lb0EEE
                0x0000000008002566       0x5a ./Core/Src/UML_FSM.o
                0x0000000008002566                std::__detail::_Hashtable_base<signed char, std::pair<signed char const, BaseState*>, std::__detail::_Select1st, std::equal_to<signed char>, std::hash<signed char>, std::__detail::_Mod_range_hashing, std::__detail::_Default_ranged_hash, std::__detail::_Hashtable_traits<false, false, true> >::_M_equals(signed char const&, unsigned int, std::__detail::_Hash_node_value<std::pair<signed char const, BaseState*>, false> const&) const
 .text._ZNKSt10_HashtableIaSt4pairIKaP9BaseStateESaIS4_ENSt8__detail10_Select1stESt8equal_toIaESt4hashIaENS6_18_Mod_range_hashingENS6_20_Default_ranged_hashENS6_20_Prime_rehash_policyENS6_17_Hashtable_traitsILb0ELb0ELb1EEEE15_M_bucket_indexERKNS6_16_Hash_node_valueIS4_Lb0EEE
                0x00000000080025c0       0x22 ./Core/Src/UML_FSM.o
                0x00000000080025c0                std::_Hashtable<signed char, std::pair<signed char const, BaseState*>, std::allocator<std::pair<signed char const, BaseState*> >, std::__detail::_Select1st, std::equal_to<signed char>, std::hash<signed char>, std::__detail::_Mod_range_hashing, std::__detail::_Default_ranged_hash, std::__detail::_Prime_rehash_policy, std::__detail::_Hashtable_traits<false, false, true> >::_M_bucket_index(std::__detail::_Hash_node_value<std::pair<signed char const, BaseState*>, false> const&) const
 .text._ZN9__gnu_cxx16__aligned_bufferISt4pairIKaP9BaseStateEE6_M_ptrEv
                0x00000000080025e2       0x18 ./Core/Src/UML_FSM.o
                0x00000000080025e2                __gnu_cxx::__aligned_buffer<std::pair<signed char const, BaseState*> >::_M_ptr()
 .text._ZNSt10_Head_baseILj0ERKaLb0EEC2ES1_
                0x00000000080025fa       0x1c ./Core/Src/UML_FSM.o
                0x00000000080025fa                std::_Head_base<0u, signed char const&, false>::_Head_base(signed char const&)
                0x00000000080025fa                std::_Head_base<0u, signed char const&, false>::_Head_base(signed char const&)
 .text._ZNSt16allocator_traitsISaINSt8__detail10_Hash_nodeISt4pairIKaP9BaseStateELb0EEEEE8allocateERS8_j
                0x0000000008002616       0x1e ./Core/Src/UML_FSM.o
                0x0000000008002616                std::allocator_traits<std::allocator<std::__detail::_Hash_node<std::pair<signed char const, BaseState*>, false> > >::allocate(std::allocator<std::__detail::_Hash_node<std::pair<signed char const, BaseState*>, false> >&, unsigned int)
 .text._ZSt12__to_addressINSt8__detail10_Hash_nodeISt4pairIKaP9BaseStateELb0EEEEPT_S9_
                0x0000000008002634       0x14 ./Core/Src/UML_FSM.o
                0x0000000008002634                std::__detail::_Hash_node<std::pair<signed char const, BaseState*>, false>* std::__to_address<std::__detail::_Hash_node<std::pair<signed char const, BaseState*>, false> >(std::__detail::_Hash_node<std::pair<signed char const, BaseState*>, false>*)
 .text._ZNSt16allocator_traitsISaINSt8__detail10_Hash_nodeISt4pairIKaP9BaseStateELb0EEEEE9constructIS6_JRKSt21piecewise_construct_tSt5tupleIJRS3_EESE_IJEEEEEvRS8_PT_DpOT0_
                0x0000000008002648       0x3c ./Core/Src/UML_FSM.o
                0x0000000008002648                void std::allocator_traits<std::allocator<std::__detail::_Hash_node<std::pair<signed char const, BaseState*>, false> > >::construct<std::pair<signed char const, BaseState*>, std::piecewise_construct_t const&, std::tuple<signed char const&>, std::tuple<> >(std::allocator<std::__detail::_Hash_node<std::pair<signed char const, BaseState*>, false> >&, std::pair<signed char const, BaseState*>*, std::piecewise_construct_t const&, std::tuple<signed char const&>&&, std::tuple<>&&)
 .text._ZNSt16allocator_traitsISaINSt8__detail10_Hash_nodeISt4pairIKaP9BaseStateELb0EEEEE10deallocateERS8_PS7_j
                0x0000000008002684       0x1e ./Core/Src/UML_FSM.o
                0x0000000008002684                std::allocator_traits<std::allocator<std::__detail::_Hash_node<std::pair<signed char const, BaseState*>, false> > >::deallocate(std::allocator<std::__detail::_Hash_node<std::pair<signed char const, BaseState*>, false> >&, std::__detail::_Hash_node<std::pair<signed char const, BaseState*>, false>*, unsigned int)
 .text._ZNSt10_HashtableIaSt4pairIKaP9BaseStateESaIS4_ENSt8__detail10_Select1stESt8equal_toIaESt4hashIaENS6_18_Mod_range_hashingENS6_20_Default_ranged_hashENS6_20_Prime_rehash_policyENS6_17_Hashtable_traitsILb0ELb0ELb1EEEE13_M_rehash_auxEjSt17integral_constantIbLb1EE
                0x00000000080026a2       0xc8 ./Core/Src/UML_FSM.o
                0x00000000080026a2                std::_Hashtable<signed char, std::pair<signed char const, BaseState*>, std::allocator<std::pair<signed char const, BaseState*> >, std::__detail::_Select1st, std::equal_to<signed char>, std::hash<signed char>, std::__detail::_Mod_range_hashing, std::__detail::_Default_ranged_hash, std::__detail::_Prime_rehash_policy, std::__detail::_Hashtable_traits<false, false, true> >::_M_rehash_aux(unsigned int, std::integral_constant<bool, true>)
 .text._ZNK9__gnu_cxx13new_allocatorIPaE11_M_max_sizeEv
                0x000000000800276a       0x16 ./Core/Src/UML_FSM.o
                0x000000000800276a                __gnu_cxx::new_allocator<signed char*>::_M_max_size() const
 .text._ZN9__gnu_cxx13new_allocatorIPaE8allocateEjPKv
                0x0000000008002780       0x52 ./Core/Src/UML_FSM.o
                0x0000000008002780                __gnu_cxx::new_allocator<signed char*>::allocate(unsigned int, void const*)
 .text._ZN9__gnu_cxx13new_allocatorIaE10deallocateEPaj
                0x00000000080027d2       0x1c ./Core/Src/UML_FSM.o
                0x00000000080027d2                __gnu_cxx::new_allocator<signed char>::deallocate(signed char*, unsigned int)
 .text._ZN9__gnu_cxx13new_allocatorIPaEC2Ev
                0x00000000080027ee       0x14 ./Core/Src/UML_FSM.o
                0x00000000080027ee                __gnu_cxx::new_allocator<signed char*>::new_allocator()
                0x00000000080027ee                __gnu_cxx::new_allocator<signed char*>::new_allocator()
 .text._ZNSt8__detail21_Hashtable_ebo_helperILi0ESaINS_10_Hash_nodeISt4pairIKaP9BaseStateELb0EEEELb1EE6_M_getEv
                0x0000000008002802       0x14 ./Core/Src/UML_FSM.o
                0x0000000008002802                std::__detail::_Hashtable_ebo_helper<0, std::allocator<std::__detail::_Hash_node<std::pair<signed char const, BaseState*>, false> >, true>::_M_get()
 .text._ZN9__gnu_cxx13new_allocatorINSt8__detail10_Hash_nodeISt4pairIKaP9BaseStateELb0EEEE7destroyIS7_EEvPT_
                0x0000000008002816       0x14 ./Core/Src/UML_FSM.o
                0x0000000008002816                void __gnu_cxx::new_allocator<std::__detail::_Hash_node<std::pair<signed char const, BaseState*>, false> >::destroy<std::pair<signed char const, BaseState*> >(std::pair<signed char const, BaseState*>*)
 .text._ZNSt14pointer_traitsIPNSt8__detail10_Hash_nodeISt4pairIKaP9BaseStateELb0EEEE10pointer_toERS7_
                0x000000000800282a       0x18 ./Core/Src/UML_FSM.o
                0x000000000800282a                std::pointer_traits<std::__detail::_Hash_node<std::pair<signed char const, BaseState*>, false>*>::pointer_to(std::__detail::_Hash_node<std::pair<signed char const, BaseState*>, false>&)
 .text._ZSt9addressofIPNSt8__detail15_Hash_node_baseEEPT_RS3_
                0x0000000008002842       0x18 ./Core/Src/UML_FSM.o
                0x0000000008002842                std::__detail::_Hash_node_base** std::addressof<std::__detail::_Hash_node_base*>(std::__detail::_Hash_node_base*&)
 .text._ZN9__gnu_cxx13new_allocatorIPNSt8__detail15_Hash_node_baseEEC2Ev
                0x000000000800285a       0x14 ./Core/Src/UML_FSM.o
                0x000000000800285a                __gnu_cxx::new_allocator<std::__detail::_Hash_node_base*>::new_allocator()
                0x000000000800285a                __gnu_cxx::new_allocator<std::__detail::_Hash_node_base*>::new_allocator()
 .text._ZN9__gnu_cxx13new_allocatorIPNSt8__detail15_Hash_node_baseEED2Ev
                0x000000000800286e       0x14 ./Core/Src/UML_FSM.o
                0x000000000800286e                __gnu_cxx::new_allocator<std::__detail::_Hash_node_base*>::~new_allocator()
                0x000000000800286e                __gnu_cxx::new_allocator<std::__detail::_Hash_node_base*>::~new_allocator()
 .text._ZN9__gnu_cxx13new_allocatorIPNSt8__detail15_Hash_node_baseEE10deallocateEPS3_j
                0x0000000008002882       0x20 ./Core/Src/UML_FSM.o
                0x0000000008002882                __gnu_cxx::new_allocator<std::__detail::_Hash_node_base*>::deallocate(std::__detail::_Hash_node_base**, unsigned int)
 .text._ZNSt16allocator_traitsISaINSt8__detail10_Hash_nodeISt4pairIKaP9BaseStateELb0EEEEE9constructIS6_JRaS5_EEEvRS8_PT_DpOT0_
                0x00000000080028a2       0x30 ./Core/Src/UML_FSM.o
                0x00000000080028a2                void std::allocator_traits<std::allocator<std::__detail::_Hash_node<std::pair<signed char const, BaseState*>, false> > >::construct<std::pair<signed char const, BaseState*>, signed char&, BaseState*>(std::allocator<std::__detail::_Hash_node<std::pair<signed char const, BaseState*>, false> >&, std::pair<signed char const, BaseState*>*, signed char&, BaseState*&&)
 .text._ZNSt10__pair_getILj0EE5__getIKaP9BaseStateEERT_RSt4pairIS5_T0_E
                0x00000000080028d2       0x14 ./Core/Src/UML_FSM.o
                0x00000000080028d2                signed char const& std::__pair_get<0u>::__get<signed char const, BaseState*>(std::pair<signed char const, BaseState*>&)
 .text._ZNK9__gnu_cxx13new_allocatorIaE11_M_max_sizeEv
                0x00000000080028e6       0x16 ./Core/Src/UML_FSM.o
                0x00000000080028e6                __gnu_cxx::new_allocator<signed char>::_M_max_size() const
 .text._ZN9__gnu_cxx13new_allocatorIaE8allocateEjPKv
                0x00000000080028fc       0x42 ./Core/Src/UML_FSM.o
                0x00000000080028fc                __gnu_cxx::new_allocator<signed char>::allocate(unsigned int, void const*)
 .text._ZNSt8__detail15_Hashtable_baseIaSt4pairIKaP9BaseStateENS_10_Select1stESt8equal_toIaESt4hashIaENS_18_Mod_range_hashingENS_20_Default_ranged_hashENS_17_Hashtable_traitsILb0ELb0ELb1EEEE9_S_equalsEjRKNS_21_Hash_node_code_cacheILb0EEE
                0x000000000800293e       0x16 ./Core/Src/UML_FSM.o
                0x000000000800293e                std::__detail::_Hashtable_base<signed char, std::pair<signed char const, BaseState*>, std::__detail::_Select1st, std::equal_to<signed char>, std::hash<signed char>, std::__detail::_Mod_range_hashing, std::__detail::_Default_ranged_hash, std::__detail::_Hashtable_traits<false, false, true> >::_S_equals(unsigned int, std::__detail::_Hash_node_code_cache<false> const&)