Archive member included to satisfy reference by file (symbol)

/opt/st/stm32cubeide_1.14.0/plugins/com.st.stm32cube.ide.mcu.externaltools.gnu-tools-for-stm32.11.3.rel1.linux64_1.1.100.202309141235/tools/bin/../lib/gcc/arm-none-eabi/11.3.1/../../../../arm-none-eabi/lib/thumb/v7-m/nofp/libstdc++_nano.a(del_ops.o)
                              ./Core/Src/UML_FSM.o (operator delete(void*, unsigned int))
/opt/st/stm32cubeide_1.14.0/plugins/com.st.stm32cube.ide.mcu.externaltools.gnu-tools-for-stm32.11.3.rel1.linux64_1.1.100.202309141235/tools/bin/../lib/gcc/arm-none-eabi/11.3.1/../../../../arm-none-eabi/lib/thumb/v7-m/nofp/libstdc++_nano.a(new_op.o)
                              ./Core/Src/UML_FSM.o (operator new(unsigned int))
/opt/st/stm32cubeide_1.14.0/plugins/com.st.stm32cube.ide.mcu.externaltools.gnu-tools-for-stm32.11.3.rel1.linux64_1.1.100.202309141235/tools/bin/../lib/gcc/arm-none-eabi/11.3.1/../../../../arm-none-eabi/lib/thumb/v7-m/nofp/libstdc++_nano.a(functexcept.o)
                              ./Core/Src/UML_FSM.o (std::__throw_bad_alloc())
/opt/st/stm32cubeide_1.14.0/plugins/com.st.stm32cube.ide.mcu.externaltools.gnu-tools-for-stm32.11.3.rel1.linux64_1.1.100.202309141235/tools/bin/../lib/gcc/arm-none-eabi/11.3.1/../../../../arm-none-eabi/lib/thumb/v7-m/nofp/libstdc++_nano.a(snprintf_lite.o)
                              /opt/st/stm32cubeide_1.14.0/plugins/com.st.stm32cube.ide.mcu.externaltools.gnu-tools-for-stm32.11.3.rel1.linux64_1.1.100.202309141235/tools/bin/../lib/gcc/arm-none-eabi/11.3.1/../../../../arm-none-eabi/lib/thumb/v7-m/nofp/libstdc++_nano.a(functexcept.o) (__gnu_cxx::__snprintf_lite(char*, unsigned int, char const*, std::__va_list))
/opt/st/stm32cubeide_1.14.0/plugins/com.st.stm32cube.ide.mcu.externaltools.gnu-tools-for-stm32.11.3.rel1.linux64_1.1.100.202309141235/tools/bin/../lib/gcc/arm-none-eabi/11.3.1/../../../../arm-none-eabi/lib/thumb/v7-m/nofp/libstdc++_nano.a(del_op.o)
                              /opt/st/stm32cubeide_1.14.0/plugins/com.st.stm32cube.ide.mcu.externaltools.gnu-tools-for-stm32.11.3.rel1.linux64_1.1.100.202309141235/tools/bin/../lib/gcc/arm-none-eabi/11.3.1/../../../../arm-none-eabi/lib/thumb/v7-m/nofp/libstdc++_nano.a(del_ops.o) (operator delete(void*))
/opt/st/stm32cubeide_1.14.0/plugins/com.st.stm32cube.ide.mcu.externaltools.gnu-tools-for-stm32.11.3.rel1.linux64_1.1.100.202309141235/tools/bin/../lib/gcc/arm-none-eabi/11.3.1/../../../../arm-none-eabi/lib/thumb/v7-m/nofp/libstdc++_nano.a(new_handler.o)
                              /opt/st/stm32cubeide_1.14.0/plugins/com.st.stm32cube.ide.mcu.externaltools.gnu-tools-for-stm32.11.3.rel1.linux64_1.1.100.202309141235/tools/bin/../lib/gcc/arm-none-eabi/11.3.1/../../../../arm-none-eabi/lib/thumb/v7-m/nofp/libstdc++_nano.a(new_op.o) (std::get_new_handler())
/opt/st/stm32cubeide_1.14.0/plugins/com.st.stm32cube.ide.mcu.externaltools.gnu-tools-for-stm32.11.3.rel1.linux64_1.1.100.202309141235/tools/bin/../lib/gcc/arm-none-eabi/11.3.1/../../../../arm-none-eabi/lib/thumb/v7-m/nofp/libc_nano.a(libc_a-abort.o)
                              /opt/st/stm32cubeide_1.14.0/plugins/com.st.stm32cube.ide.mcu.externaltools.gnu-tools-for-stm32.11.3.rel1.linux64_1.1.100.202309141235/tools/bin/../lib/gcc/arm-none-eabi/11.3.1/../../../../arm-none-eabi/lib/thumb/v7-m/nofp/libstdc++_nano.a(new_op.o) (abort)
/opt/st/stm32cubeide_1.14.0/plugins/com.st.stm32cube.ide.mcu.externaltools.gnu-tools-for-stm32.11.3.rel1.linux64_1.1.100.202309141235/tools/bin/../lib/gcc/arm-none-eabi/11.3.1/../../../../arm-none-eabi/lib/thumb/v7-m/nofp/libc_nano.a(libc_a-exit.o)
                              /opt/st/stm32cubeide_1.14.0/plugins/com.st.stm32cube.ide.mcu.externaltools.gnu-tools-for-stm32.11.3.rel1.linux64_1.1.100.202309141235/tools/bin/../lib/gcc/arm-none-eabi/11.3.1/../../../../arm-none-eabi/lib/thumb/v7-m/nofp/crt0.o (exit)
/opt/st/stm32cubeide_1.14.0/plugins/com.st.stm32cube.ide.mcu.externaltools.gnu-tools-for-stm32.11.3.rel1.linux64_1.1.100.202309141235/tools/bin/../lib/gcc/arm-none-eabi/11.3.1/../../../../arm-none-eabi/lib/thumb/v7-m/nofp/libc_nano.a(libc_a-malloc.o)
                              /opt/st/stm32cubeide_1.14.0/plugins/com.st.stm32cube.ide.mcu.externaltools.gnu-tools-for-stm32.11.3.rel1.linux64_1.1.100.202309141235/tools/bin/../lib/gcc/arm-none-eabi/11.3.1/../../../../arm-none-eabi/lib/thumb/v7-m/nofp/libstdc++_nano.a(new_op.o) (malloc)
/opt/st/stm32cubeide_1.14.0/plugins/com.st.stm32cube.ide.mcu.externaltools.gnu-tools-for-stm32.11.3.rel1.linux64_1.1.100.202309141235/tools/bin/../lib/gcc/arm-none-eabi/11.3.1/../../../../arm-none-eabi/lib/thumb/v7-m/nofp/libc_nano.a(libc_a-mallocr.o)
                              /opt/st/stm32cubeide_1.14.0/plugins/com.st.stm32cube.ide.mcu.externaltools.gnu-tools-for-stm32.11.3.rel1.linux64_1.1.100.202309141235/tools/bin/../lib/gcc/arm-none-eabi/11.3.1/../../../../arm-none-eabi/lib/thumb/v7-m/nofp/libc_nano.a(libc_a-malloc.o) (_malloc_r)
[...]
Memory Configuration

Name             Origin             Length             Attributes
RAM              0x0000000020000000 0x0000000000005000 xrw
FLASH            0x0000000008000000 0x0000000000010000 xr
*default*        0x0000000000000000 0xffffffffffffffff

Linker script and memory map

LOAD /opt/st/stm32cubeide_1.14.0/plugins/com.st.stm32cube.ide.mcu.externaltools.gnu-tools-for-stm32.11.3.rel1.linux64_1.1.100.202309141235/tools/bin/../lib/gcc/arm-none-eabi/11.3.1/thumb/v7-m/nofp/crti.o
LOAD /opt/st/stm32cubeide_1.14.0/plugins/com.st.stm32cube.ide.mcu.externaltools.gnu-tools-for-stm32.11.3.rel1.linux64_1.1.100.202309141235/tools/bin/../lib/gcc/arm-none-eabi/11.3.1/thumb/v7-m/nofp/crtbegin.o
LOAD /opt/st/stm32cubeide_1.14.0/plugins/com.st.stm32cube.ide.mcu.externaltools.gnu-tools-for-stm32.11.3.rel1.linux64_1.1.100.202309141235/tools/bin/../lib/gcc/arm-none-eabi/11.3.1/../../../../arm-none-eabi/lib/thumb/v7-m/nofp/crt0.o
LOAD ./Core/Src/Queue_my.o
LOAD ./Core/Src/UML_FSM.o
LOAD ./Core/Src/freertos.o
LOAD ./Core/Src/main.o
LOAD ./Core/Src/stm32f1xx_hal_msp.o
LOAD ./Core/Src/stm32f1xx_hal_timebase_tim.o
LOAD ./Core/Src/stm32f1xx_it.o
LOAD ./Core/Src/syscalls.o
LOAD ./Core/Src/sysmem.o
LOAD ./Core/Src/system_stm32f1xx.o
LOAD ./Core/Startup/startup_stm32f103c8tx.o
LOAD ./Drivers/STM32F1xx_HAL_Driver/Src/stm32f1xx_hal.o
LOAD ./Drivers/STM32F1xx_HAL_Driver/Src/stm32f1xx_hal_cortex.o
LOAD ./Drivers/STM32F1xx_HAL_Driver/Src/stm32f1xx_hal_dma.o
LOAD ./Drivers/STM32F1xx_HAL_Driver/Src/stm32f1xx_hal_exti.o
LOAD ./Drivers/STM32F1xx_HAL_Driver/Src/stm32f1xx_hal_flash.o
LOAD ./Drivers/STM32F1xx_HAL_Driver/Src/stm32f1xx_hal_flash_ex.o
LOAD ./Drivers/STM32F1xx_HAL_Driver/Src/stm32f1xx_hal_gpio.o
LOAD ./Drivers/STM32F1xx_HAL_Driver/Src/stm32f1xx_hal_gpio_ex.o
LOAD ./Drivers/STM32F1xx_HAL_Driver/Src/stm32f1xx_hal_pwr.o
LOAD ./Drivers/STM32F1xx_HAL_Driver/Src/stm32f1xx_hal_rcc.o
LOAD ./Drivers/STM32F1xx_HAL_Driver/Src/stm32f1xx_hal_rcc_ex.o
LOAD ./Drivers/STM32F1xx_HAL_Driver/Src/stm32f1xx_hal_tim.o
LOAD ./Drivers/STM32F1xx_HAL_Driver/Src/stm32f1xx_hal_tim_ex.o
LOAD ./Middlewares/Third_Party/FreeRTOS/Source/CMSIS_RTOS_V2/cmsis_os2.o
LOAD ./Middlewares/Third_Party/FreeRTOS/Source/croutine.o
LOAD ./Middlewares/Third_Party/FreeRTOS/Source/event_groups.o
LOAD ./Middlewares/Third_Party/FreeRTOS/Source/list.o
LOAD ./Middlewares/Third_Party/FreeRTOS/Source/queue.o
LOAD ./Middlewares/Third_Party/FreeRTOS/Source/stream_buffer.o
LOAD ./Middlewares/Third_Party/FreeRTOS/Source/tasks.o
LOAD ./Middlewares/Third_Party/FreeRTOS/Source/timers.o
LOAD ./Middlewares/Third_Party/FreeRTOS/Source/portable/GCC/ARM_CM3/port.o
LOAD ./Middlewares/Third_Party/FreeRTOS/Source/portable/MemMang/heap_4.o
START GROUP
LOAD /opt/st/stm32cubeide_1.14.0/plugins/com.st.stm32cube.ide.mcu.externaltools.gnu-tools-for-stm32.11.3.rel1.linux64_1.1.100.202309141235/tools/bin/../lib/gcc/arm-none-eabi/11.3.1/../../../../arm-none-eabi/lib/thumb/v7-m/nofp/libstdc++_nano.a
LOAD /opt/st/stm32cubeide_1.14.0/plugins/com.st.stm32cube.ide.mcu.externaltools.gnu-tools-for-stm32.11.3.rel1.linux64_1.1.100.202309141235/tools/bin/../lib/gcc/arm-none-eabi/11.3.1/../../../../arm-none-eabi/lib/thumb/v7-m/nofp/libsupc++_nano.a
END GROUP
LOAD /opt/st/stm32cubeide_1.14.0/plugins/com.st.stm32cube.ide.mcu.externaltools.gnu-tools-for-stm32.11.3.rel1.linux64_1.1.100.202309141235/tools/bin/../lib/gcc/arm-none-eabi/11.3.1/../../../../arm-none-eabi/lib/thumb/v7-m/nofp/libstdc++_nano.a
LOAD /opt/st/stm32cubeide_1.14.0/plugins/com.st.stm32cube.ide.mcu.externaltools.gnu-tools-for-stm32.11.3.rel1.linux64_1.1.100.202309141235/tools/bin/../lib/gcc/arm-none-eabi/11.3.1/../../../../arm-none-eabi/lib/thumb/v7-m/nofp/libm.a
LOAD /opt/st/stm32cubeide_1.14.0/plugins/com.st.stm32cube.ide.mcu.externaltools.gnu-tools-for-stm32.11.3.rel1.linux64_1.1.100.202309141235/tools/bin/../lib/gcc/arm-none-eabi/11.3.1/../../../../arm-none-eabi/lib/thumb/v7-m/nofp/libc_nano.a
START GROUP
LOAD /opt/st/stm32cubeide_1.14.0/plugins/com.st.stm32cube.ide.mcu.externaltools.gnu-tools-for-stm32.11.3.rel1.linux64_1.1.100.202309141235/tools/bin/../lib/gcc/arm-none-eabi/11.3.1/thumb/v7-m/nofp/libgcc.a
LOAD /opt/st/stm32cubeide_1.14.0/plugins/com.st.stm32cube.ide.mcu.externaltools.gnu-tools-for-stm32.11.3.rel1.linux64_1.1.100.202309141235/tools/bin/../lib/gcc/arm-none-eabi/11.3.1/../../../../arm-none-eabi/lib/thumb/v7-m/nofp/libc_nano.a
END GROUP
START GROUP
LOAD /opt/st/stm32cubeide_1.14.0/plugins/com.st.stm32cube.ide.mcu.externaltools.gnu-tools-for-stm32.11.3.rel1.linux64_1.1.100.202309141235/tools/bin/../lib/gcc/arm-none-eabi/11.3.1/thumb/v7-m/nofp/libgcc.a
LOAD /opt/st/stm32cubeide_1.14.0/plugins/com.st.stm32cube.ide.mcu.externaltools.gnu-tools-for-stm32.11.3.rel1.linux64_1.1.100.202309141235/tools/bin/../lib/gcc/arm-none-eabi/11.3.1/../../../../arm-none-eabi/lib/thumb/v7-m/nofp/libc_nano.a
LOAD /opt/st/stm32cubeide_1.14.0/plugins/com.st.stm32cube.ide.mcu.externaltools.gnu-tools-for-stm32.11.3.rel1.linux64_1.1.100.202309141235/tools/bin/../lib/gcc/arm-none-eabi/11.3.1/../../../../arm-none-eabi/lib/thumb/v7-m/nofp/libnosys.a
END GROUP
START GROUP
LOAD /opt/st/stm32cubeide_1.14.0/plugins/com.st.stm32cube.ide.mcu.externaltools.gnu-tools-for-stm32.11.3.rel1.linux64_1.1.100.202309141235/tools/bin/../lib/gcc/arm-none-eabi/11.3.1/thumb/v7-m/nofp/libgcc.a
LOAD /opt/st/stm32cubeide_1.14.0/plugins/com.st.stm32cube.ide.mcu.externaltools.gnu-tools-for-stm32.11.3.rel1.linux64_1.1.100.202309141235/tools/bin/../lib/gcc/arm-none-eabi/11.3.1/../../../../arm-none-eabi/lib/thumb/v7-m/nofp/libc_nano.a
LOAD /opt/st/stm32cubeide_1.14.0/plugins/com.st.stm32cube.ide.mcu.externaltools.gnu-tools-for-stm32.11.3.rel1.linux64_1.1.100.202309141235/tools/bin/../lib/gcc/arm-none-eabi/11.3.1/../../../../arm-none-eabi/lib/thumb/v7-m/nofp/libnosys.a
END GROUP
LOAD /opt/st/stm32cubeide_1.14.0/plugins/com.st.stm32cube.ide.mcu.externaltools.gnu-tools-for-stm32.11.3.rel1.linux64_1.1.100.202309141235/tools/bin/../lib/gcc/arm-none-eabi/11.3.1/thumb/v7-m/nofp/crtend.o
LOAD /opt/st/stm32cubeide_1.14.0/plugins/com.st.stm32cube.ide.mcu.externaltools.gnu-tools-for-stm32.11.3.rel1.linux64_1.1.100.202309141235/tools/bin/../lib/gcc/arm-none-eabi/11.3.1/thumb/v7-m/nofp/crtn.o
                0x0000000020005000                _estack = (ORIGIN (RAM) + LENGTH (RAM))
                0x0000000000000200                _Min_Heap_Size = 0x200
                0x0000000000000400                _Min_Stack_Size = 0x400

.isr_vector     0x0000000008000000      0x10c
                0x0000000008000000                . = ALIGN (0x4)
 *(.isr_vector)
 .isr_vector    0x0000000008000000      0x10c ./Core/Startup/startup_stm32f103c8tx.o
                0x0000000008000000                g_pfnVectors
                0x000000000800010c                . = ALIGN (0x4)

.text           0x0000000008000110     0x52e4
                0x0000000008000110                . = ALIGN (0x4)
 *(.text)
 .text          0x0000000008000110       0x40 /opt/st/stm32cubeide_1.14.0/plugins/com.st.stm32cube.ide.mcu.externaltools.gnu-tools-for-stm32.11.3.rel1.linux64_1.1.100.202309141235/tools/bin/../lib/gcc/arm-none-eabi/11.3.1/thumb/v7-m/nofp/crtbegin.o
 .text          0x0000000008000150       0x10 /opt/st/stm32cubeide_1.14.0/plugins/com.st.stm32cube.ide.mcu.externaltools.gnu-tools-for-stm32.11.3.rel1.linux64_1.1.100.202309141235/tools/bin/../lib/gcc/arm-none-eabi/11.3.1/../../../../arm-none-eabi/lib/thumb/v7-m/nofp/libc_nano.a(libc_a-strlen.o)
                0x0000000008000150                strlen
 *(.text*)
 .text._ZSt17__size_to_integerj
                0x0000000008000160       0x14 ./Core/Src/UML_FSM.o
                0x0000000008000160                std::__size_to_integer(unsigned int)
 .text._ZSt16__deque_buf_sizej
                0x0000000008000174       0x28 ./Core/Src/UML_FSM.o
                0x0000000008000174                std::__deque_buf_size(unsigned int)
 .text._ZNSt5queueIaSt5dequeIaSaIaEEED2Ev
                0x000000000800019c       0x1a ./Core/Src/UML_FSM.o
                0x000000000800019c                std::queue<signed char, std::deque<signed char, std::allocator<signed char> > >::~queue()
                0x000000000800019c                std::queue<signed char, std::deque<signed char, std::allocator<signed char> > >::~queue()
 .text._ZN15TransitionTableC2Ev
                0x00000000080001b6       0x3e ./Core/Src/UML_FSM.o
                0x00000000080001b6                TransitionTable::TransitionTable()
                0x00000000080001b6                TransitionTable::TransitionTable()
 .text._ZN15TransitionTableD2Ev
                0x00000000080001f4       0x1c ./Core/Src/UML_FSM.o
                0x00000000080001f4                TransitionTable::~TransitionTable()
                0x00000000080001f4                TransitionTable::~TransitionTable()
 .text._ZNSt5queueIaSt5dequeIaSaIaEEEaSEOS3_
                0x0000000008000210       0x20 ./Core/Src/UML_FSM.o
                0x0000000008000210                std::queue<signed char, std::deque<signed char, std::allocator<signed char> > >::operator=(std::queue<signed char, std::deque<signed char, std::allocator<signed char> > >&&)
 .text._ZN15TransitionTableaSEOS_
                0x0000000008000230       0x72 ./Core/Src/UML_FSM.o
                0x0000000008000230                TransitionTable::operator=(TransitionTable&&)
 .text._ZN18FiniteStateMachineC2Ev
                0x00000000080002a2       0x4c ./Core/Src/UML_FSM.o
                0x00000000080002a2                FiniteStateMachine::FiniteStateMachine()
                0x00000000080002a2                FiniteStateMachine::FiniteStateMachine()
 .text._ZN9BaseStateC2EaaP18FiniteStateMachinePFvvE
                0x00000000080002ee       0x36 ./Core/Src/UML_FSM.o
                0x00000000080002ee                BaseState::BaseState(signed char, signed char, FiniteStateMachine*, void (*)())
                0x00000000080002ee                BaseState::BaseState(signed char, signed char, FiniteStateMachine*, void (*)())
 .text._ZN14StandardStatesC2EaaP18FiniteStateMachinePFvvE
                0x0000000008000324       0x46 ./Core/Src/UML_FSM.o
                0x0000000008000324                StandardStates::StandardStates(signed char, signed char, FiniteStateMachine*, void (*)())
                0x0000000008000324                StandardStates::StandardStates(signed char, signed char, FiniteStateMachine*, void (*)())
 .text._ZN18FiniteStateMachine19createStateStandartEaaPFvvE
                0x000000000800036a       0x32 ./Core/Src/UML_FSM.o
                0x000000000800036a                FiniteStateMachine::createStateStandart(signed char, signed char, void (*)())
 .text._ZNSt5dequeIaSaIaEEC2Ev
                0x000000000800039c       0x1a ./Core/Src/UML_FSM.o
                0x000000000800039c                std::deque<signed char, std::allocator<signed char> >::deque()
                0x000000000800039c                std::deque<signed char, std::allocator<signed char> >::deque()
 .text._ZNSt5queueIaSt5dequeIaSaIaEEEC2IS2_vEEv
                0x00000000080003b6       0x28 ./Core/Src/UML_FSM.o
                0x00000000080003b6                std::queue<signed char, std::deque<signed char, std::allocator<signed char> > >::queue<std::deque<signed char, std::allocator<signed char> >, void>()
                0x00000000080003b6                std::queue<signed char, std::deque<signed char, std::allocator<signed char> > >::queue<std::deque<signed char, std::allocator<signed char> >, void>()
 .text._ZNSt5dequeIaSaIaEED2Ev
                0x00000000080003de       0x4a ./Core/Src/UML_FSM.o
                0x00000000080003de                std::deque<signed char, std::allocator<signed char> >::~deque()
                0x00000000080003de                std::deque<signed char, std::allocator<signed char> >::~deque()
 .text._ZNSt5arrayIPFvvELj10EE4fillERKS1_
                0x0000000008000428       0x2c ./Core/Src/UML_FSM.o
                0x0000000008000428                std::array<void (*)(), 10u>::fill(void (* const&)())
 .text._ZNSt5dequeIaSaIaEEaSEOS1_
                0x0000000008000454       0x26 ./Core/Src/UML_FSM.o
                0x0000000008000454                std::deque<signed char, std::allocator<signed char> >::operator=(std::deque<signed char, std::allocator<signed char> >&&)
 *fill*         0x000000000800047a        0x2 
 .text._ZNSt5arrayIPFvvELj10EE2atEj
                0x000000000800047c       0x34 ./Core/Src/UML_FSM.o
                0x000000000800047c                std::array<void (*)(), 10u>::at(unsigned int)
 .text._ZNSt11_Deque_baseIaSaIaEE11_Deque_implD2Ev
                0x00000000080004b0       0x18 ./Core/Src/UML_FSM.o
                0x00000000080004b0                std::_Deque_base<signed char, std::allocator<signed char> >::_Deque_impl::~_Deque_impl()
                0x00000000080004b0                std::_Deque_base<signed char, std::allocator<signed char> >::_Deque_impl::~_Deque_impl()
 .text._ZNSt11_Deque_baseIaSaIaEEC2Ev
                0x00000000080004c8       0x22 ./Core/Src/UML_FSM.o
                0x00000000080004c8                std::_Deque_base<signed char, std::allocator<signed char> >::_Deque_base()
                0x00000000080004c8                std::_Deque_base<signed char, std::allocator<signed char> >::_Deque_base()
 .text._ZNSt11_Deque_baseIaSaIaEED2Ev
                0x00000000080004ea       0x44 ./Core/Src/UML_FSM.o
                0x00000000080004ea                std::_Deque_base<signed char, std::allocator<signed char> >::~_Deque_base()
                0x00000000080004ea                std::_Deque_base<signed char, std::allocator<signed char> >::~_Deque_base()
 .text._ZNSt5dequeIaSaIaEE5beginEv
                0x000000000800052e       0x1e ./Core/Src/UML_FSM.o
                0x000000000800052e                std::deque<signed char, std::allocator<signed char> >::begin()
 .text._ZNSt5dequeIaSaIaEE3endEv
                0x000000000800054c       0x1e ./Core/Src/UML_FSM.o
                0x000000000800054c                std::deque<signed char, std::allocator<signed char> >::end()
 .text._ZNSt11_Deque_baseIaSaIaEE19_M_get_Tp_allocatorEv
                0x000000000800056a       0x14 ./Core/Src/UML_FSM.o
                0x000000000800056a                std::_Deque_base<signed char, std::allocator<signed char> >::_M_get_Tp_allocator()
 .text._ZNSt15_Deque_iteratorIaRaPaEC2ERKS2_
                0x000000000800057e       0x36 ./Core/Src/UML_FSM.o
                0x000000000800057e                std::_Deque_iterator<signed char, signed char&, signed char*>::_Deque_iterator(std::_Deque_iterator<signed char, signed char&, signed char*> const&)
                0x000000000800057e                std::_Deque_iterator<signed char, signed char&, signed char*>::_Deque_iterator(std::_Deque_iterator<signed char, signed char&, signed char*> const&)
 .text._ZNSt5dequeIaSaIaEE15_M_destroy_dataESt15_Deque_iteratorIaRaPaES5_RKS0_
                0x00000000080005b4       0x18 ./Core/Src/UML_FSM.o
                0x00000000080005b4                std::deque<signed char, std::allocator<signed char> >::_M_destroy_data(std::_Deque_iterator<signed char, signed char&, signed char*>, std::_Deque_iterator<signed char, signed char&, signed char*>, std::allocator<signed char> const&)
 .text._ZNSt5arrayIPFvvELj10EE5beginEv
                0x00000000080005cc       0x18 ./Core/Src/UML_FSM.o
                0x00000000080005cc                std::array<void (*)(), 10u>::begin()
 .text._ZNKSt5arrayIPFvvELj10EE4sizeEv
                0x00000000080005e4       0x14 ./Core/Src/UML_FSM.o
                0x00000000080005e4                std::array<void (*)(), 10u>::size() const
 .text._ZSt6fill_nIPPFvvEjS1_ET_S3_T0_RKT1_
                0x00000000080005f8       0x36 ./Core/Src/UML_FSM.o
                0x00000000080005f8                void (**std::fill_n<void (**)(), unsigned int, void (*)()>(void (**)(), unsigned int, void (* const&)()))()
 .text._ZSt4moveIRSt5dequeIaSaIaEEEONSt16remove_referenceIT_E4typeEOS5_
                0x000000000800062e       0x14 ./Core/Src/UML_FSM.o
                0x000000000800062e                std::remove_reference<std::deque<signed char, std::allocator<signed char> >&>::type&& std::move<std::deque<signed char, std::allocator<signed char> >&>(std::deque<signed char, std::allocator<signed char> >&)
 .text._ZNSt5dequeIaSaIaEE15_M_move_assign1EOS1_St17integral_constantIbLb1EE
                0x0000000008000642       0x42 ./Core/Src/UML_FSM.o
                0x0000000008000642                std::deque<signed char, std::allocator<signed char> >::_M_move_assign1(std::deque<signed char, std::allocator<signed char> >&&, std::integral_constant<bool, true>)
 .text._ZNSt14__array_traitsIPFvvELj10EE6_S_refERA10_KS1_j
                0x0000000008000684       0x1c ./Core/Src/UML_FSM.o
                0x0000000008000684                std::__array_traits<void (*)(), 10u>::_S_ref(void (* const (&) [10])(), unsigned int)
 .text._ZNSt11_Deque_baseIaSaIaEE11_Deque_implC2Ev
                0x00000000080006a0       0x20 ./Core/Src/UML_FSM.o
                0x00000000080006a0                std::_Deque_base<signed char, std::allocator<signed char> >::_Deque_impl::_Deque_impl()
                0x00000000080006a0                std::_Deque_base<signed char, std::allocator<signed char> >::_Deque_impl::_Deque_impl()
 .text._ZNSaIaED2Ev
                0x00000000080006c0       0x18 ./Core/Src/UML_FSM.o
                0x00000000080006c0                std::allocator<signed char>::~allocator()
                0x00000000080006c0                std::allocator<signed char>::~allocator()
 .text._ZNSt11_Deque_baseIaSaIaEE17_M_initialize_mapEj
                0x00000000080006d8       0xc4 ./Core/Src/UML_FSM.o
                0x00000000080006d8                std::_Deque_base<signed char, std::allocator<signed char> >::_M_initialize_map(unsigned int)
 .text._ZNSt11_Deque_baseIaSaIaEE16_M_destroy_nodesEPPaS3_
                0x000000000800079c       0x36 ./Core/Src/UML_FSM.o
                0x000000000800079c                std::_Deque_base<signed char, std::allocator<signed char> >::_M_destroy_nodes(signed char**, signed char**)
 .text._ZNSt11_Deque_baseIaSaIaEE17_M_deallocate_mapEPPaj
                0x00000000080007d2       0x36 ./Core/Src/UML_FSM.o
                0x00000000080007d2                std::_Deque_base<signed char, std::allocator<signed char> >::_M_deallocate_map(signed char**, unsigned int)
 .text._ZNSt5arrayIPFvvELj10EE4dataEv
                0x0000000008000808       0x1a ./Core/Src/UML_FSM.o
                0x0000000008000808                std::array<void (*)(), 10u>::data()
 .text._ZSt19__iterator_categoryIPPFvvEENSt15iterator_traitsIT_E17iterator_categoryERKS4_
                0x0000000008000822       0x14 ./Core/Src/UML_FSM.o
                0x0000000008000822                std::iterator_traits<void (**)()>::iterator_category std::__iterator_category<void (**)()>(void (** const&)())
 .text._ZSt10__fill_n_aIPPFvvEjS1_ET_S3_T0_RKT1_St26random_access_iterator_tag
                0x0000000008000836       0x3a ./Core/Src/UML_FSM.o
                0x0000000008000836                void (**std::__fill_n_a<void (**)(), unsigned int, void (*)()>(void (**)(), unsigned int, void (* const&)(), std::random_access_iterator_tag))()
 .text._ZNSt11_Deque_baseIaSaIaEE16_Deque_impl_data12_M_swap_dataERS2_
                0x0000000008000870       0x1a ./Core/Src/UML_FSM.o
                0x0000000008000870                std::_Deque_base<signed char, std::allocator<signed char> >::_Deque_impl_data::_M_swap_data(std::_Deque_base<signed char, std::allocator<signed char> >::_Deque_impl_data&)
 .text._ZNSt5dequeIaSaIaEE5clearEv
                0x000000000800088a       0x28 ./Core/Src/UML_FSM.o
                0x000000000800088a                std::deque<signed char, std::allocator<signed char> >::clear()
 .text._ZSt15__alloc_on_moveISaIaEEvRT_S2_
                0x00000000080008b2       0x1c ./Core/Src/UML_FSM.o
                0x00000000080008b2                void std::__alloc_on_move<std::allocator<signed char> >(std::allocator<signed char>&, std::allocator<signed char>&)
 .text._ZNSaIaEC2Ev
                0x00000000080008ce       0x18 ./Core/Src/UML_FSM.o
                0x00000000080008ce                std::allocator<signed char>::allocator()
                0x00000000080008ce                std::allocator<signed char>::allocator()
 .text._ZNSt11_Deque_baseIaSaIaEE16_Deque_impl_dataC2Ev
                0x00000000080008e6       0x32 ./Core/Src/UML_FSM.o
                0x00000000080008e6                std::_Deque_base<signed char, std::allocator<signed char> >::_Deque_impl_data::_Deque_impl_data()
                0x00000000080008e6                std::_Deque_base<signed char, std::allocator<signed char> >::_Deque_impl_data::_Deque_impl_data()
 .text._ZN9__gnu_cxx13new_allocatorIaED2Ev
                0x0000000008000918       0x14 ./Core/Src/UML_FSM.o
                0x0000000008000918                __gnu_cxx::new_allocator<signed char>::~new_allocator()
                0x0000000008000918                __gnu_cxx::new_allocator<signed char>::~new_allocator()
 .text._ZSt3maxIjERKT_S2_S2_
                0x000000000800092c       0x26 ./Core/Src/UML_FSM.o
                0x000000000800092c                unsigned int const& std::max<unsigned int>(unsigned int const&, unsigned int const&)
 .text._ZNSt11_Deque_baseIaSaIaEE15_M_allocate_mapEj
                0x0000000008000952       0x3a ./Core/Src/UML_FSM.o
                0x0000000008000952                std::_Deque_base<signed char, std::allocator<signed char> >::_M_allocate_map(unsigned int)
 .text._ZNSt11_Deque_baseIaSaIaEE15_M_create_nodesEPPaS3_
                0x000000000800098c       0x36 ./Core/Src/UML_FSM.o
                0x000000000800098c                std::_Deque_base<signed char, std::allocator<signed char> >::_M_create_nodes(signed char**, signed char**)
 .text._ZNSt15_Deque_iteratorIaRaPaE11_M_set_nodeEPS1_
                0x00000000080009c2       0x30 ./Core/Src/UML_FSM.o
                0x00000000080009c2                std::_Deque_iterator<signed char, signed char&, signed char*>::_M_set_node(signed char**)
 .text._ZNSt11_Deque_baseIaSaIaEE18_M_deallocate_nodeEPa
                0x00000000080009f2       0x26 ./Core/Src/UML_FSM.o
                0x00000000080009f2                std::_Deque_base<signed char, std::allocator<signed char> >::_M_deallocate_node(signed char*)
 .text._ZNKSt11_Deque_baseIaSaIaEE20_M_get_map_allocatorEv
                0x0000000008000a18       0x22 ./Core/Src/UML_FSM.o
                0x0000000008000a18                std::_Deque_base<signed char, std::allocator<signed char> >::_M_get_map_allocator() const
 .text._ZNSaIPaED2Ev
                0x0000000008000a3a       0x18 ./Core/Src/UML_FSM.o
                0x0000000008000a3a                std::allocator<signed char*>::~allocator()
                0x0000000008000a3a                std::allocator<signed char*>::~allocator()
 .text._ZNSt16allocator_traitsISaIPaEE10deallocateERS1_PS0_j
                0x0000000008000a52       0x1e ./Core/Src/UML_FSM.o
                0x0000000008000a52                std::allocator_traits<std::allocator<signed char*> >::deallocate(std::allocator<signed char*>&, signed char**, unsigned int)
 .text._ZNSt14__array_traitsIPFvvELj10EE6_S_ptrERA10_KS1_
                0x0000000008000a70       0x14 ./Core/Src/UML_FSM.o
                0x0000000008000a70                std::__array_traits<void (*)(), 10u>::_S_ptr(void (* const (&) [10])())
 .text._ZSt8__fill_aIPPFvvES1_EvT_S3_RKT0_
                0x0000000008000a84       0x1e ./Core/Src/UML_FSM.o
                0x0000000008000a84                void std::__fill_a<void (**)(), void (*)()>(void (**)(), void (**)(), void (* const&)())
 .text._ZSt4swapINSt11_Deque_baseIaSaIaEE16_Deque_impl_dataEENSt9enable_ifIXsrSt6__and_IJSt6__not_ISt15__is_tuple_likeIT_EESt21is_move_constructibleIS8_ESt18is_move_assignableIS8_EEE5valueEvE4typeERS8_SI_
                0x0000000008000aa2       0x66 ./Core/Src/UML_FSM.o
                0x0000000008000aa2                std::enable_if<std::__and_<std::__not_<std::__is_tuple_like<std::_Deque_base<signed char, std::allocator<signed char> >::_Deque_impl_data> >, std::is_move_constructible<std::_Deque_base<signed char, std::allocator<signed char> >::_Deque_impl_data>, std::is_move_assignable<std::_Deque_base<signed char, std::allocator<signed char> >::_Deque_impl_data> >::value, void>::type std::swap<std::_Deque_base<signed char, std::allocator<signed char> >::_Deque_impl_data>(std::_Deque_base<signed char, std::allocator<signed char> >::_Deque_impl_data&, std::_Deque_base<signed char, std::allocator<signed char> >::_Deque_impl_data&)
 .text._ZNSt5dequeIaSaIaEE15_M_erase_at_endESt15_Deque_iteratorIaRaPaE
                0x0000000008000b08       0x66 ./Core/Src/UML_FSM.o
                0x0000000008000b08                std::deque<signed char, std::allocator<signed char> >::_M_erase_at_end(std::_Deque_iterator<signed char, signed char&, signed char*>)
 .text._ZSt18__do_alloc_on_moveISaIaEEvRT_S2_St17integral_constantIbLb1EE
                0x0000000008000b6e       0x1a ./Core/Src/UML_FSM.o
                0x0000000008000b6e                void std::__do_alloc_on_move<std::allocator<signed char> >(std::allocator<signed char>&, std::allocator<signed char>&, std::integral_constant<bool, true>)
 .text._ZNSt11_Deque_baseIaSaIaEE16_M_allocate_nodeEv
                0x0000000008000b88       0x24 ./Core/Src/UML_FSM.o
                0x0000000008000b88                std::_Deque_base<signed char, std::allocator<signed char> >::_M_allocate_node()
 .text._ZN9__gnu_cxx13new_allocatorIaEC2Ev
                0x0000000008000bac       0x14 ./Core/Src/UML_FSM.o
                0x0000000008000bac                __gnu_cxx::new_allocator<signed char>::new_allocator()
                0x0000000008000bac                __gnu_cxx::new_allocator<signed char>::new_allocator()
 .text._ZNSt15_Deque_iteratorIaRaPaEC2Ev
                0x0000000008000bc0       0x2c ./Core/Src/UML_FSM.o
                0x0000000008000bc0                std::_Deque_iterator<signed char, signed char&, signed char*>::_Deque_iterator()
                0x0000000008000bc0                std::_Deque_iterator<signed char, signed char&, signed char*>::_Deque_iterator()
 .text._ZNSt16allocator_traitsISaIPaEE8allocateERS1_j
                0x0000000008000bec       0x1e ./Core/Src/UML_FSM.o
                0x0000000008000bec                std::allocator_traits<std::allocator<signed char*> >::allocate(std::allocator<signed char*>&, unsigned int)
 .text._ZNSt15_Deque_iteratorIaRaPaE14_S_buffer_sizeEv
                0x0000000008000c0a       0x10 ./Core/Src/UML_FSM.o
                0x0000000008000c0a                std::_Deque_iterator<signed char, signed char&, signed char*>::_S_buffer_size()
 .text._ZNSt16allocator_traitsISaIaEE10deallocateERS0_Paj
                0x0000000008000c1a       0x1e ./Core/Src/UML_FSM.o
                0x0000000008000c1a                std::allocator_traits<std::allocator<signed char> >::deallocate(std::allocator<signed char>&, signed char*, unsigned int)
 .text._ZNKSt11_Deque_baseIaSaIaEE19_M_get_Tp_allocatorEv
                0x0000000008000c38       0x14 ./Core/Src/UML_FSM.o
                0x0000000008000c38                std::_Deque_base<signed char, std::allocator<signed char> >::_M_get_Tp_allocator() const
 .text._ZNSaIPaEC2IaEERKSaIT_E
                0x0000000008000c4c       0x1a ./Core/Src/UML_FSM.o
                0x0000000008000c4c                std::allocator<signed char*>::allocator<signed char>(std::allocator<signed char> const&)
                0x0000000008000c4c                std::allocator<signed char*>::allocator<signed char>(std::allocator<signed char> const&)
 .text._ZN9__gnu_cxx13new_allocatorIPaED2Ev
                0x0000000008000c66       0x14 ./Core/Src/UML_FSM.o
                0x0000000008000c66                __gnu_cxx::new_allocator<signed char*>::~new_allocator()
                0x0000000008000c66                __gnu_cxx::new_allocator<signed char*>::~new_allocator()
 .text._ZN9__gnu_cxx13new_allocatorIPaE10deallocateEPS1_j
                0x0000000008000c7a       0x20 ./Core/Src/UML_FSM.o
                0x0000000008000c7a                __gnu_cxx::new_allocator<signed char*>::deallocate(signed char**, unsigned int)
 .text._ZSt9__fill_a1IPPFvvES1_EN9__gnu_cxx11__enable_ifIXsrSt11__is_scalarIT0_E7__valueEvE6__typeET_SA_RKS6_
                0x0000000008000c9a       0x34 ./Core/Src/UML_FSM.o
                0x0000000008000c9a                __gnu_cxx::__enable_if<std::__is_scalar<void (*)()>::__value, void>::__type std::__fill_a1<void (**)(), void (*)()>(void (**)(), void (**)(), void (* const&)())
 .text._ZSt4moveIRNSt11_Deque_baseIaSaIaEE16_Deque_impl_dataEEONSt16remove_referenceIT_E4typeEOS6_
                0x0000000008000cce       0x14 ./Core/Src/UML_FSM.o
                0x0000000008000cce                std::remove_reference<std::_Deque_base<signed char, std::allocator<signed char> >::_Deque_impl_data&>::type&& std::move<std::_Deque_base<signed char, std::allocator<signed char> >::_Deque_impl_data&>(std::_Deque_base<signed char, std::allocator<signed char> >::_Deque_impl_data&)
 .text._ZNSt11_Deque_baseIaSaIaEE16_Deque_impl_dataC2ERKS2_
                0x0000000008000ce2       0x48 ./Core/Src/UML_FSM.o
                0x0000000008000ce2                std::_Deque_base<signed char, std::allocator<signed char> >::_Deque_impl_data::_Deque_impl_data(std::_Deque_base<signed char, std::allocator<signed char> >::_Deque_impl_data const&)
                0x0000000008000ce2                std::_Deque_base<signed char, std::allocator<signed char> >::_Deque_impl_data::_Deque_impl_data(std::_Deque_base<signed char, std::allocator<signed char> >::_Deque_impl_data const&)
 .text._ZNSt11_Deque_baseIaSaIaEE16_Deque_impl_dataC2EOS2_
                0x0000000008000d2a       0x3e ./Core/Src/UML_FSM.o
                0x0000000008000d2a                std::_Deque_base<signed char, std::allocator<signed char> >::_Deque_impl_data::_Deque_impl_data(std::_Deque_base<signed char, std::allocator<signed char> >::_Deque_impl_data&&)
                0x0000000008000d2a                std::_Deque_base<signed char, std::allocator<signed char> >::_Deque_impl_data::_Deque_impl_data(std::_Deque_base<signed char, std::allocator<signed char> >::_Deque_impl_data&&)
 .text._ZSt4moveIRSaIaEEONSt16remove_referenceIT_E4typeEOS3_
                0x0000000008000d68       0x14 ./Core/Src/UML_FSM.o
                0x0000000008000d68                std::remove_reference<std::allocator<signed char>&>::type&& std::move<std::allocator<signed char>&>(std::allocator<signed char>&)
 .text._ZNSt16allocator_traitsISaIaEE8allocateERS0_j
                0x0000000008000d7c       0x1e ./Core/Src/UML_FSM.o
                0x0000000008000d7c                std::allocator_traits<std::allocator<signed char> >::allocate(std::allocator<signed char>&, unsigned int)
 .text._ZNK9__gnu_cxx13new_allocatorIPaE11_M_max_sizeEv
                0x0000000008000d9a       0x16 ./Core/Src/UML_FSM.o
                0x0000000008000d9a                __gnu_cxx::new_allocator<signed char*>::_M_max_size() const
 .text._ZN9__gnu_cxx13new_allocatorIPaE8allocateEjPKv
                0x0000000008000db0       0x52 ./Core/Src/UML_FSM.o
                0x0000000008000db0                __gnu_cxx::new_allocator<signed char*>::allocate(unsigned int, void const*)
 .text._ZN9__gnu_cxx13new_allocatorIaE10deallocateEPaj
                0x0000000008000e02       0x1c ./Core/Src/UML_FSM.o
                0x0000000008000e02                __gnu_cxx::new_allocator<signed char>::deallocate(signed char*, unsigned int)
 .text._ZN9__gnu_cxx13new_allocatorIPaEC2Ev
                0x0000000008000e1e       0x14 ./Core/Src/UML_FSM.o
                0x0000000008000e1e                __gnu_cxx::new_allocator<signed char*>::new_allocator()
                0x0000000008000e1e                __gnu_cxx::new_allocator<signed char*>::new_allocator()
 .text._ZNK9__gnu_cxx13new_allocatorIaE11_M_max_sizeEv
                0x0000000008000e32       0x16 ./Core/Src/UML_FSM.o
                0x0000000008000e32                __gnu_cxx::new_allocator<signed char>::_M_max_size() const
 .text._ZN9__gnu_cxx13new_allocatorIaE8allocateEjPKv
                0x0000000008000e48       0x42 ./Core/Src/UML_FSM.o
                0x0000000008000e48                __gnu_cxx::new_allocator<signed char>::allocate(unsigned int, void const*)
 .text._Z3foov  0x0000000008000e8a       0x14 ./Core/Src/main.o
                0x0000000008000e8a                foo()
 *fill*         0x0000000008000e9e        0x2 
 .text.main     0x0000000008000ea0       0x58 ./Core/Src/main.o
                0x0000000008000ea0                main
 .text._Z18SystemClock_Configv
                0x0000000008000ef8       0x8a ./Core/Src/main.o
                0x0000000008000ef8                SystemClock_Config()
 *fill*         0x0000000008000f82        0x2 
 .text._ZL12MX_GPIO_Initv
                0x0000000008000f84       0x80 ./Core/Src/main.o
 .text._Z16StartDefaultTaskPv
                0x0000000008001004       0x10 ./Core/Src/main.o
                0x0000000008001004                StartDefaultTask(void*)
 .text.HAL_TIM_PeriodElapsedCallback
                0x0000000008001014       0x24 ./Core/Src/main.o
                0x0000000008001014                HAL_TIM_PeriodElapsedCallback
 .text.Error_Handler
                0x0000000008001038        0xa ./Core/Src/main.o
                0x0000000008001038                Error_Handler
 *fill*         0x0000000008001042        0x2 
 .text.HAL_MspInit
                0x0000000008001044       0x70 ./Core/Src/stm32f1xx_hal_msp.o
                0x0000000008001044                HAL_MspInit
 .text.HAL_InitTick
                0x00000000080010b4       0xfc ./Core/Src/stm32f1xx_hal_timebase_tim.o
                0x00000000080010b4                HAL_InitTick
 .text.NMI_Handler
                0x00000000080011b0        0x6 ./Core/Src/stm32f1xx_it.o
                0x00000000080011b0                NMI_Handler
 .text.HardFault_Handler
                0x00000000080011b6        0x6 ./Core/Src/stm32f1xx_it.o
                0x00000000080011b6                HardFault_Handler
 .text.MemManage_Handler
                0x00000000080011bc        0x6 ./Core/Src/stm32f1xx_it.o
                0x00000000080011bc                MemManage_Handler
 .text.BusFault_Handler
                0x00000000080011c2        0x6 ./Core/Src/stm32f1xx_it.o
                0x00000000080011c2                BusFault_Handler
 .text.UsageFault_Handler
                0x00000000080011c8        0x6 ./Core/Src/stm32f1xx_it.o
                0x00000000080011c8                UsageFault_Handler
 .text.DebugMon_Handler
                0x00000000080011ce        0xc ./Core/Src/stm32f1xx_it.o
                0x00000000080011ce                DebugMon_Handler
 *fill*         0x00000000080011da        0x2 
 .text.TIM4_IRQHandler
                0x00000000080011dc       0x14 ./Core/Src/stm32f1xx_it.o
                0x00000000080011dc                TIM4_IRQHandler
 .text._getpid  0x00000000080011f0        0xe ./Core/Src/syscalls.o
                0x00000000080011f0                _getpid
 .text._kill    0x00000000080011fe       0x20 ./Core/Src/syscalls.o
                0x00000000080011fe                _kill
 .text._exit    0x000000000800121e       0x14 ./Core/Src/syscalls.o
                0x000000000800121e                _exit
 *fill*         0x0000000008001232        0x2 
 .text._sbrk    0x0000000008001234       0x6c ./Core/Src/sysmem.o
                0x0000000008001234                _sbrk
 .text.SystemInit
                0x00000000080012a0        0xc ./Core/Src/system_stm32f1xx.o
                0x00000000080012a0                SystemInit
 .text.Reset_Handler
                0x00000000080012ac       0x48 ./Core/Startup/startup_stm32f103c8tx.o
                0x00000000080012ac                Reset_Handler
 .text.Default_Handler
                0x00000000080012f4        0x2 ./Core/Startup/startup_stm32f103c8tx.o
                0x00000000080012f4                RTC_Alarm_IRQHandler
                0x00000000080012f4                EXTI2_IRQHandler
                0x00000000080012f4                TIM1_CC_IRQHandler
                0x00000000080012f4                PVD_IRQHandler
                0x00000000080012f4                EXTI3_IRQHandler
                0x00000000080012f4                EXTI0_IRQHandler
                0x00000000080012f4                I2C2_EV_IRQHandler
                0x00000000080012f4                ADC1_2_IRQHandler
                0x00000000080012f4                SPI1_IRQHandler
                0x00000000080012f4                TAMPER_IRQHandler
                0x00000000080012f4                DMA1_Channel4_IRQHandler
                0x00000000080012f4                USART3_IRQHandler
                0x00000000080012f4                RTC_IRQHandler
                0x00000000080012f4                DMA1_Channel7_IRQHandler
                0x00000000080012f4                CAN1_RX1_IRQHandler
                0x00000000080012f4                I2C1_EV_IRQHandler
                0x00000000080012f4                DMA1_Channel6_IRQHandler
                0x00000000080012f4                TIM3_IRQHandler
                0x00000000080012f4                RCC_IRQHandler
                0x00000000080012f4                TIM1_TRG_COM_IRQHandler
                0x00000000080012f4                DMA1_Channel1_IRQHandler
                0x00000000080012f4                Default_Handler
                0x00000000080012f4                EXTI15_10_IRQHandler
                0x00000000080012f4                EXTI9_5_IRQHandler
                0x00000000080012f4                SPI2_IRQHandler
                0x00000000080012f4                DMA1_Channel5_IRQHandler
                0x00000000080012f4                EXTI4_IRQHandler
                0x00000000080012f4                USB_LP_CAN1_RX0_IRQHandler
                0x00000000080012f4                USB_HP_CAN1_TX_IRQHandler
                0x00000000080012f4                DMA1_Channel3_IRQHandler
                0x00000000080012f4                TIM1_UP_IRQHandler
                0x00000000080012f4                WWDG_IRQHandler
                0x00000000080012f4                TIM2_IRQHandler
                0x00000000080012f4                TIM1_BRK_IRQHandler
                0x00000000080012f4                EXTI1_IRQHandler
                0x00000000080012f4                USART2_IRQHandler
                0x00000000080012f4                I2C2_ER_IRQHandler
                0x00000000080012f4                DMA1_Channel2_IRQHandler
                0x00000000080012f4                CAN1_SCE_IRQHandler
                0x00000000080012f4                FLASH_IRQHandler
                0x00000000080012f4                USART1_IRQHandler
                0x00000000080012f4                I2C1_ER_IRQHandler
                0x00000000080012f4                USBWakeUp_IRQHandler
 *fill*         0x00000000080012f6        0x2 
 .text.HAL_Init
                0x00000000080012f8       0x2c ./Drivers/STM32F1xx_HAL_Driver/Src/stm32f1xx_hal.o
                0x00000000080012f8                HAL_Init
 .text.HAL_IncTick
                0x0000000008001324       0x24 ./Drivers/STM32F1xx_HAL_Driver/Src/stm32f1xx_hal.o
                0x0000000008001324                HAL_IncTick
 .text.HAL_GetTick
                0x0000000008001348       0x14 ./Drivers/STM32F1xx_HAL_Driver/Src/stm32f1xx_hal.o
                0x0000000008001348                HAL_GetTick
 .text.__NVIC_SetPriorityGrouping
                0x000000000800135c       0x48 ./Drivers/STM32F1xx_HAL_Driver/Src/stm32f1xx_hal_cortex.o
 .text.__NVIC_GetPriorityGrouping
                0x00000000080013a4       0x1c ./Drivers/STM32F1xx_HAL_Driver/Src/stm32f1xx_hal_cortex.o
 .text.__NVIC_EnableIRQ
                0x00000000080013c0       0x38 ./Drivers/STM32F1xx_HAL_Driver/Src/stm32f1xx_hal_cortex.o
 .text.__NVIC_SetPriority
                0x00000000080013f8       0x54 ./Drivers/STM32F1xx_HAL_Driver/Src/stm32f1xx_hal_cortex.o
 .text.NVIC_EncodePriority
                0x000000000800144c       0x64 ./Drivers/STM32F1xx_HAL_Driver/Src/stm32f1xx_hal_cortex.o
 .text.HAL_NVIC_SetPriorityGrouping
                0x00000000080014b0       0x16 ./Drivers/STM32F1xx_HAL_Driver/Src/stm32f1xx_hal_cortex.o
                0x00000000080014b0                HAL_NVIC_SetPriorityGrouping
 .text.HAL_NVIC_SetPriority
                0x00000000080014c6       0x38 ./Drivers/STM32F1xx_HAL_Driver/Src/stm32f1xx_hal_cortex.o
                0x00000000080014c6                HAL_NVIC_SetPriority
 .text.HAL_NVIC_EnableIRQ
                0x00000000080014fe       0x1c ./Drivers/STM32F1xx_HAL_Driver/Src/stm32f1xx_hal_cortex.o
                0x00000000080014fe                HAL_NVIC_EnableIRQ
 *fill*         0x000000000800151a        0x2 
 .text.HAL_GPIO_Init
                0x000000000800151c      0x308 ./Drivers/STM32F1xx_HAL_Driver/Src/stm32f1xx_hal_gpio.o
                0x000000000800151c                HAL_GPIO_Init
 .text.HAL_GPIO_WritePin
                0x0000000008001824       0x30 ./Drivers/STM32F1xx_HAL_Driver/Src/stm32f1xx_hal_gpio.o
                0x0000000008001824                HAL_GPIO_WritePin
 .text.HAL_RCC_OscConfig
                0x0000000008001854      0x504 ./Drivers/STM32F1xx_HAL_Driver/Src/stm32f1xx_hal_rcc.o
                0x0000000008001854                HAL_RCC_OscConfig
 .text.HAL_RCC_ClockConfig
                0x0000000008001d58      0x1d4 ./Drivers/STM32F1xx_HAL_Driver/Src/stm32f1xx_hal_rcc.o
                0x0000000008001d58                HAL_RCC_ClockConfig
 .text.HAL_RCC_GetSysClockFreq
                0x0000000008001f2c       0xa8 ./Drivers/STM32F1xx_HAL_Driver/Src/stm32f1xx_hal_rcc.o
                0x0000000008001f2c                HAL_RCC_GetSysClockFreq
 .text.HAL_RCC_GetHCLKFreq
                0x0000000008001fd4       0x14 ./Drivers/STM32F1xx_HAL_Driver/Src/stm32f1xx_hal_rcc.o
                0x0000000008001fd4                HAL_RCC_GetHCLKFreq
 .text.HAL_RCC_GetPCLK1Freq
                0x0000000008001fe8       0x28 ./Drivers/STM32F1xx_HAL_Driver/Src/stm32f1xx_hal_rcc.o
                0x0000000008001fe8                HAL_RCC_GetPCLK1Freq
 .text.HAL_RCC_GetClockConfig
                0x0000000008002010       0x60 ./Drivers/STM32F1xx_HAL_Driver/Src/stm32f1xx_hal_rcc.o
                0x0000000008002010                HAL_RCC_GetClockConfig
 .text.RCC_Delay
                0x0000000008002070       0x3c ./Drivers/STM32F1xx_HAL_Driver/Src/stm32f1xx_hal_rcc.o
 .text.HAL_TIM_Base_Init
                0x00000000080020ac       0x9e ./Drivers/STM32F1xx_HAL_Driver/Src/stm32f1xx_hal_tim.o
                0x00000000080020ac                HAL_TIM_Base_Init
 .text.HAL_TIM_Base_MspInit
                0x000000000800214a       0x12 ./Drivers/STM32F1xx_HAL_Driver/Src/stm32f1xx_hal_tim.o
                0x000000000800214a                HAL_TIM_Base_MspInit
 .text.HAL_TIM_Base_Start_IT
                0x000000000800215c       0xa4 ./Drivers/STM32F1xx_HAL_Driver/Src/stm32f1xx_hal_tim.o
                0x000000000800215c                HAL_TIM_Base_Start_IT
 .text.HAL_TIM_IRQHandler
                0x0000000008002200      0x210 ./Drivers/STM32F1xx_HAL_Driver/Src/stm32f1xx_hal_tim.o
                0x0000000008002200                HAL_TIM_IRQHandler
 .text.HAL_TIM_OC_DelayElapsedCallback
                0x0000000008002410       0x12 ./Drivers/STM32F1xx_HAL_Driver/Src/stm32f1xx_hal_tim.o
                0x0000000008002410                HAL_TIM_OC_DelayElapsedCallback
 .text.HAL_TIM_IC_CaptureCallback
                0x0000000008002422       0x12 ./Drivers/STM32F1xx_HAL_Driver/Src/stm32f1xx_hal_tim.o
                0x0000000008002422                HAL_TIM_IC_CaptureCallback
 .text.HAL_TIM_PWM_PulseFinishedCallback
                0x0000000008002434       0x12 ./Drivers/STM32F1xx_HAL_Driver/Src/stm32f1xx_hal_tim.o
                0x0000000008002434                HAL_TIM_PWM_PulseFinishedCallback
 .text.HAL_TIM_TriggerCallback
                0x0000000008002446       0x12 ./Drivers/STM32F1xx_HAL_Driver/Src/stm32f1xx_hal_tim.o
                0x0000000008002446                HAL_TIM_TriggerCallback
 .text.TIM_Base_SetConfig
                0x0000000008002458       0xc4 ./Drivers/STM32F1xx_HAL_Driver/Src/stm32f1xx_hal_tim.o
                0x0000000008002458                TIM_Base_SetConfig
 .text.HAL_TIMEx_CommutCallback
                0x000000000800251c       0x12 ./Drivers/STM32F1xx_HAL_Driver/Src/stm32f1xx_hal_tim_ex.o
                0x000000000800251c                HAL_TIMEx_CommutCallback
 .text.HAL_TIMEx_BreakCallback
                0x000000000800252e       0x12 ./Drivers/STM32F1xx_HAL_Driver/Src/stm32f1xx_hal_tim_ex.o
                0x000000000800252e                HAL_TIMEx_BreakCallback
 .text.osKernelInitialize
                0x0000000008002540       0x64 ./Middlewares/Third_Party/FreeRTOS/Source/CMSIS_RTOS_V2/cmsis_os2.o
                0x0000000008002540                osKernelInitialize
 .text.osKernelStart
                0x00000000080025a4       0x68 ./Middlewares/Third_Party/FreeRTOS/Source/CMSIS_RTOS_V2/cmsis_os2.o
                0x00000000080025a4                osKernelStart
 .text.osThreadNew
                0x000000000800260c      0x154 ./Middlewares/Third_Party/FreeRTOS/Source/CMSIS_RTOS_V2/cmsis_os2.o
                0x000000000800260c                osThreadNew
 .text.osDelay  0x0000000008002760       0x5c ./Middlewares/Third_Party/FreeRTOS/Source/CMSIS_RTOS_V2/cmsis_os2.o
                0x0000000008002760                osDelay
 .text.vApplicationGetIdleTaskMemory
                0x00000000080027bc       0x30 ./Middlewares/Third_Party/FreeRTOS/Source/CMSIS_RTOS_V2/cmsis_os2.o
                0x00000000080027bc                vApplicationGetIdleTaskMemory
 .text.vApplicationGetTimerTaskMemory
                0x00000000080027ec       0x34 ./Middlewares/Third_Party/FreeRTOS/Source/CMSIS_RTOS_V2/cmsis_os2.o
                0x00000000080027ec                vApplicationGetTimerTaskMemory
 .text.vListInitialise
                0x0000000008002820       0x3e ./Middlewares/Third_Party/FreeRTOS/Source/list.o
                0x0000000008002820                vListInitialise
 .text.vListInitialiseItem
                0x000000000800285e       0x18 ./Middlewares/Third_Party/FreeRTOS/Source/list.o
                0x000000000800285e                vListInitialiseItem
 .text.vListInsertEnd
                0x0000000008002876       0x46 ./Middlewares/Third_Party/FreeRTOS/Source/list.o
                0x0000000008002876                vListInsertEnd
 .text.vListInsert
                0x00000000080028bc       0x70 ./Middlewares/Third_Party/FreeRTOS/Source/list.o
                0x00000000080028bc                vListInsert
 .text.uxListRemove
                0x000000000800292c       0x52 ./Middlewares/Third_Party/FreeRTOS/Source/list.o
                0x000000000800292c                uxListRemove
 *fill*         0x000000000800297e        0x2 
 .text.xQueueGenericReset
                0x0000000008002980       0xd0 ./Middlewares/Third_Party/FreeRTOS/Source/queue.o
                0x0000000008002980                xQueueGenericReset
 .text.xQueueGenericCreateStatic
                0x0000000008002a50       0xee ./Middlewares/Third_Party/FreeRTOS/Source/queue.o
                0x0000000008002a50                xQueueGenericCreateStatic
 .text.prvInitialiseNewQueue
                0x0000000008002b3e       0x46 ./Middlewares/Third_Party/FreeRTOS/Source/queue.o
 .text.xQueueGenericSend
                0x0000000008002b84      0x1fc ./Middlewares/Third_Party/FreeRTOS/Source/queue.o
                0x0000000008002b84                xQueueGenericSend
 .text.xQueueGenericSendFromISR
                0x0000000008002d80      0x130 ./Middlewares/Third_Party/FreeRTOS/Source/queue.o
                0x0000000008002d80                xQueueGenericSendFromISR
 .text.xQueueReceive
                0x0000000008002eb0      0x1c0 ./Middlewares/Third_Party/FreeRTOS/Source/queue.o
                0x0000000008002eb0                xQueueReceive
 .text.prvCopyDataToQueue
                0x0000000008003070       0xd4 ./Middlewares/Third_Party/FreeRTOS/Source/queue.o
 .text.prvCopyDataFromQueue
                0x0000000008003144       0x4c ./Middlewares/Third_Party/FreeRTOS/Source/queue.o
 .text.prvUnlockQueue
                0x0000000008003190       0xa4 ./Middlewares/Third_Party/FreeRTOS/Source/queue.o
 .text.prvIsQueueEmpty
                0x0000000008003234       0x2c ./Middlewares/Third_Party/FreeRTOS/Source/queue.o
 .text.prvIsQueueFull
                0x0000000008003260       0x30 ./Middlewares/Third_Party/FreeRTOS/Source/queue.o
 .text.vQueueAddToRegistry
                0x0000000008003290       0x50 ./Middlewares/Third_Party/FreeRTOS/Source/queue.o
                0x0000000008003290                vQueueAddToRegistry
 .text.vQueueWaitForMessageRestricted
                0x00000000080032e0       0x68 ./Middlewares/Third_Party/FreeRTOS/Source/queue.o
                0x00000000080032e0                vQueueWaitForMessageRestricted
 .text.xTaskCreateStatic
                0x0000000008003348       0xb8 ./Middlewares/Third_Party/FreeRTOS/Source/tasks.o
                0x0000000008003348                xTaskCreateStatic
 .text.xTaskCreate
                0x0000000008003400       0x8a ./Middlewares/Third_Party/FreeRTOS/Source/tasks.o
                0x0000000008003400                xTaskCreate
 .text.prvInitialiseNewTask
                0x000000000800348a      0x10e ./Middlewares/Third_Party/FreeRTOS/Source/tasks.o
 .text.prvAddNewTaskToReadyList
                0x0000000008003598       0xe0 ./Middlewares/Third_Party/FreeRTOS/Source/tasks.o
 .text.vTaskDelay
                0x0000000008003678       0x68 ./Middlewares/Third_Party/FreeRTOS/Source/tasks.o
                0x0000000008003678                vTaskDelay
 .text.vTaskStartScheduler
                0x00000000080036e0       0xcc ./Middlewares/Third_Party/FreeRTOS/Source/tasks.o
                0x00000000080036e0                vTaskStartScheduler
 .text.vTaskSuspendAll
                0x00000000080037ac       0x1c ./Middlewares/Third_Party/FreeRTOS/Source/tasks.o
                0x00000000080037ac                vTaskSuspendAll
 .text.xTaskResumeAll
                0x00000000080037c8      0x13c ./Middlewares/Third_Party/FreeRTOS/Source/tasks.o
                0x00000000080037c8                xTaskResumeAll
 .text.xTaskGetTickCount
                0x0000000008003904       0x1c ./Middlewares/Third_Party/FreeRTOS/Source/tasks.o
                0x0000000008003904                xTaskGetTickCount
 .text.xTaskIncrementTick
                0x0000000008003920      0x17c ./Middlewares/Third_Party/FreeRTOS/Source/tasks.o
                0x0000000008003920                xTaskIncrementTick
 .text.vTaskSwitchContext
                0x0000000008003a9c       0xb8 ./Middlewares/Third_Party/FreeRTOS/Source/tasks.o
                0x0000000008003a9c                vTaskSwitchContext
 .text.vTaskPlaceOnEventList
                0x0000000008003b54       0x48 ./Middlewares/Third_Party/FreeRTOS/Source/tasks.o
                0x0000000008003b54                vTaskPlaceOnEventList
 .text.vTaskPlaceOnEventListRestricted
                0x0000000008003b9c       0x58 ./Middlewares/Third_Party/FreeRTOS/Source/tasks.o
                0x0000000008003b9c                vTaskPlaceOnEventListRestricted
 .text.xTaskRemoveFromEventList
                0x0000000008003bf4       0xc8 ./Middlewares/Third_Party/FreeRTOS/Source/tasks.o
                0x0000000008003bf4                xTaskRemoveFromEventList
 .text.vTaskInternalSetTimeOutState
                0x0000000008003cbc       0x2c ./Middlewares/Third_Party/FreeRTOS/Source/tasks.o
                0x0000000008003cbc                vTaskInternalSetTimeOutState
 .text.xTaskCheckForTimeOut
                0x0000000008003ce8       0xc4 ./Middlewares/Third_Party/FreeRTOS/Source/tasks.o
                0x0000000008003ce8                xTaskCheckForTimeOut
 .text.vTaskMissedYield
                0x0000000008003dac       0x18 ./Middlewares/Third_Party/FreeRTOS/Source/tasks.o
                0x0000000008003dac                vTaskMissedYield
 .text.prvIdleTask
                0x0000000008003dc4       0x30 ./Middlewares/Third_Party/FreeRTOS/Source/tasks.o
 .text.prvInitialiseTaskLists
                0x0000000008003df4       0x80 ./Middlewares/Third_Party/FreeRTOS/Source/tasks.o
 .text.prvCheckTasksWaitingTermination
                0x0000000008003e74       0x5c ./Middlewares/Third_Party/FreeRTOS/Source/tasks.o
 .text.prvDeleteTCB
                0x0000000008003ed0       0x5e ./Middlewares/Third_Party/FreeRTOS/Source/tasks.o
 *fill*         0x0000000008003f2e        0x2 
 .text.prvResetNextTaskUnblockTime
                0x0000000008003f30       0x48 ./Middlewares/Third_Party/FreeRTOS/Source/tasks.o
 .text.xTaskGetSchedulerState
                0x0000000008003f78       0x3c ./Middlewares/Third_Party/FreeRTOS/Source/tasks.o
                0x0000000008003f78                xTaskGetSchedulerState
 .text.xTaskPriorityDisinherit
                0x0000000008003fb4       0xdc ./Middlewares/Third_Party/FreeRTOS/Source/tasks.o
                0x0000000008003fb4                xTaskPriorityDisinherit
 .text.prvAddCurrentTaskToDelayedList
                0x0000000008004090       0xa8 ./Middlewares/Third_Party/FreeRTOS/Source/tasks.o
 .text.xTimerCreateTimerTask
                0x0000000008004138       0x90 ./Middlewares/Third_Party/FreeRTOS/Source/timers.o
                0x0000000008004138                xTimerCreateTimerTask
 .text.xTimerGenericCommand
                0x00000000080041c8       0x9c ./Middlewares/Third_Party/FreeRTOS/Source/timers.o
                0x00000000080041c8                xTimerGenericCommand
 .text.prvProcessExpiredTimer
                0x0000000008004264       0x80 ./Middlewares/Third_Party/FreeRTOS/Source/timers.o
 .text.prvTimerTask
                0x00000000080042e4       0x24 ./Middlewares/Third_Party/FreeRTOS/Source/timers.o
 .text.prvProcessTimerOrBlockTask
                0x0000000008004308       0x9c ./Middlewares/Third_Party/FreeRTOS/Source/timers.o
 .text.prvGetNextExpireTime
                0x00000000080043a4       0x48 ./Middlewares/Third_Party/FreeRTOS/Source/timers.o
 .text.prvSampleTimeNow
                0x00000000080043ec       0x40 ./Middlewares/Third_Party/FreeRTOS/Source/timers.o
 .text.prvInsertTimerInActiveList
                0x000000000800442c       0x84 ./Middlewares/Third_Party/FreeRTOS/Source/timers.o
 .text.prvProcessReceivedCommands
                0x00000000080044b0      0x168 ./Middlewares/Third_Party/FreeRTOS/Source/timers.o
 .text.prvSwitchTimerLists
                0x0000000008004618       0xc4 ./Middlewares/Third_Party/FreeRTOS/Source/timers.o
 .text.prvCheckForValidListAndQueue
                0x00000000080046dc       0x80 ./Middlewares/Third_Party/FreeRTOS/Source/timers.o
 .text.pxPortInitialiseStack
                0x000000000800475c       0x58 ./Middlewares/Third_Party/FreeRTOS/Source/portable/GCC/ARM_CM3/port.o
                0x000000000800475c                pxPortInitialiseStack
 .text.prvTaskExitError
                0x00000000080047b4       0x58 ./Middlewares/Third_Party/FreeRTOS/Source/portable/GCC/ARM_CM3/port.o
 *fill*         0x000000000800480c        0x4 
 .text.SVC_Handler
                0x0000000008004810       0x28 ./Middlewares/Third_Party/FreeRTOS/Source/portable/GCC/ARM_CM3/port.o
                0x0000000008004810                SVC_Handler
 .text.prvPortStartFirstTask
                0x0000000008004838       0x20 ./Middlewares/Third_Party/FreeRTOS/Source/portable/GCC/ARM_CM3/port.o
 .text.xPortStartScheduler
                0x0000000008004858       0xe4 ./Middlewares/Third_Party/FreeRTOS/Source/portable/GCC/ARM_CM3/port.o
                0x0000000008004858                xPortStartScheduler
 .text.vPortEnterCritical
                0x000000000800493c       0x60 ./Middlewares/Third_Party/FreeRTOS/Source/portable/GCC/ARM_CM3/port.o
                0x000000000800493c                vPortEnterCritical
 .text.vPortExitCritical
                0x000000000800499c       0x50 ./Middlewares/Third_Party/FreeRTOS/Source/portable/GCC/ARM_CM3/port.o
                0x000000000800499c                vPortExitCritical
 *fill*         0x00000000080049ec        0x4 
 .text.PendSV_Handler
                0x00000000080049f0       0x48 ./Middlewares/Third_Party/FreeRTOS/Source/portable/GCC/ARM_CM3/port.o
                0x00000000080049f0                PendSV_Handler
 .text.SysTick_Handler
                0x0000000008004a38       0x44 ./Middlewares/Third_Party/FreeRTOS/Source/portable/GCC/ARM_CM3/port.o
                0x0000000008004a38                SysTick_Handler
 .text.vPortSetupTimerInterrupt
                0x0000000008004a7c       0x44 ./Middlewares/Third_Party/FreeRTOS/Source/portable/GCC/ARM_CM3/port.o
                0x0000000008004a7c                vPortSetupTimerInterrupt
 .text.vPortValidateInterruptPriority
                0x0000000008004ac0       0x7c ./Middlewares/Third_Party/FreeRTOS/Source/portable/GCC/ARM_CM3/port.o
                0x0000000008004ac0                vPortValidateInterruptPriority
 .text.pvPortMalloc
                0x0000000008004b3c      0x188 ./Middlewares/Third_Party/FreeRTOS/Source/portable/MemMang/heap_4.o
                0x0000000008004b3c                pvPortMalloc
 .text.vPortFree
                0x0000000008004cc4       0xb4 ./Middlewares/Third_Party/FreeRTOS/Source/portable/MemMang/heap_4.o
                0x0000000008004cc4                vPortFree
 .text.prvHeapInit
                0x0000000008004d78       0xc4 ./Middlewares/Third_Party/FreeRTOS/Source/portable/MemMang/heap_4.o
 .text.prvInsertBlockIntoFreeList
                0x0000000008004e3c       0xb0 ./Middlewares/Third_Party/FreeRTOS/Source/portable/MemMang/heap_4.o
 .text._ZdlPvj  0x0000000008004eec        0x4 /opt/st/stm32cubeide_1.14.0/plugins/com.st.stm32cube.ide.mcu.externaltools.gnu-tools-for-stm32.11.3.rel1.linux64_1.1.100.202309141235/tools/bin/../lib/gcc/arm-none-eabi/11.3.1/../../../../arm-none-eabi/lib/thumb/v7-m/nofp/libstdc++_nano.a(del_ops.o)
                0x0000000008004eec                operator delete(void*, unsigned int)
 .text._Znwj    0x0000000008004ef0       0x22 /opt/st/stm32cubeide_1.14.0/plugins/com.st.stm32cube.ide.mcu.externaltools.gnu-tools-for-stm32.11.3.rel1.linux64_1.1.100.202309141235/tools/bin/../lib/gcc/arm-none-eabi/11.3.1/../../../../arm-none-eabi/lib/thumb/v7-m/nofp/libstdc++_nano.a(new_op.o)
                0x0000000008004ef0                operator new(unsigned int)
 .text.unlikely._ZSt17__throw_bad_allocv
                0x0000000008004f12        0x6 /opt/st/stm32cubeide_1.14.0/plugins/com.st.stm32cube.ide.mcu.externaltools.gnu-tools-for-stm32.11.3.rel1.linux64_1.1.100.202309141235/tools/bin/../lib/gcc/arm-none-eabi/11.3.1/../../../../arm-none-eabi/lib/thumb/v7-m/nofp/libstdc++_nano.a(functexcept.o)
                0x0000000008004f12                std::__throw_bad_alloc()
 .text.unlikely._ZSt28__throw_bad_array_new_lengthv
                0x0000000008004f18        0x6 /opt/st/stm32cubeide_1.14.0/plugins/com.st.stm32cube.ide.mcu.externaltools.gnu-tools-for-stm32.11.3.rel1.linux64_1.1.100.202309141235/tools/bin/../lib/gcc/arm-none-eabi/11.3.1/../../../../arm-none-eabi/lib/thumb/v7-m/nofp/libstdc++_nano.a(functexcept.o)
                0x0000000008004f18                std::__throw_bad_array_new_length()
 .text.unlikely._ZSt19__throw_logic_errorPKc
                0x0000000008004f1e        0x6 /opt/st/stm32cubeide_1.14.0/plugins/com.st.stm32cube.ide.mcu.externaltools.gnu-tools-for-stm32.11.3.rel1.linux64_1.1.100.202309141235/tools/bin/../lib/gcc/arm-none-eabi/11.3.1/../../../../arm-none-eabi/lib/thumb/v7-m/nofp/libstdc++_nano.a(functexcept.o)
                0x0000000008004f1e                std::__throw_logic_error(char const*)
 .text._ZSt24__throw_out_of_range_fmtPKcz
                0x0000000008004f24       0x36 /opt/st/stm32cubeide_1.14.0/plugins/com.st.stm32cube.ide.mcu.externaltools.gnu-tools-for-stm32.11.3.rel1.linux64_1.1.100.202309141235/tools/bin/../lib/gcc/arm-none-eabi/11.3.1/../../../../arm-none-eabi/lib/thumb/v7-m/nofp/libstdc++_nano.a(functexcept.o)
                0x0000000008004f24                std::__throw_out_of_range_fmt(char const*, ...)
 *fill*         0x0000000008004f5a        0x2 
 .text._ZN9__gnu_cxx26__throw_insufficient_spaceEPKcS1_
                0x0000000008004f5c       0x4c /opt/st/stm32cubeide_1.14.0/plugins/com.st.stm32cube.ide.mcu.externaltools.gnu-tools-for-stm32.11.3.rel1.linux64_1.1.100.202309141235/tools/bin/../lib/gcc/arm-none-eabi/11.3.1/../../../../arm-none-eabi/lib/thumb/v7-m/nofp/libstdc++_nano.a(snprintf_lite.o)
                0x0000000008004f5c                __gnu_cxx::__throw_insufficient_space(char const*, char const*)
 .text._ZN9__gnu_cxx15__concat_size_tEPcjj
                0x0000000008004fa8       0x58 /opt/st/stm32cubeide_1.14.0/plugins/com.st.stm32cube.ide.mcu.externaltools.gnu-tools-for-stm32.11.3.rel1.linux64_1.1.100.202309141235/tools/bin/../lib/gcc/arm-none-eabi/11.3.1/../../../../arm-none-eabi/lib/thumb/v7-m/nofp/libstdc++_nano.a(snprintf_lite.o)
                0x0000000008004fa8                __gnu_cxx::__concat_size_t(char*, unsigned int, unsigned int)
 .text._ZN9__gnu_cxx15__snprintf_liteEPcjPKcSt9__va_list
                0x0000000008005000       0x82 /opt/st/stm32cubeide_1.14.0/plugins/com.st.stm32cube.ide.mcu.externaltools.gnu-tools-for-stm32.11.3.rel1.linux64_1.1.100.202309141235/tools/bin/../lib/gcc/arm-none-eabi/11.3.1/../../../../arm-none-eabi/lib/thumb/v7-m/nofp/libstdc++_nano.a(snprintf_lite.o)
                0x0000000008005000                __gnu_cxx::__snprintf_lite(char*, unsigned int, char const*, std::__va_list)
 .text._ZdlPv   0x0000000008005082        0x4 /opt/st/stm32cubeide_1.14.0/plugins/com.st.stm32cube.ide.mcu.externaltools.gnu-tools-for-stm32.11.3.rel1.linux64_1.1.100.202309141235/tools/bin/../lib/gcc/arm-none-eabi/11.3.1/../../../../arm-none-eabi/lib/thumb/v7-m/nofp/libstdc++_nano.a(del_op.o)
                0x0000000008005082                operator delete(void*)
 *fill*         0x0000000008005086        0x2 
 .text._ZSt15get_new_handlerv
                0x0000000008005088       0x10 /opt/st/stm32cubeide_1.14.0/plugins/com.st.stm32cube.ide.mcu.externaltools.gnu-tools-for-stm32.11.3.rel1.linux64_1.1.100.202309141235/tools/bin/../lib/gcc/arm-none-eabi/11.3.1/../../../../arm-none-eabi/lib/thumb/v7-m/nofp/libstdc++_nano.a(new_handler.o)
                0x0000000008005088                std::get_new_handler()
 .text.abort    0x0000000008005098        0xe /opt/st/stm32cubeide_1.14.0/plugins/com.st.stm32cube.ide.mcu.externaltools.gnu-tools-for-stm32.11.3.rel1.linux64_1.1.100.202309141235/tools/bin/../lib/gcc/arm-none-eabi/11.3.1/../../../../arm-none-eabi/lib/thumb/v7-m/nofp/libc_nano.a(libc_a-abort.o)
                0x0000000008005098                abort
 *fill*         0x00000000080050a6        0x2 
 .text.malloc   0x00000000080050a8       0x10 /opt/st/stm32cubeide_1.14.0/plugins/com.st.stm32cube.ide.mcu.externaltools.gnu-tools-for-stm32.11.3.rel1.linux64_1.1.100.202309141235/tools/bin/../lib/gcc/arm-none-eabi/11.3.1/../../../../arm-none-eabi/lib/thumb/v7-m/nofp/libc_nano.a(libc_a-malloc.o)
                0x00000000080050a8                malloc
 .text.free     0x00000000080050b8       0x10 /opt/st/stm32cubeide_1.14.0/plugins/com.st.stm32cube.ide.mcu.externaltools.gnu-tools-for-stm32.11.3.rel1.linux64_1.1.100.202309141235/tools/bin/../lib/gcc/arm-none-eabi/11.3.1/../../../../arm-none-eabi/lib/thumb/v7-m/nofp/libc_nano.a(libc_a-malloc.o)
                0x00000000080050b8                free
 .text.sbrk_aligned
                0x00000000080050c8       0x40 /opt/st/stm32cubeide_1.14.0/plugins/com.st.stm32cube.ide.mcu.externaltools.gnu-tools-for-stm32.11.3.rel1.linux64_1.1.100.202309141235/tools/bin/../lib/gcc/arm-none-eabi/11.3.1/../../../../arm-none-eabi/lib/thumb/v7-m/nofp/libc_nano.a(libc_a-mallocr.o)
 .text._malloc_r
                0x0000000008005108      0x100 /opt/st/stm32cubeide_1.14.0/plugins/com.st.stm32cube.ide.mcu.externaltools.gnu-tools-for-stm32.11.3.rel1.linux64_1.1.100.202309141235/tools/bin/../lib/gcc/arm-none-eabi/11.3.1/../../../../arm-none-eabi/lib/thumb/v7-m/nofp/libc_nano.a(libc_a-mallocr.o)
                0x0000000008005108                _malloc_r
 .text.__malloc_lock
                0x0000000008005208        0xc /opt/st/stm32cubeide_1.14.0/plugins/com.st.stm32cube.ide.mcu.externaltools.gnu-tools-for-stm32.11.3.rel1.linux64_1.1.100.202309141235/tools/bin/../lib/gcc/arm-none-eabi/11.3.1/../../../../arm-none-eabi/lib/thumb/v7-m/nofp/libc_nano.a(libc_a-mlock.o)
                0x0000000008005208                __malloc_lock
 .text.__malloc_unlock
                0x0000000008005214        0xc /opt/st/stm32cubeide_1.14.0/plugins/com.st.stm32cube.ide.mcu.externaltools.gnu-tools-for-stm32.11.3.rel1.linux64_1.1.100.202309141235/tools/bin/../lib/gcc/arm-none-eabi/11.3.1/../../../../arm-none-eabi/lib/thumb/v7-m/nofp/libc_nano.a(libc_a-mlock.o)
                0x0000000008005214                __malloc_unlock
 .text.memset   0x0000000008005220       0x10 /opt/st/stm32cubeide_1.14.0/plugins/com.st.stm32cube.ide.mcu.externaltools.gnu-tools-for-stm32.11.3.rel1.linux64_1.1.100.202309141235/tools/bin/../lib/gcc/arm-none-eabi/11.3.1/../../../../arm-none-eabi/lib/thumb/v7-m/nofp/libc_nano.a(libc_a-memset.o)
                0x0000000008005220                memset
 .text._raise_r
                0x0000000008005230       0x50 /opt/st/stm32cubeide_1.14.0/plugins/com.st.stm32cube.ide.mcu.externaltools.gnu-tools-for-stm32.11.3.rel1.linux64_1.1.100.202309141235/tools/bin/../lib/gcc/arm-none-eabi/11.3.1/../../../../arm-none-eabi/lib/thumb/v7-m/nofp/libc_nano.a(libc_a-signal.o)
                0x0000000008005230                _raise_r
 .text.raise    0x0000000008005280       0x10 /opt/st/stm32cubeide_1.14.0/plugins/com.st.stm32cube.ide.mcu.externaltools.gnu-tools-for-stm32.11.3.rel1.linux64_1.1.100.202309141235/tools/bin/../lib/gcc/arm-none-eabi/11.3.1/../../../../arm-none-eabi/lib/thumb/v7-m/nofp/libc_nano.a(libc_a-signal.o)
                0x0000000008005280                raise
 .text._kill_r  0x0000000008005290       0x24 /opt/st/stm32cubeide_1.14.0/plugins/com.st.stm32cube.ide.mcu.externaltools.gnu-tools-for-stm32.11.3.rel1.linux64_1.1.100.202309141235/tools/bin/../lib/gcc/arm-none-eabi/11.3.1/../../../../arm-none-eabi/lib/thumb/v7-m/nofp/libc_nano.a(libc_a-signalr.o)
                0x0000000008005290                _kill_r
 .text._getpid_r
                0x00000000080052b4        0x4 /opt/st/stm32cubeide_1.14.0/plugins/com.st.stm32cube.ide.mcu.externaltools.gnu-tools-for-stm32.11.3.rel1.linux64_1.1.100.202309141235/tools/bin/../lib/gcc/arm-none-eabi/11.3.1/../../../../arm-none-eabi/lib/thumb/v7-m/nofp/libc_nano.a(libc_a-signalr.o)
                0x00000000080052b4                _getpid_r
 .text._sbrk_r  0x00000000080052b8       0x20 /opt/st/stm32cubeide_1.14.0/plugins/com.st.stm32cube.ide.mcu.externaltools.gnu-tools-for-stm32.11.3.rel1.linux64_1.1.100.202309141235/tools/bin/../lib/gcc/arm-none-eabi/11.3.1/../../../../arm-none-eabi/lib/thumb/v7-m/nofp/libc_nano.a(libc_a-sbrkr.o)
                0x00000000080052b8                _sbrk_r
 .text.__errno  0x00000000080052d8        0xc /opt/st/stm32cubeide_1.14.0/plugins/com.st.stm32cube.ide.mcu.externaltools.gnu-tools-for-stm32.11.3.rel1.linux64_1.1.100.202309141235/tools/bin/../lib/gcc/arm-none-eabi/11.3.1/../../../../arm-none-eabi/lib/thumb/v7-m/nofp/libc_nano.a(libc_a-errno.o)
                0x00000000080052d8                __errno
 .text.__libc_init_array
                0x00000000080052e4       0x48 /opt/st/stm32cubeide_1.14.0/plugins/com.st.stm32cube.ide.mcu.externaltools.gnu-tools-for-stm32.11.3.rel1.linux64_1.1.100.202309141235/tools/bin/../lib/gcc/arm-none-eabi/11.3.1/../../../../arm-none-eabi/lib/thumb/v7-m/nofp/libc_nano.a(libc_a-init.o)
                0x00000000080052e4                __libc_init_array
 .text.__retarget_lock_acquire_recursive
                0x000000000800532c        0x2 /opt/st/stm32cubeide_1.14.0/plugins/com.st.stm32cube.ide.mcu.externaltools.gnu-tools-for-stm32.11.3.rel1.linux64_1.1.100.202309141235/tools/bin/../lib/gcc/arm-none-eabi/11.3.1/../../../../arm-none-eabi/lib/thumb/v7-m/nofp/libc_nano.a(libc_a-lock.o)
                0x000000000800532c                __retarget_lock_acquire_recursive
 .text.__retarget_lock_release_recursive
                0x000000000800532e        0x2 /opt/st/stm32cubeide_1.14.0/plugins/com.st.stm32cube.ide.mcu.externaltools.gnu-tools-for-stm32.11.3.rel1.linux64_1.1.100.202309141235/tools/bin/../lib/gcc/arm-none-eabi/11.3.1/../../../../arm-none-eabi/lib/thumb/v7-m/nofp/libc_nano.a(libc_a-lock.o)
                0x000000000800532e                __retarget_lock_release_recursive
 .text.memcpy   0x0000000008005330       0x1c /opt/st/stm32cubeide_1.14.0/plugins/com.st.stm32cube.ide.mcu.externaltools.gnu-tools-for-stm32.11.3.rel1.linux64_1.1.100.202309141235/tools/bin/../lib/gcc/arm-none-eabi/11.3.1/../../../../arm-none-eabi/lib/thumb/v7-m/nofp/libc_nano.a(libc_a-memcpy-stub.o)
                0x0000000008005330                memcpy
 .text._free_r  0x000000000800534c       0x90 /opt/st/stm32cubeide_1.14.0/plugins/com.st.stm32cube.ide.mcu.externaltools.gnu-tools-for-stm32.11.3.rel1.linux64_1.1.100.202309141235/tools/bin/../lib/gcc/arm-none-eabi/11.3.1/../../../../arm-none-eabi/lib/thumb/v7-m/nofp/libc_nano.a(libc_a-freer.o)
                0x000000000800534c                _free_r
 *(.glue_7)
 .glue_7        0x00000000080053dc        0x0 linker stubs
 *(.glue_7t)
 .glue_7t       0x00000000080053dc        0x0 linker stubs
 *(.eh_frame)
 .eh_frame      0x00000000080053dc        0x0 /opt/st/stm32cubeide_1.14.0/plugins/com.st.stm32cube.ide.mcu.externaltools.gnu-tools-for-stm32.11.3.rel1.linux64_1.1.100.202309141235/tools/bin/../lib/gcc/arm-none-eabi/11.3.1/thumb/v7-m/nofp/crtbegin.o
 *(.init)
 .init          0x00000000080053dc        0x4 /opt/st/stm32cubeide_1.14.0/plugins/com.st.stm32cube.ide.mcu.externaltools.gnu-tools-for-stm32.11.3.rel1.linux64_1.1.100.202309141235/tools/bin/../lib/gcc/arm-none-eabi/11.3.1/thumb/v7-m/nofp/crti.o
                0x00000000080053dc                _init
 .init          0x00000000080053e0        0x8 /opt/st/stm32cubeide_1.14.0/plugins/com.st.stm32cube.ide.mcu.externaltools.gnu-tools-for-stm32.11.3.rel1.linux64_1.1.100.202309141235/tools/bin/../lib/gcc/arm-none-eabi/11.3.1/thumb/v7-m/nofp/crtn.o
 *(.fini)
 .fini          0x00000000080053e8        0x4 /opt/st/stm32cubeide_1.14.0/plugins/com.st.stm32cube.ide.mcu.externaltools.gnu-tools-for-stm32.11.3.rel1.linux64_1.1.100.202309141235/tools/bin/../lib/gcc/arm-none-eabi/11.3.1/thumb/v7-m/nofp/crti.o
                0x00000000080053e8                _fini
 .fini          0x00000000080053ec        0x8 /opt/st/stm32cubeide_1.14.0/plugins/com.st.stm32cube.ide.mcu.externaltools.gnu-tools-for-stm32.11.3.rel1.linux64_1.1.100.202309141235/tools/bin/../lib/gcc/arm-none-eabi/11.3.1/thumb/v7-m/nofp/crtn.o
                0x00000000080053f4                . = ALIGN (0x4)
                0x00000000080053f4                _etext = .

.vfp11_veneer   0x00000000080053f4        0x0
 .vfp11_veneer  0x00000000080053f4        0x0 linker stubs

.v4_bx          0x00000000080053f4        0x0
 .v4_bx         0x00000000080053f4        0x0 linker stubs

.iplt           0x00000000080053f4        0x0
 .iplt          0x00000000080053f4        0x0 /opt/st/stm32cubeide_1.14.0/plugins/com.st.stm32cube.ide.mcu.externaltools.gnu-tools-for-stm32.11.3.rel1.linux64_1.1.100.202309141235/tools/bin/../lib/gcc/arm-none-eabi/11.3.1/thumb/v7-m/nofp/crtbegin.o

.rodata         0x00000000080053f4      0x14c
                0x00000000080053f4                . = ALIGN (0x4)
 *(.rodata)
 .rodata        0x00000000080053f4       0x64 ./Core/Src/UML_FSM.o
 .rodata        0x0000000008005458        0xc ./Core/Src/main.o
 .rodata        0x0000000008005464        0x5 ./Middlewares/Third_Party/FreeRTOS/Source/tasks.o
 *fill*         0x0000000008005469        0x3 
 .rodata        0x000000000800546c        0xd ./Middlewares/Third_Party/FreeRTOS/Source/timers.o
 *(.rodata*)
 *fill*         0x0000000008005479        0x3 
 .rodata._ZL22defaultTask_attributes
                0x000000000800547c       0x24 ./Core/Src/main.o
 .rodata.AHBPrescTable
                0x00000000080054a0       0x10 ./Core/Src/system_stm32f1xx.o
                0x00000000080054a0                AHBPrescTable
 .rodata.APBPrescTable
                0x00000000080054b0        0x8 ./Core/Src/system_stm32f1xx.o
                0x00000000080054b0                APBPrescTable
 .rodata.aPLLMULFactorTable.1
                0x00000000080054b8       0x10 ./Drivers/STM32F1xx_HAL_Driver/Src/stm32f1xx_hal_rcc.o
 .rodata.aPredivFactorTable.0
                0x00000000080054c8        0x2 ./Drivers/STM32F1xx_HAL_Driver/Src/stm32f1xx_hal_rcc.o
 .rodata._ZN9__gnu_cxx26__throw_insufficient_spaceEPKcS1_.str1.1
                0x00000000080054ca       0x69 /opt/st/stm32cubeide_1.14.0/plugins/com.st.stm32cube.ide.mcu.externaltools.gnu-tools-for-stm32.11.3.rel1.linux64_1.1.100.202309141235/tools/bin/../lib/gcc/arm-none-eabi/11.3.1/../../../../arm-none-eabi/lib/thumb/v7-m/nofp/libstdc++_nano.a(snprintf_lite.o)
 .rodata._ZN9__gnu_cxx15__concat_size_tEPcjj.str1.1
                0x0000000008005533        0xb /opt/st/stm32cubeide_1.14.0/plugins/com.st.stm32cube.ide.mcu.externaltools.gnu-tools-for-stm32.11.3.rel1.linux64_1.1.100.202309141235/tools/bin/../lib/gcc/arm-none-eabi/11.3.1/../../../../arm-none-eabi/lib/thumb/v7-m/nofp/libstdc++_nano.a(snprintf_lite.o)
                0x0000000008005540                . = ALIGN (0x4)
 *fill*         0x000000000800553e        0x2 

.rel.dyn        0x0000000008005540        0x0
 .rel.iplt      0x0000000008005540        0x0 /opt/st/stm32cubeide_1.14.0/plugins/com.st.stm32cube.ide.mcu.externaltools.gnu-tools-for-stm32.11.3.rel1.linux64_1.1.100.202309141235/tools/bin/../lib/gcc/arm-none-eabi/11.3.1/thumb/v7-m/nofp/crtbegin.o

.ARM.extab      0x0000000008005540        0x0
                0x0000000008005540                . = ALIGN (0x4)
 *(.ARM.extab* .gnu.linkonce.armextab.*)
                0x0000000008005540                . = ALIGN (0x4)

.ARM            0x0000000008005540        0x0
                0x0000000008005540                . = ALIGN (0x4)
                0x0000000008005540                __exidx_start = .
 *(.ARM.exidx*)
                0x0000000008005540                __exidx_end = .
                0x0000000008005540                . = ALIGN (0x4)

.preinit_array  0x0000000008005540        0x0
                0x0000000008005540                . = ALIGN (0x4)
                0x0000000008005540                PROVIDE (__preinit_array_start = .)
 *(.preinit_array*)
                0x0000000008005540                PROVIDE (__preinit_array_end = .)
                0x0000000008005540                . = ALIGN (0x4)

.init_array     0x0000000008005540        0x4
                0x0000000008005540                . = ALIGN (0x4)
                0x0000000008005540                PROVIDE (__init_array_start = .)
 *(SORT_BY_NAME(.init_array.*))
 *(.init_array*)
 .init_array    0x0000000008005540        0x4 /opt/st/stm32cubeide_1.14.0/plugins/com.st.stm32cube.ide.mcu.externaltools.gnu-tools-for-stm32.11.3.rel1.linux64_1.1.100.202309141235/tools/bin/../lib/gcc/arm-none-eabi/11.3.1/thumb/v7-m/nofp/crtbegin.o
                0x0000000008005544                PROVIDE (__init_array_end = .)
                0x0000000008005544                . = ALIGN (0x4)

.fini_array     0x0000000008005544        0x4
                0x0000000008005544                . = ALIGN (0x4)
                [!provide]                        PROVIDE (__fini_array_start = .)
 *(SORT_BY_NAME(.fini_array.*))
 *(.fini_array*)
 .fini_array    0x0000000008005544        0x4 /opt/st/stm32cubeide_1.14.0/plugins/com.st.stm32cube.ide.mcu.externaltools.gnu-tools-for-stm32.11.3.rel1.linux64_1.1.100.202309141235/tools/bin/../lib/gcc/arm-none-eabi/11.3.1/thumb/v7-m/nofp/crtbegin.o
                [!provide]                        PROVIDE (__fini_array_end = .)
                0x0000000008005548                . = ALIGN (0x4)
                0x0000000008005548                _sidata = LOADADDR (.data)

.data           0x0000000020000000       0x60 load address 0x0000000008005548
                0x0000000020000000                . = ALIGN (0x4)
                0x0000000020000000                _sdata = .
 *(.data)
 *(.data*)
 .data.SystemCoreClock
                0x0000000020000000        0x4 ./Core/Src/system_stm32f1xx.o
                0x0000000020000000                SystemCoreClock
 .data.uwTickPrio
                0x0000000020000004        0x4 ./Drivers/STM32F1xx_HAL_Driver/Src/stm32f1xx_hal.o
                0x0000000020000004                uwTickPrio
 .data.uwTickFreq
                0x0000000020000008        0x1 ./Drivers/STM32F1xx_HAL_Driver/Src/stm32f1xx_hal.o
                0x0000000020000008                uwTickFreq
 *fill*         0x0000000020000009        0x3 
 .data.uxCriticalNesting
                0x000000002000000c        0x4 ./Middlewares/Third_Party/FreeRTOS/Source/portable/GCC/ARM_CM3/port.o
 .data._impure_data
                0x0000000020000010       0x4c /opt/st/stm32cubeide_1.14.0/plugins/com.st.stm32cube.ide.mcu.externaltools.gnu-tools-for-stm32.11.3.rel1.linux64_1.1.100.202309141235/tools/bin/../lib/gcc/arm-none-eabi/11.3.1/../../../../arm-none-eabi/lib/thumb/v7-m/nofp/libc_nano.a(libc_a-impure.o)
                0x0000000020000010                _impure_data
 .data._impure_ptr
                0x000000002000005c        0x4 /opt/st/stm32cubeide_1.14.0/plugins/com.st.stm32cube.ide.mcu.externaltools.gnu-tools-for-stm32.11.3.rel1.linux64_1.1.100.202309141235/tools/bin/../lib/gcc/arm-none-eabi/11.3.1/../../../../arm-none-eabi/lib/thumb/v7-m/nofp/libc_nano.a(libc_a-impure.o)
                0x000000002000005c                _impure_ptr
 *(.RamFunc)
 *(.RamFunc*)
                0x0000000020000060                . = ALIGN (0x4)
                0x0000000020000060                _edata = .

.igot.plt       0x0000000020000060        0x0 load address 0x00000000080055a8
 .igot.plt      0x0000000020000060        0x0 /opt/st/stm32cubeide_1.14.0/plugins/com.st.stm32cube.ide.mcu.externaltools.gnu-tools-for-stm32.11.3.rel1.linux64_1.1.100.202309141235/tools/bin/../lib/gcc/arm-none-eabi/11.3.1/thumb/v7-m/nofp/crtbegin.o
                0x0000000020000060                . = ALIGN (0x4)

.bss            0x0000000020000060     0x1b04 load address 0x00000000080055a8
                0x0000000020000060                _sbss = .
                0x0000000020000060                __bss_start__ = _sbss
 *(.bss)
 .bss           0x0000000020000060       0x1c /opt/st/stm32cubeide_1.14.0/plugins/com.st.stm32cube.ide.mcu.externaltools.gnu-tools-for-stm32.11.3.rel1.linux64_1.1.100.202309141235/tools/bin/../lib/gcc/arm-none-eabi/11.3.1/thumb/v7-m/nofp/crtbegin.o
 *(.bss*)
 .bss.defaultTaskHandle
                0x000000002000007c        0x4 ./Core/Src/main.o
                0x000000002000007c                defaultTaskHandle
 .bss.htim4     0x0000000020000080       0x48 ./Core/Src/stm32f1xx_hal_timebase_tim.o
                0x0000000020000080                htim4
 .bss.__sbrk_heap_end
                0x00000000200000c8        0x4 ./Core/Src/sysmem.o
 .bss.uwTick    0x00000000200000cc        0x4 ./Drivers/STM32F1xx_HAL_Driver/Src/stm32f1xx_hal.o
                0x00000000200000cc                uwTick
 .bss.KernelState
                0x00000000200000d0        0x4 ./Middlewares/Third_Party/FreeRTOS/Source/CMSIS_RTOS_V2/cmsis_os2.o
 .bss.Idle_TCB  0x00000000200000d4       0x5c ./Middlewares/Third_Party/FreeRTOS/Source/CMSIS_RTOS_V2/cmsis_os2.o
 .bss.Idle_Stack
                0x0000000020000130      0x200 ./Middlewares/Third_Party/FreeRTOS/Source/CMSIS_RTOS_V2/cmsis_os2.o
 .bss.Timer_TCB
                0x0000000020000330       0x5c ./Middlewares/Third_Party/FreeRTOS/Source/CMSIS_RTOS_V2/cmsis_os2.o
 .bss.Timer_Stack
                0x000000002000038c      0x400 ./Middlewares/Third_Party/FreeRTOS/Source/CMSIS_RTOS_V2/cmsis_os2.o
 .bss.xQueueRegistry
                0x000000002000078c       0x40 ./Middlewares/Third_Party/FreeRTOS/Source/queue.o
                0x000000002000078c                xQueueRegistry
 .bss.pxCurrentTCB
                0x00000000200007cc        0x4 ./Middlewares/Third_Party/FreeRTOS/Source/tasks.o
                0x00000000200007cc                pxCurrentTCB
 .bss.pxReadyTasksLists
                0x00000000200007d0      0x460 ./Middlewares/Third_Party/FreeRTOS/Source/tasks.o
 .bss.xDelayedTaskList1
                0x0000000020000c30       0x14 ./Middlewares/Third_Party/FreeRTOS/Source/tasks.o
 .bss.xDelayedTaskList2
                0x0000000020000c44       0x14 ./Middlewares/Third_Party/FreeRTOS/Source/tasks.o
 .bss.pxDelayedTaskList
                0x0000000020000c58        0x4 ./Middlewares/Third_Party/FreeRTOS/Source/tasks.o
 .bss.pxOverflowDelayedTaskList
                0x0000000020000c5c        0x4 ./Middlewares/Third_Party/FreeRTOS/Source/tasks.o
 .bss.xPendingReadyList
                0x0000000020000c60       0x14 ./Middlewares/Third_Party/FreeRTOS/Source/tasks.o
 .bss.xTasksWaitingTermination
                0x0000000020000c74       0x14 ./Middlewares/Third_Party/FreeRTOS/Source/tasks.o
 .bss.uxDeletedTasksWaitingCleanUp
                0x0000000020000c88        0x4 ./Middlewares/Third_Party/FreeRTOS/Source/tasks.o
 .bss.xSuspendedTaskList
                0x0000000020000c8c       0x14 ./Middlewares/Third_Party/FreeRTOS/Source/tasks.o
 .bss.uxCurrentNumberOfTasks
                0x0000000020000ca0        0x4 ./Middlewares/Third_Party/FreeRTOS/Source/tasks.o
 .bss.xTickCount
                0x0000000020000ca4        0x4 ./Middlewares/Third_Party/FreeRTOS/Source/tasks.o
 .bss.uxTopReadyPriority
                0x0000000020000ca8        0x4 ./Middlewares/Third_Party/FreeRTOS/Source/tasks.o
 .bss.xSchedulerRunning
                0x0000000020000cac        0x4 ./Middlewares/Third_Party/FreeRTOS/Source/tasks.o
 .bss.uxPendedTicks
                0x0000000020000cb0        0x4 ./Middlewares/Third_Party/FreeRTOS/Source/tasks.o
 .bss.xYieldPending
                0x0000000020000cb4        0x4 ./Middlewares/Third_Party/FreeRTOS/Source/tasks.o
 .bss.xNumOfOverflows
                0x0000000020000cb8        0x4 ./Middlewares/Third_Party/FreeRTOS/Source/tasks.o
 .bss.uxTaskNumber
                0x0000000020000cbc        0x4 ./Middlewares/Third_Party/FreeRTOS/Source/tasks.o
 .bss.xNextTaskUnblockTime
                0x0000000020000cc0        0x4 ./Middlewares/Third_Party/FreeRTOS/Source/tasks.o
 .bss.xIdleTaskHandle
                0x0000000020000cc4        0x4 ./Middlewares/Third_Party/FreeRTOS/Source/tasks.o
 .bss.uxSchedulerSuspended
                0x0000000020000cc8        0x4 ./Middlewares/Third_Party/FreeRTOS/Source/tasks.o
 .bss.xActiveTimerList1
                0x0000000020000ccc       0x14 ./Middlewares/Third_Party/FreeRTOS/Source/timers.o
 .bss.xActiveTimerList2
                0x0000000020000ce0       0x14 ./Middlewares/Third_Party/FreeRTOS/Source/timers.o
 .bss.pxCurrentTimerList
                0x0000000020000cf4        0x4 ./Middlewares/Third_Party/FreeRTOS/Source/timers.o
 .bss.pxOverflowTimerList
                0x0000000020000cf8        0x4 ./Middlewares/Third_Party/FreeRTOS/Source/timers.o
 .bss.xTimerQueue
                0x0000000020000cfc        0x4 ./Middlewares/Third_Party/FreeRTOS/Source/timers.o
 .bss.xTimerTaskHandle
                0x0000000020000d00        0x4 ./Middlewares/Third_Party/FreeRTOS/Source/timers.o
 .bss.xLastTime.2
                0x0000000020000d04        0x4 ./Middlewares/Third_Party/FreeRTOS/Source/timers.o
 .bss.ucStaticTimerQueueStorage.1
                0x0000000020000d08       0xa0 ./Middlewares/Third_Party/FreeRTOS/Source/timers.o
 .bss.xStaticTimerQueue.0
                0x0000000020000da8       0x50 ./Middlewares/Third_Party/FreeRTOS/Source/timers.o
 .bss.ucMaxSysCallPriority
                0x0000000020000df8        0x1 ./Middlewares/Third_Party/FreeRTOS/Source/portable/GCC/ARM_CM3/port.o
 *fill*         0x0000000020000df9        0x3 
 .bss.ulMaxPRIGROUPValue
                0x0000000020000dfc        0x4 ./Middlewares/Third_Party/FreeRTOS/Source/portable/GCC/ARM_CM3/port.o
 .bss.ucHeap    0x0000000020000e00      0xc00 ./Middlewares/Third_Party/FreeRTOS/Source/portable/MemMang/heap_4.o
 .bss.xStart    0x0000000020001a00        0x8 ./Middlewares/Third_Party/FreeRTOS/Source/portable/MemMang/heap_4.o
 .bss.pxEnd     0x0000000020001a08        0x4 ./Middlewares/Third_Party/FreeRTOS/Source/portable/MemMang/heap_4.o
 .bss.xFreeBytesRemaining
                0x0000000020001a0c        0x4 ./Middlewares/Third_Party/FreeRTOS/Source/portable/MemMang/heap_4.o
 .bss.xMinimumEverFreeBytesRemaining
                0x0000000020001a10        0x4 ./Middlewares/Third_Party/FreeRTOS/Source/portable/MemMang/heap_4.o
 .bss.xBlockAllocatedBit
                0x0000000020001a14        0x4 ./Middlewares/Third_Party/FreeRTOS/Source/portable/MemMang/heap_4.o
 .bss._ZN12_GLOBAL__N_113__new_handlerE
                0x0000000020001a18        0x4 /opt/st/stm32cubeide_1.14.0/plugins/com.st.stm32cube.ide.mcu.externaltools.gnu-tools-for-stm32.11.3.rel1.linux64_1.1.100.202309141235/tools/bin/../lib/gcc/arm-none-eabi/11.3.1/../../../../arm-none-eabi/lib/thumb/v7-m/nofp/libstdc++_nano.a(new_handler.o)
 .bss.__malloc_free_list
                0x0000000020001a1c        0x4 /opt/st/stm32cubeide_1.14.0/plugins/com.st.stm32cube.ide.mcu.externaltools.gnu-tools-for-stm32.11.3.rel1.linux64_1.1.100.202309141235/tools/bin/../lib/gcc/arm-none-eabi/11.3.1/../../../../arm-none-eabi/lib/thumb/v7-m/nofp/libc_nano.a(libc_a-mallocr.o)
                0x0000000020001a1c                __malloc_free_list
 .bss.__malloc_sbrk_start
                0x0000000020001a20        0x4 /opt/st/stm32cubeide_1.14.0/plugins/com.st.stm32cube.ide.mcu.externaltools.gnu-tools-for-stm32.11.3.rel1.linux64_1.1.100.202309141235/tools/bin/../lib/gcc/arm-none-eabi/11.3.1/../../../../arm-none-eabi/lib/thumb/v7-m/nofp/libc_nano.a(libc_a-mallocr.o)
                0x0000000020001a20                __malloc_sbrk_start
 .bss.__sf      0x0000000020001a24      0x138 /opt/st/stm32cubeide_1.14.0/plugins/com.st.stm32cube.ide.mcu.externaltools.gnu-tools-for-stm32.11.3.rel1.linux64_1.1.100.202309141235/tools/bin/../lib/gcc/arm-none-eabi/11.3.1/../../../../arm-none-eabi/lib/thumb/v7-m/nofp/libc_nano.a(libc_a-findfp.o)
                0x0000000020001a24                __sf
 .bss.errno     0x0000000020001b5c        0x4 /opt/st/stm32cubeide_1.14.0/plugins/com.st.stm32cube.ide.mcu.externaltools.gnu-tools-for-stm32.11.3.rel1.linux64_1.1.100.202309141235/tools/bin/../lib/gcc/arm-none-eabi/11.3.1/../../../../arm-none-eabi/lib/thumb/v7-m/nofp/libc_nano.a(libc_a-reent.o)
                0x0000000020001b5c                errno
 .bss.__lock___malloc_recursive_mutex
                0x0000000020001b60        0x1 /opt/st/stm32cubeide_1.14.0/plugins/com.st.stm32cube.ide.mcu.externaltools.gnu-tools-for-stm32.11.3.rel1.linux64_1.1.100.202309141235/tools/bin/../lib/gcc/arm-none-eabi/11.3.1/../../../../arm-none-eabi/lib/thumb/v7-m/nofp/libc_nano.a(libc_a-lock.o)
                0x0000000020001b60                __lock___malloc_recursive_mutex
 *(COMMON)
                0x0000000020001b64                . = ALIGN (0x4)
 *fill*         0x0000000020001b61        0x3 
                0x0000000020001b64                _ebss = .
                0x0000000020001b64                __bss_end__ = _ebss

._user_heap_stack
                0x0000000020001b64      0x604 load address 0x00000000080055a8
                0x0000000020001b68                . = ALIGN (0x8)
 *fill*         0x0000000020001b64        0x4 
                [!provide]                        PROVIDE (end = .)
                0x0000000020001b68                PROVIDE (_end = .)
                0x0000000020001d68                . = (. + _Min_Heap_Size)
 *fill*         0x0000000020001b68      0x200 
                0x0000000020002168                . = (. + _Min_Stack_Size)
 *fill*         0x0000000020001d68      0x400 
                0x0000000020002168                . = ALIGN (0x8)

/DISCARD/
 libc.a(*)
 libm.a(*)
 libgcc.a(*)

.ARM.attributes
                0x0000000000000000       0x29
 *(.ARM.attributes)
 .ARM.attributes
                0x0000000000000000       0x1d /opt/st/stm32cubeide_1.14.0/plugins/com.st.stm32cube.ide.mcu.externaltools.gnu-tools-for-stm32.11.3.rel1.linux64_1.1.100.202309141235/tools/bin/../lib/gcc/arm-none-eabi/11.3.1/thumb/v7-m/nofp/crti.o
 .ARM.attributes
                0x000000000000001d       0x2d /opt/st/stm32cubeide_1.14.0/plugins/com.st.stm32cube.ide.mcu.externaltools.gnu-tools-for-stm32.11.3.rel1.linux64_1.1.100.202309141235/tools/bin/../lib/gcc/arm-none-eabi/11.3.1/thumb/v7-m/nofp/crtbegin.o
 .ARM.attributes
                0x000000000000004a       0x2d ./Core/Src/UML_FSM.o
 .ARM.attributes
                0x0000000000000077       0x2d ./Core/Src/main.o
 .ARM.attributes
                0x00000000000000a4       0x2d ./Core/Src/stm32f1xx_hal_msp.o
 .ARM.attributes
                0x00000000000000d1       0x2d ./Core/Src/stm32f1xx_hal_timebase_tim.o
 .ARM.attributes
                0x00000000000000fe       0x2d ./Core/Src/stm32f1xx_it.o
 .ARM.attributes
                0x000000000000012b       0x2d ./Core/Src/syscalls.o
 .ARM.attributes
                0x0000000000000158       0x2d ./Core/Src/sysmem.o
 .ARM.attributes
                0x0000000000000185       0x2d ./Core/Src/system_stm32f1xx.o
 .ARM.attributes
                0x00000000000001b2       0x21 ./Core/Startup/startup_stm32f103c8tx.o
 .ARM.attributes
                0x00000000000001d3       0x2d ./Drivers/STM32F1xx_HAL_Driver/Src/stm32f1xx_hal.o
 .ARM.attributes
                0x0000000000000200       0x2d ./Drivers/STM32F1xx_HAL_Driver/Src/stm32f1xx_hal_cortex.o
 .ARM.attributes
                0x000000000000022d       0x2d ./Drivers/STM32F1xx_HAL_Driver/Src/stm32f1xx_hal_gpio.o
 .ARM.attributes
                0x000000000000025a       0x2d ./Drivers/STM32F1xx_HAL_Driver/Src/stm32f1xx_hal_rcc.o
 .ARM.attributes
                0x0000000000000287       0x2d ./Drivers/STM32F1xx_HAL_Driver/Src/stm32f1xx_hal_tim.o
 .ARM.attributes
                0x00000000000002b4       0x2d ./Drivers/STM32F1xx_HAL_Driver/Src/stm32f1xx_hal_tim_ex.o
 .ARM.attributes
                0x00000000000002e1       0x2d ./Middlewares/Third_Party/FreeRTOS/Source/CMSIS_RTOS_V2/cmsis_os2.o
 .ARM.attributes
                0x000000000000030e       0x2d ./Middlewares/Third_Party/FreeRTOS/Source/list.o
 .ARM.attributes
                0x000000000000033b       0x2d ./Middlewares/Third_Party/FreeRTOS/Source/queue.o
 .ARM.attributes
                0x0000000000000368       0x2d ./Middlewares/Third_Party/FreeRTOS/Source/tasks.o
 .ARM.attributes
                0x0000000000000395       0x2d ./Middlewares/Third_Party/FreeRTOS/Source/timers.o
 .ARM.attributes
                0x00000000000003c2       0x2d ./Middlewares/Third_Party/FreeRTOS/Source/portable/GCC/ARM_CM3/port.o
 .ARM.attributes
                0x00000000000003ef       0x2d ./Middlewares/Third_Party/FreeRTOS/Source/portable/MemMang/heap_4.o
 .ARM.attributes
                0x000000000000041c       0x2d /opt/st/stm32cubeide_1.14.0/plugins/com.st.stm32cube.ide.mcu.externaltools.gnu-tools-for-stm32.11.3.rel1.linux64_1.1.100.202309141235/tools/bin/../lib/gcc/arm-none-eabi/11.3.1/../../../../arm-none-eabi/lib/thumb/v7-m/nofp/libstdc++_nano.a(del_ops.o)
 .ARM.attributes
                0x0000000000000449       0x2d /opt/st/stm32cubeide_1.14.0/plugins/com.st.stm32cube.ide.mcu.externaltools.gnu-tools-for-stm32.11.3.rel1.linux64_1.1.100.202309141235/tools/bin/../lib/gcc/arm-none-eabi/11.3.1/../../../../arm-none-eabi/lib/thumb/v7-m/nofp/libstdc++_nano.a(new_op.o)
 .ARM.attributes
                0x0000000000000476       0x2d /opt/st/stm32cubeide_1.14.0/plugins/com.st.stm32cube.ide.mcu.externaltools.gnu-tools-for-stm32.11.3.rel1.linux64_1.1.100.202309141235/tools/bin/../lib/gcc/arm-none-eabi/11.3.1/../../../../arm-none-eabi/lib/thumb/v7-m/nofp/libstdc++_nano.a(functexcept.o)
 .ARM.attributes
                0x00000000000004a3       0x2d /opt/st/stm32cubeide_1.14.0/plugins/com.st.stm32cube.ide.mcu.externaltools.gnu-tools-for-stm32.11.3.rel1.linux64_1.1.100.202309141235/tools/bin/../lib/gcc/arm-none-eabi/11.3.1/../../../../arm-none-eabi/lib/thumb/v7-m/nofp/libstdc++_nano.a(snprintf_lite.o)
 .ARM.attributes
                0x00000000000004d0       0x2d /opt/st/stm32cubeide_1.14.0/plugins/com.st.stm32cube.ide.mcu.externaltools.gnu-tools-for-stm32.11.3.rel1.linux64_1.1.100.202309141235/tools/bin/../lib/gcc/arm-none-eabi/11.3.1/../../../../arm-none-eabi/lib/thumb/v7-m/nofp/libstdc++_nano.a(del_op.o)
 .ARM.attributes
                0x00000000000004fd       0x2d /opt/st/stm32cubeide_1.14.0/plugins/com.st.stm32cube.ide.mcu.externaltools.gnu-tools-for-stm32.11.3.rel1.linux64_1.1.100.202309141235/tools/bin/../lib/gcc/arm-none-eabi/11.3.1/../../../../arm-none-eabi/lib/thumb/v7-m/nofp/libstdc++_nano.a(new_handler.o)
 .ARM.attributes
                0x000000000000052a       0x2d /opt/st/stm32cubeide_1.14.0/plugins/com.st.stm32cube.ide.mcu.externaltools.gnu-tools-for-stm32.11.3.rel1.linux64_1.1.100.202309141235/tools/bin/../lib/gcc/arm-none-eabi/11.3.1/../../../../arm-none-eabi/lib/thumb/v7-m/nofp/libc_nano.a(libc_a-abort.o)
 .ARM.attributes
                0x0000000000000557       0x2d /opt/st/stm32cubeide_1.14.0/plugins/com.st.stm32cube.ide.mcu.externaltools.gnu-tools-for-stm32.11.3.rel1.linux64_1.1.100.202309141235/tools/bin/../lib/gcc/arm-none-eabi/11.3.1/../../../../arm-none-eabi/lib/thumb/v7-m/nofp/libc_nano.a(libc_a-malloc.o)
 .ARM.attributes
                0x0000000000000584       0x2d /opt/st/stm32cubeide_1.14.0/plugins/com.st.stm32cube.ide.mcu.externaltools.gnu-tools-for-stm32.11.3.rel1.linux64_1.1.100.202309141235/tools/bin/../lib/gcc/arm-none-eabi/11.3.1/../../../../arm-none-eabi/lib/thumb/v7-m/nofp/libc_nano.a(libc_a-mallocr.o)
 .ARM.attributes