../Core/Src/main.cpp:156:5:int main()	8	static
../Core/Src/main.cpp:243:6:void SystemClock_Config()	72	static
../Core/Src/main.cpp:280:13:void MX_GPIO_Init()	32	static
../Core/Src/main.cpp:305:6:void f_stateBlinkShort()	24	static
../Core/Src/main.cpp:319:6:void f_stateBlinkLong()	24	static
../Core/Src/main.cpp:332:6:void f_stateBlinkReal()	24	static
../Core/Src/main.cpp:346:6:void f_stateWhaitTimer()	8	static
../Core/Src/main.cpp:363:6:void fTaskFSM1(void*)	16	static
../Core/Src/main.cpp:382:6:void fTaskFSM2(void*)	16	static
../Core/Src/main.cpp:395:6:void TimerCallback(void*)	16	static
../Core/Src/main.cpp:410:6:void HAL_TIM_PeriodElapsedCallback(TIM_HandleTypeDef*)	16	static
../Core/Src/main.cpp:427:6:void Error_Handler()	4	static,ignoring_inline_asm
../Core/Src/main.cpp:436:1:void __static_initialization_and_destruction_0(int, int)	24	static
../Core/Src/main.cpp:436:1:cpp)	8	static
../Core/Src/main.cpp:436:1:cpp)	8	static
