../Core/Src/main.cpp:140:6:void stateOsDelay(uint32_t)	16	static
../Core/Src/main.cpp:162:5:int main()	8	static
../Core/Src/main.cpp:253:6:void SystemClock_Config()	72	static
../Core/Src/main.cpp:290:13:void MX_GPIO_Init()	32	static
../Core/Src/main.cpp:315:6:void f_stateBlinkShort()	24	static
../Core/Src/main.cpp:329:6:void f_stateBlinkLong()	24	static
../Core/Src/main.cpp:342:6:void f_stateBlinkReal()	24	static
../Core/Src/main.cpp:356:6:void f_stateWhaitTimer()	8	static
../Core/Src/main.cpp:365:6:void f_choiseBlink()	8	static
../Core/Src/main.cpp:385:6:void fTaskFSM1(void*)	16	static
../Core/Src/main.cpp:404:6:void fTaskFSM2(void*)	16	static
../Core/Src/main.cpp:417:6:void TimerCallback(void*)	16	static
../Core/Src/main.cpp:432:6:void HAL_TIM_PeriodElapsedCallback(TIM_HandleTypeDef*)	16	static
../Core/Src/main.cpp:449:6:void Error_Handler()	4	static,ignoring_inline_asm
../Core/Src/main.cpp:458:1:void __static_initialization_and_destruction_0(int, int)	24	static
../Core/Src/main.cpp:458:1:cpp)	8	static
../Core/Src/main.cpp:458:1:cpp)	8	static
